Archive member included to satisfy reference by file (symbol)

c:/program files (x86)/gnu arm embedded toolchain/10 2021.10/bin/../lib/gcc/arm-none-eabi/10.3.1/../../../../arm-none-eabi/lib/thumb/v7-m/nofp\libg_nano.a(lib_a-fflush.o)
                              ./output/startup_gcc.o (fflush)
c:/program files (x86)/gnu arm embedded toolchain/10 2021.10/bin/../lib/gcc/arm-none-eabi/10.3.1/../../../../arm-none-eabi/lib/thumb/v7-m/nofp\libg_nano.a(lib_a-findfp.o)
                              c:/program files (x86)/gnu arm embedded toolchain/10 2021.10/bin/../lib/gcc/arm-none-eabi/10.3.1/../../../../arm-none-eabi/lib/thumb/v7-m/nofp\libg_nano.a(lib_a-fflush.o) (__sinit)
c:/program files (x86)/gnu arm embedded toolchain/10 2021.10/bin/../lib/gcc/arm-none-eabi/10.3.1/../../../../arm-none-eabi/lib/thumb/v7-m/nofp\libg_nano.a(lib_a-fwalk.o)
                              c:/program files (x86)/gnu arm embedded toolchain/10 2021.10/bin/../lib/gcc/arm-none-eabi/10.3.1/../../../../arm-none-eabi/lib/thumb/v7-m/nofp\libg_nano.a(lib_a-findfp.o) (_fwalk)
c:/program files (x86)/gnu arm embedded toolchain/10 2021.10/bin/../lib/gcc/arm-none-eabi/10.3.1/../../../../arm-none-eabi/lib/thumb/v7-m/nofp\libg_nano.a(lib_a-impure.o)
                              c:/program files (x86)/gnu arm embedded toolchain/10 2021.10/bin/../lib/gcc/arm-none-eabi/10.3.1/../../../../arm-none-eabi/lib/thumb/v7-m/nofp\libg_nano.a(lib_a-fflush.o) (_global_impure_ptr)
c:/program files (x86)/gnu arm embedded toolchain/10 2021.10/bin/../lib/gcc/arm-none-eabi/10.3.1/../../../../arm-none-eabi/lib/thumb/v7-m/nofp\libg_nano.a(lib_a-lock.o)
                              c:/program files (x86)/gnu arm embedded toolchain/10 2021.10/bin/../lib/gcc/arm-none-eabi/10.3.1/../../../../arm-none-eabi/lib/thumb/v7-m/nofp\libg_nano.a(lib_a-findfp.o) (__retarget_lock_init_recursive)
c:/program files (x86)/gnu arm embedded toolchain/10 2021.10/bin/../lib/gcc/arm-none-eabi/10.3.1/../../../../arm-none-eabi/lib/thumb/v7-m/nofp\libg_nano.a(lib_a-memcmp.o)
                              ./output/MessageBufferDemo.o (memcmp)
c:/program files (x86)/gnu arm embedded toolchain/10 2021.10/bin/../lib/gcc/arm-none-eabi/10.3.1/../../../../arm-none-eabi/lib/thumb/v7-m/nofp\libg_nano.a(lib_a-memcpy-stub.o)
                              ./output/queue.o (memcpy)
c:/program files (x86)/gnu arm embedded toolchain/10 2021.10/bin/../lib/gcc/arm-none-eabi/10.3.1/../../../../arm-none-eabi/lib/thumb/v7-m/nofp\libg_nano.a(lib_a-memset.o)
                              ./output/tasks.o (memset)
c:/program files (x86)/gnu arm embedded toolchain/10 2021.10/bin/../lib/gcc/arm-none-eabi/10.3.1/../../../../arm-none-eabi/lib/thumb/v7-m/nofp\libg_nano.a(lib_a-nano-freer.o)
                              c:/program files (x86)/gnu arm embedded toolchain/10 2021.10/bin/../lib/gcc/arm-none-eabi/10.3.1/../../../../arm-none-eabi/lib/thumb/v7-m/nofp\libg_nano.a(lib_a-fflush.o) (_free_r)
c:/program files (x86)/gnu arm embedded toolchain/10 2021.10/bin/../lib/gcc/arm-none-eabi/10.3.1/../../../../arm-none-eabi/lib/thumb/v7-m/nofp\libg_nano.a(lib_a-nano-mallocr.o)
                              c:/program files (x86)/gnu arm embedded toolchain/10 2021.10/bin/../lib/gcc/arm-none-eabi/10.3.1/../../../../arm-none-eabi/lib/thumb/v7-m/nofp\libg_nano.a(lib_a-findfp.o) (_malloc_r)
c:/program files (x86)/gnu arm embedded toolchain/10 2021.10/bin/../lib/gcc/arm-none-eabi/10.3.1/../../../../arm-none-eabi/lib/thumb/v7-m/nofp\libg_nano.a(lib_a-rand.o)
                              ./output/tasks.o (srand)
c:/program files (x86)/gnu arm embedded toolchain/10 2021.10/bin/../lib/gcc/arm-none-eabi/10.3.1/../../../../arm-none-eabi/lib/thumb/v7-m/nofp\libg_nano.a(lib_a-sbrkr.o)
                              c:/program files (x86)/gnu arm embedded toolchain/10 2021.10/bin/../lib/gcc/arm-none-eabi/10.3.1/../../../../arm-none-eabi/lib/thumb/v7-m/nofp\libg_nano.a(lib_a-nano-mallocr.o) (_sbrk_r)
c:/program files (x86)/gnu arm embedded toolchain/10 2021.10/bin/../lib/gcc/arm-none-eabi/10.3.1/../../../../arm-none-eabi/lib/thumb/v7-m/nofp\libg_nano.a(lib_a-stdio.o)
                              c:/program files (x86)/gnu arm embedded toolchain/10 2021.10/bin/../lib/gcc/arm-none-eabi/10.3.1/../../../../arm-none-eabi/lib/thumb/v7-m/nofp\libg_nano.a(lib_a-findfp.o) (__sread)
c:/program files (x86)/gnu arm embedded toolchain/10 2021.10/bin/../lib/gcc/arm-none-eabi/10.3.1/../../../../arm-none-eabi/lib/thumb/v7-m/nofp\libg_nano.a(lib_a-strcmp.o)
                              ./output/MessageBufferAMP.o (strcmp)
c:/program files (x86)/gnu arm embedded toolchain/10 2021.10/bin/../lib/gcc/arm-none-eabi/10.3.1/../../../../arm-none-eabi/lib/thumb/v7-m/nofp\libg_nano.a(lib_a-strlen.o)
                              ./output/tasks.o (strlen)
c:/program files (x86)/gnu arm embedded toolchain/10 2021.10/bin/../lib/gcc/arm-none-eabi/10.3.1/../../../../arm-none-eabi/lib/thumb/v7-m/nofp\libg_nano.a(lib_a-writer.o)
[...]
Memory Configuration

Name             Origin             Length             Attributes
FLASH            0x00000000         0x00400000         xr
RAM              0x20000000         0x00400000         rw
*default*        0x00000000         0xffffffff

Linker script and memory map

LOAD ./output/tasks.o
LOAD ./output/list.o
LOAD ./output/queue.o
LOAD ./output/timers.o
LOAD ./output/event_groups.o
LOAD ./output/stream_buffer.o
LOAD ./output/heap_4.o
LOAD ./output/port.o
LOAD ./output/AbortDelay.o
LOAD ./output/BlockQ.o
LOAD ./output/blocktim.o
LOAD ./output/countsem.o
LOAD ./output/death.o
LOAD ./output/dynamic.o
LOAD ./output/EventGroupsDemo.o
LOAD ./output/GenQTest.o
LOAD ./output/integer.o
LOAD ./output/IntQueue.o
LOAD ./output/IntQueueTimer.o
LOAD ./output/IntSemTest.o
LOAD ./output/MessageBufferAMP.o
LOAD ./output/MessageBufferDemo.o
LOAD ./output/PollQ.o
LOAD ./output/QPeek.o
LOAD ./output/QueueOverwrite.o
LOAD ./output/QueueSet.o
LOAD ./output/QueueSetPolling.o
LOAD ./output/recmutex.o
LOAD ./output/semtest.o
LOAD ./output/StaticAllocation.o
LOAD ./output/StreamBufferDemo.o
LOAD ./output/StreamBufferInterrupt.o
LOAD ./output/TaskNotify.o
LOAD ./output/TaskNotifyArray.o
LOAD ./output/TimerDemo.o
LOAD ./output/main.o
LOAD ./output/main_blinky.o
LOAD ./output/main_full.o
LOAD ./output/startup_gcc.o
LOAD ./output/printf-stdarg.o
                0x00000008                _Min_Heap_Size = 0x8
                0x00000400                _Min_Stack_Size = 0x400
                0x20400000                _estack = (ORIGIN (RAM) + LENGTH (RAM))

.isr_vector     0x00000000       0x78
                0x00000000                __vector_table = .
 *(.isr_vector)
 .isr_vector    0x00000000       0x78 ./output/startup_gcc.o
                0x00000000                isr_vector
                0x00000078                . = ALIGN (0x4)

.text           0x00000078      0x43e
 *(.text)
 .text          0x00000078       0x10 c:/program files (x86)/gnu arm embedded toolchain/10 2021.10/bin/../lib/gcc/arm-none-eabi/10.3.1/../../../../arm-none-eabi/lib/thumb/v7-m/nofp\libg_nano.a(lib_a-strlen.o)
                0x00000078                strlen
 *(.rodata*)
 .rodata        0x00000088       0x61 ./output/tasks.o
 *fill*         0x000000e9        0x3 
 .rodata        0x000000ec       0x1e ./output/queue.o
 *fill*         0x0000010a        0x2 
 .rodata        0x0000010c       0x2d ./output/timers.o
 *fill*         0x00000139        0x3 
 .rodata        0x0000013c       0x30 ./output/heap_4.o
 .rodata        0x0000016c       0x32 ./output/port.o
 *fill*         0x0000019e        0x2 
 .rodata        0x000001a0      0x157 ./output/main.o
 *fill*         0x000002f7        0x1 
 .rodata        0x000002f8       0x36 ./output/startup_gcc.o
 *fill*         0x0000032e        0x2 
 .rodata        0x00000330        0x7 ./output/printf-stdarg.o
 *fill*         0x00000337        0x1 
 .rodata.__sf_fake_stderr
                0x00000338       0x20 c:/program files (x86)/gnu arm embedded toolchain/10 2021.10/bin/../lib/gcc/arm-none-eabi/10.3.1/../../../../arm-none-eabi/lib/thumb/v7-m/nofp\libg_nano.a(lib_a-findfp.o)
                0x00000338                __sf_fake_stderr
 .rodata.__sf_fake_stdin
                0x00000358       0x20 c:/program files (x86)/gnu arm embedded toolchain/10 2021.10/bin/../lib/gcc/arm-none-eabi/10.3.1/../../../../arm-none-eabi/lib/thumb/v7-m/nofp\libg_nano.a(lib_a-findfp.o)
                0x00000358                __sf_fake_stdin
 .rodata.__sf_fake_stdout
                0x00000378       0x20 c:/program files (x86)/gnu arm embedded toolchain/10 2021.10/bin/../lib/gcc/arm-none-eabi/10.3.1/../../../../arm-none-eabi/lib/thumb/v7-m/nofp\libg_nano.a(lib_a-findfp.o)
                0x00000378                __sf_fake_stdout
 .rodata._global_impure_ptr
                0x00000398        0x4 c:/program files (x86)/gnu arm embedded toolchain/10 2021.10/bin/../lib/gcc/arm-none-eabi/10.3.1/../../../../arm-none-eabi/lib/thumb/v7-m/nofp\libg_nano.a(lib_a-impure.o)
                0x00000398                _global_impure_ptr
 .rodata.srand.str1.1
                0x0000039c       0x95 c:/program files (x86)/gnu arm embedded toolchain/10 2021.10/bin/../lib/gcc/arm-none-eabi/10.3.1/../../../../arm-none-eabi/lib/thumb/v7-m/nofp\libg_nano.a(lib_a-rand.o)
 .rodata.__assert_func.str1.1
                0x00000431       0x3c c:/program files (x86)/gnu arm embedded toolchain/10 2021.10/bin/../lib/gcc/arm-none-eabi/10.3.1/../../../../arm-none-eabi/lib/thumb/v7-m/nofp\libg_nano.a(lib_a-assert.o)
                                 0x3d (size before relaxing)
 .rodata._vfprintf_r.str1.1
                0x0000046d       0x11 c:/program files (x86)/gnu arm embedded toolchain/10 2021.10/bin/../lib/gcc/arm-none-eabi/10.3.1/../../../../arm-none-eabi/lib/thumb/v7-m/nofp\libg_nano.a(lib_a-nano-vfprintf.o)
 .rodata._printf_i.str1.1
                0x0000047e       0x22 c:/program files (x86)/gnu arm embedded toolchain/10 2021.10/bin/../lib/gcc/arm-none-eabi/10.3.1/../../../../arm-none-eabi/lib/thumb/v7-m/nofp\libg_nano.a(lib_a-nano-vfprintf_i.o)
 .rodata._get_semihosting_exts.str1.1
                0x000004a0       0x16 c:/program files (x86)/gnu arm embedded toolchain/10 2021.10/bin/../lib/gcc/arm-none-eabi/10.3.1/../../../../arm-none-eabi/lib/thumb/v7-m/nofp\librdimon_nano.a(rdimon-syscalls.o)
 *(.constdata*)
                0x000004b6                _etext = .
                0x000004b6                _sidata = .

.glue_7         0x000004b8        0x0
 .glue_7        0x000004b8        0x0 linker stubs

.glue_7t        0x000004b8        0x0
 .glue_7t       0x000004b8        0x0 linker stubs

.vfp11_veneer   0x000004b8        0x0
 .vfp11_veneer  0x000004b8        0x0 linker stubs

.v4_bx          0x000004b8        0x0
 .v4_bx         0x000004b8        0x0 linker stubs

.text.xTaskCreate
                0x000004b6       0x90
 .text.xTaskCreate
                0x000004b6       0x90 ./output/tasks.o
                0x000004b6                xTaskCreate

.text.prvInitialiseNewTask
                0x00000548      0x130
 .text.prvInitialiseNewTask
                0x00000548      0x130 ./output/tasks.o

.text.prvAddNewTaskToReadyList
                0x00000678      0x124
 .text.prvAddNewTaskToReadyList
                0x00000678      0x124 ./output/tasks.o

.text.vTaskStartScheduler
                0x0000079c      0x14c
 .text.vTaskStartScheduler
                0x0000079c      0x14c ./output/tasks.o
                0x0000079c                vTaskStartScheduler

.text.vTaskSuspendAll
                0x000008e8       0x1c
 .text.vTaskSuspendAll
                0x000008e8       0x1c ./output/tasks.o
                0x000008e8                vTaskSuspendAll

.text.xTaskResumeAll
                0x00000904      0x1f0
 .text.xTaskResumeAll
                0x00000904      0x1f0 ./output/tasks.o
                0x00000904                xTaskResumeAll

.text.xTaskGetTickCount
                0x00000af4       0x1c
 .text.xTaskGetTickCount
                0x00000af4       0x1c ./output/tasks.o
                0x00000af4                xTaskGetTickCount

.text.uxTaskGetNumberOfTasks
                0x00000b10       0x14
 .text.uxTaskGetNumberOfTasks
                0x00000b10       0x14 ./output/tasks.o
                0x00000b10                uxTaskGetNumberOfTasks

.text.xTaskIncrementTick
                0x00000b24      0x234
 .text.xTaskIncrementTick
                0x00000b24      0x234 ./output/tasks.o
                0x00000b24                xTaskIncrementTick

.text.vTaskSwitchContext
                0x00000d58      0x128
 .text.vTaskSwitchContext
                0x00000d58      0x128 ./output/tasks.o
                0x00000d58                vTaskSwitchContext

.text.vTaskPlaceOnEventList
                0x00000e80       0x40
 .text.vTaskPlaceOnEventList
                0x00000e80       0x40 ./output/tasks.o
                0x00000e80                vTaskPlaceOnEventList

.text.vTaskPlaceOnEventListRestricted
                0x00000ec0       0x84
 .text.vTaskPlaceOnEventListRestricted
                0x00000ec0       0x84 ./output/tasks.o
                0x00000ec0                vTaskPlaceOnEventListRestricted

.text.xTaskRemoveFromEventList
                0x00000f44      0x1a0
 .text.xTaskRemoveFromEventList
                0x00000f44      0x1a0 ./output/tasks.o
                0x00000f44                xTaskRemoveFromEventList

.text.vTaskInternalSetTimeOutState
                0x000010e4       0x2c
 .text.vTaskInternalSetTimeOutState
                0x000010e4       0x2c ./output/tasks.o
                0x000010e4                vTaskInternalSetTimeOutState

.text.xTaskCheckForTimeOut
                0x00001110       0xd8
 .text.xTaskCheckForTimeOut
                0x00001110       0xd8 ./output/tasks.o
                0x00001110                xTaskCheckForTimeOut

.text.vTaskMissedYield
                0x000011e8       0x18
 .text.vTaskMissedYield
                0x000011e8       0x18 ./output/tasks.o
                0x000011e8                vTaskMissedYield

.text.prvIdleTask
                0x00001200        0xe
 .text.prvIdleTask
                0x00001200        0xe ./output/tasks.o

.text.prvInitialiseTaskLists
                0x00001210       0x80
 .text.prvInitialiseTaskLists
                0x00001210       0x80 ./output/tasks.o

.text.prvCheckTasksWaitingTermination
                0x00001290       0x5c
 .text.prvCheckTasksWaitingTermination
                0x00001290       0x5c ./output/tasks.o

.text.prvDeleteTCB
                0x000012ec       0x20
 .text.prvDeleteTCB
                0x000012ec       0x20 ./output/tasks.o

.text.prvResetNextTaskUnblockTime
                0x0000130c       0x34
 .text.prvResetNextTaskUnblockTime
                0x0000130c       0x34 ./output/tasks.o

.text.xTaskGetSchedulerState
                0x00001340       0x3c
 .text.xTaskGetSchedulerState
                0x00001340       0x3c ./output/tasks.o
                0x00001340                xTaskGetSchedulerState

.text.xTaskPriorityDisinherit
                0x0000137c      0x130
 .text.xTaskPriorityDisinherit
                0x0000137c      0x130 ./output/tasks.o
                0x0000137c                xTaskPriorityDisinherit

.text.prvAddCurrentTaskToDelayedList
                0x000014ac      0x108
 .text.prvAddCurrentTaskToDelayedList
                0x000014ac      0x108 ./output/tasks.o

.iplt           0x000015b4        0x0
 .iplt          0x000015b4        0x0 ./output/tasks.o

.text.vListInitialise
                0x000015b4       0x3e
 .text.vListInitialise
                0x000015b4       0x3e ./output/list.o
                0x000015b4                vListInitialise

.text.vListInitialiseItem
                0x000015f2       0x18
 .text.vListInitialiseItem
                0x000015f2       0x18 ./output/list.o
                0x000015f2                vListInitialiseItem

.text.vListInsert
                0x0000160a       0x70
 .text.vListInsert
                0x0000160a       0x70 ./output/list.o
                0x0000160a                vListInsert

.text.uxListRemove
                0x0000167a       0x52
 .text.uxListRemove
                0x0000167a       0x52 ./output/list.o
                0x0000167a                uxListRemove

.text.xQueueGenericReset
                0x000016cc      0x10c
 .text.xQueueGenericReset
                0x000016cc      0x10c ./output/queue.o
                0x000016cc                xQueueGenericReset

.text.xQueueGenericCreate
                0x000017d8       0x94
 .text.xQueueGenericCreate
                0x000017d8       0x94 ./output/queue.o
                0x000017d8                xQueueGenericCreate

.text.prvInitialiseNewQueue
                0x0000186c       0x44
 .text.prvInitialiseNewQueue
                0x0000186c       0x44 ./output/queue.o

.text.xQueueGenericSendFromISR
                0x000018b0      0x168
 .text.xQueueGenericSendFromISR
                0x000018b0      0x168 ./output/queue.o
                0x000018b0                xQueueGenericSendFromISR

.text.xQueueReceive
                0x00001a18      0x1a0
 .text.xQueueReceive
                0x00001a18      0x1a0 ./output/queue.o
                0x00001a18                xQueueReceive

.text.xQueueReceiveFromISR
                0x00001bb8      0x110
 .text.xQueueReceiveFromISR
                0x00001bb8      0x110 ./output/queue.o
                0x00001bb8                xQueueReceiveFromISR

.text.prvCopyDataToQueue
                0x00001cc8       0xd4
 .text.prvCopyDataToQueue
                0x00001cc8       0xd4 ./output/queue.o

.text.prvCopyDataFromQueue
                0x00001d9c       0x4c
 .text.prvCopyDataFromQueue
                0x00001d9c       0x4c ./output/queue.o

.text.prvUnlockQueue
                0x00001de8       0xbe
 .text.prvUnlockQueue
                0x00001de8       0xbe ./output/queue.o

.text.prvIsQueueEmpty
                0x00001ea6       0x2c
 .text.prvIsQueueEmpty
                0x00001ea6       0x2c ./output/queue.o

.text.xQueueIsQueueFullFromISR
                0x00001ed4       0x40
 .text.xQueueIsQueueFullFromISR
                0x00001ed4       0x40 ./output/queue.o
                0x00001ed4                xQueueIsQueueFullFromISR

.text.vQueueAddToRegistry
                0x00001f14       0x90
 .text.vQueueAddToRegistry
                0x00001f14       0x90 ./output/queue.o
                0x00001f14                vQueueAddToRegistry

.text.vQueueWaitForMessageRestricted
                0x00001fa4       0x68
 .text.vQueueWaitForMessageRestricted
                0x00001fa4       0x68 ./output/queue.o
                0x00001fa4                vQueueWaitForMessageRestricted

.text.prvNotifyQueueSetContainer
                0x0000200c       0xc0
 .text.prvNotifyQueueSetContainer
                0x0000200c       0xc0 ./output/queue.o

.text.xTimerCreateTimerTask
                0x000020cc       0x60
 .text.xTimerCreateTimerTask
                0x000020cc       0x60 ./output/timers.o
                0x000020cc                xTimerCreateTimerTask

.text.prvReloadTimer
                0x0000212c       0x42
 .text.prvReloadTimer
                0x0000212c       0x42 ./output/timers.o

.text.prvProcessExpiredTimer
                0x00002170       0x60
 .text.prvProcessExpiredTimer
                0x00002170       0x60 ./output/timers.o

.text.prvTimerTask
                0x000021d0       0x24
 .text.prvTimerTask
                0x000021d0       0x24 ./output/timers.o

.text.prvProcessTimerOrBlockTask
                0x000021f4       0x9c
 .text.prvProcessTimerOrBlockTask
                0x000021f4       0x9c ./output/timers.o

.text.prvGetNextExpireTime
                0x00002290       0x44
 .text.prvGetNextExpireTime
                0x00002290       0x44 ./output/timers.o

.text.prvSampleTimeNow
                0x000022d4       0x40
 .text.prvSampleTimeNow
                0x000022d4       0x40 ./output/timers.o

.text.prvInsertTimerInActiveList
                0x00002314       0x84
 .text.prvInsertTimerInActiveList
                0x00002314       0x84 ./output/timers.o

.text.prvProcessReceivedCommands
                0x00002398      0x1a0
 .text.prvProcessReceivedCommands
                0x00002398      0x1a0 ./output/timers.o

.text.prvSwitchTimerLists
                0x00002538       0x4c
 .text.prvSwitchTimerLists
                0x00002538       0x4c ./output/timers.o

.text.prvCheckForValidListAndQueue
                0x00002584       0x6c
 .text.prvCheckForValidListAndQueue
                0x00002584       0x6c ./output/timers.o

.text.pvPortMalloc
                0x000025f0      0x168
 .text.pvPortMalloc
                0x000025f0      0x168 ./output/heap_4.o
                0x000025f0                pvPortMalloc

.text.vPortFree
                0x00002758       0xa4
 .text.vPortFree
                0x00002758       0xa4 ./output/heap_4.o
                0x00002758                vPortFree

.text.prvHeapInit
                0x000027fc       0xb8
 .text.prvHeapInit
                0x000027fc       0xb8 ./output/heap_4.o

.text.prvInsertBlockIntoFreeList
                0x000028b4       0xb0
 .text.prvInsertBlockIntoFreeList
                0x000028b4       0xb0 ./output/heap_4.o

.text.pxPortInitialiseStack
                0x00002964       0x58
 .text.pxPortInitialiseStack
                0x00002964       0x58 ./output/port.o
                0x00002964                pxPortInitialiseStack

.text.prvTaskExitError
                0x000029bc       0x4c
 .text.prvTaskExitError
                0x000029bc       0x4c ./output/port.o

.text.vPortSVCHandler
                0x00002a10       0x28
 .text.vPortSVCHandler
                0x00002a10       0x28 ./output/port.o
                0x00002a10                vPortSVCHandler

.text.prvPortStartFirstTask
                0x00002a38       0x24
 .text.prvPortStartFirstTask
                0x00002a38       0x24 ./output/port.o

.text.xPortStartScheduler
                0x00002a5c       0xc0
 .text.xPortStartScheduler
                0x00002a5c       0xc0 ./output/port.o
                0x00002a5c                xPortStartScheduler

.text.vPortEnterCritical
                0x00002b1c       0x54
 .text.vPortEnterCritical
                0x00002b1c       0x54 ./output/port.o
                0x00002b1c                vPortEnterCritical

.text.vPortExitCritical
                0x00002b70       0x48
 .text.vPortExitCritical
                0x00002b70       0x48 ./output/port.o
                0x00002b70                vPortExitCritical

.text.xPortPendSVHandler
                0x00002bc0       0x48
 .text.xPortPendSVHandler
                0x00002bc0       0x48 ./output/port.o
                0x00002bc0                xPortPendSVHandler

.text.xPortSysTickHandler
                0x00002c08       0x44
 .text.xPortSysTickHandler
                0x00002c08       0x44 ./output/port.o
                0x00002c08                xPortSysTickHandler

.text.vPortSetupTimerInterrupt
                0x00002c4c       0x34
 .text.vPortSetupTimerInterrupt
                0x00002c4c       0x34 ./output/port.o
                0x00002c4c                vPortSetupTimerInterrupt

.text.vPortValidateInterruptPriority
                0x00002c80       0x68
 .text.vPortValidateInterruptPriority
                0x00002c80       0x68 ./output/port.o
                0x00002c80                vPortValidateInterruptPriority

.text.prvRecordValue_NormallyFull
                0x00002ce8       0x3c
 .text.prvRecordValue_NormallyFull
                0x00002ce8       0x3c ./output/IntQueue.o

.text.prvRecordValue_NormallyEmpty
                0x00002d24       0x3c
 .text.prvRecordValue_NormallyEmpty
                0x00002d24       0x3c ./output/IntQueue.o

.text.prvQueueAccessLogError
                0x00002d60       0x28
 .text.prvQueueAccessLogError
                0x00002d60       0x28 ./output/IntQueue.o

.text.xFirstTimerHandler
                0x00002d88      0x1b8
 .text.xFirstTimerHandler
                0x00002d88      0x1b8 ./output/IntQueue.o
                0x00002d88                xFirstTimerHandler

.text.xSecondTimerHandler
                0x00002f40      0x290
 .text.xSecondTimerHandler
                0x00002f40      0x290 ./output/IntQueue.o
                0x00002f40                xSecondTimerHandler

.text.TIMER0_Handler
                0x000031d0       0x48
 .text.TIMER0_Handler
                0x000031d0       0x48 ./output/IntQueueTimer.o
                0x000031d0                TIMER0_Handler

.text.TIMER1_Handler
                0x00003218       0x48
 .text.TIMER1_Handler
                0x00003218       0x48 ./output/IntQueueTimer.o
                0x00003218                TIMER1_Handler

.text.main      0x00003260       0xd4
 .text.main     0x00003260       0xd4 ./output/main.o
                0x00003260                main

.text.vTask1    0x00003334       0xcc
 .text.vTask1   0x00003334       0xcc ./output/main.o

.text.vTask2    0x00003400       0xcc
 .text.vTask2   0x00003400       0xcc ./output/main.o

.text.vTask3    0x000034cc       0xcc
 .text.vTask3   0x000034cc       0xcc ./output/main.o

.text.vApplicationMallocFailedHook
                0x00003598       0x28
 .text.vApplicationMallocFailedHook
                0x00003598       0x28 ./output/main.o
                0x00003598                vApplicationMallocFailedHook

.text.vApplicationStackOverflowHook
                0x000035c0       0x2c
 .text.vApplicationStackOverflowHook
                0x000035c0       0x2c ./output/main.o
                0x000035c0                vApplicationStackOverflowHook

.text.vApplicationTickHook
                0x000035ec        0xc
 .text.vApplicationTickHook
                0x000035ec        0xc ./output/main.o
                0x000035ec                vApplicationTickHook

.text.vAssertCalled
                0x000035f8       0x3c
 .text.vAssertCalled
                0x000035f8       0x3c ./output/main.o
                0x000035f8                vAssertCalled

.text.prvUARTInit
                0x00003634       0x20
 .text.prvUARTInit
                0x00003634       0x20 ./output/main.o

.text.malloc    0x00003654       0x18
 .text.malloc   0x00003654       0x18 ./output/main.o
                0x00003654                malloc

.text.Reset_Handler
                0x0000366c        0xc
 .text.Reset_Handler
                0x0000366c        0xc ./output/startup_gcc.o
                0x0000366c                Reset_Handler

.text.prvGetRegistersFromStack
                0x00003678       0x84
 .text.prvGetRegistersFromStack
                0x00003678       0x84 ./output/startup_gcc.o
                0x00003678                prvGetRegistersFromStack

.text.Default_Handler
                0x00003700       0x18
 .text.Default_Handler
                0x00003700       0x18 ./output/startup_gcc.o

.text.HardFault_Handler
                0x00003800       0x1c
 .text.HardFault_Handler
                0x00003800       0x1c ./output/startup_gcc.o

.text.printchar
                0x0000381c       0x62
 .text.printchar
                0x0000381c       0x62 ./output/printf-stdarg.o

.text.prints    0x0000387e       0xb6
 .text.prints   0x0000387e       0xb6 ./output/printf-stdarg.o

.text.printi    0x00003934       0xe2
 .text.printi   0x00003934       0xe2 ./output/printf-stdarg.o

.text.tiny_print
                0x00003a18      0x1fc
 .text.tiny_print
                0x00003a18      0x1fc ./output/printf-stdarg.o

.text.printf    0x00003c14       0x2a
 .text.printf   0x00003c14       0x2a ./output/printf-stdarg.o
                0x00003c14                printf

.text.__sflush_r
                0x00003c40      0x104
 .text.__sflush_r
                0x00003c40      0x104 c:/program files (x86)/gnu arm embedded toolchain/10 2021.10/bin/../lib/gcc/arm-none-eabi/10.3.1/../../../../arm-none-eabi/lib/thumb/v7-m/nofp\libg_nano.a(lib_a-fflush.o)
                0x00003c40                __sflush_r

.text._fflush_r
                0x00003d44       0x78
 .text._fflush_r
                0x00003d44       0x78 c:/program files (x86)/gnu arm embedded toolchain/10 2021.10/bin/../lib/gcc/arm-none-eabi/10.3.1/../../../../arm-none-eabi/lib/thumb/v7-m/nofp\libg_nano.a(lib_a-fflush.o)
                0x00003d44                _fflush_r

.text.fflush    0x00003dbc       0x24
 .text.fflush   0x00003dbc       0x24 c:/program files (x86)/gnu arm embedded toolchain/10 2021.10/bin/../lib/gcc/arm-none-eabi/10.3.1/../../../../arm-none-eabi/lib/thumb/v7-m/nofp\libg_nano.a(lib_a-fflush.o)
                0x00003dbc                fflush

.text.std       0x00003de0       0x48
 .text.std      0x00003de0       0x48 c:/program files (x86)/gnu arm embedded toolchain/10 2021.10/bin/../lib/gcc/arm-none-eabi/10.3.1/../../../../arm-none-eabi/lib/thumb/v7-m/nofp\libg_nano.a(lib_a-findfp.o)

.text._cleanup_r
                0x00003e28        0xc
 .text._cleanup_r
                0x00003e28        0xc c:/program files (x86)/gnu arm embedded toolchain/10 2021.10/bin/../lib/gcc/arm-none-eabi/10.3.1/../../../../arm-none-eabi/lib/thumb/v7-m/nofp\libg_nano.a(lib_a-findfp.o)
                0x00003e28                _cleanup_r

.text.__sfmoreglue
                0x00003e34       0x2c
 .text.__sfmoreglue
                0x00003e34       0x2c c:/program files (x86)/gnu arm embedded toolchain/10 2021.10/bin/../lib/gcc/arm-none-eabi/10.3.1/../../../../arm-none-eabi/lib/thumb/v7-m/nofp\libg_nano.a(lib_a-findfp.o)
                0x00003e34                __sfmoreglue

.text.__sfp_lock_acquire
                0x00003e60        0xc
 .text.__sfp_lock_acquire
                0x00003e60        0xc c:/program files (x86)/gnu arm embedded toolchain/10 2021.10/bin/../lib/gcc/arm-none-eabi/10.3.1/../../../../arm-none-eabi/lib/thumb/v7-m/nofp\libg_nano.a(lib_a-findfp.o)
                0x00003e60                __sfp_lock_acquire

.text.__sfp_lock_release
                0x00003e6c        0xc
 .text.__sfp_lock_release
                0x00003e6c        0xc c:/program files (x86)/gnu arm embedded toolchain/10 2021.10/bin/../lib/gcc/arm-none-eabi/10.3.1/../../../../arm-none-eabi/lib/thumb/v7-m/nofp\libg_nano.a(lib_a-findfp.o)
                0x00003e6c                __sfp_lock_release

.text.__sinit_lock_acquire
                0x00003e78        0xc
 .text.__sinit_lock_acquire
                0x00003e78        0xc c:/program files (x86)/gnu arm embedded toolchain/10 2021.10/bin/../lib/gcc/arm-none-eabi/10.3.1/../../../../arm-none-eabi/lib/thumb/v7-m/nofp\libg_nano.a(lib_a-findfp.o)
                0x00003e78                __sinit_lock_acquire

.text.__sinit_lock_release
                0x00003e84        0xc
 .text.__sinit_lock_release
                0x00003e84        0xc c:/program files (x86)/gnu arm embedded toolchain/10 2021.10/bin/../lib/gcc/arm-none-eabi/10.3.1/../../../../arm-none-eabi/lib/thumb/v7-m/nofp\libg_nano.a(lib_a-findfp.o)
                0x00003e84                __sinit_lock_release

.text.__sinit   0x00003e90       0x70
 .text.__sinit  0x00003e90       0x70 c:/program files (x86)/gnu arm embedded toolchain/10 2021.10/bin/../lib/gcc/arm-none-eabi/10.3.1/../../../../arm-none-eabi/lib/thumb/v7-m/nofp\libg_nano.a(lib_a-findfp.o)
                0x00003e90                __sinit

.text.__sfp     0x00003f00       0x8c
 .text.__sfp    0x00003f00       0x8c c:/program files (x86)/gnu arm embedded toolchain/10 2021.10/bin/../lib/gcc/arm-none-eabi/10.3.1/../../../../arm-none-eabi/lib/thumb/v7-m/nofp\libg_nano.a(lib_a-findfp.o)
                0x00003f00                __sfp

.text._fwalk_reent
                0x00003f8c       0x3e
 .text._fwalk_reent
                0x00003f8c       0x3e c:/program files (x86)/gnu arm embedded toolchain/10 2021.10/bin/../lib/gcc/arm-none-eabi/10.3.1/../../../../arm-none-eabi/lib/thumb/v7-m/nofp\libg_nano.a(lib_a-fwalk.o)
                0x00003f8c                _fwalk_reent

.text.__retarget_lock_init_recursive
                0x00003fca        0x2
 .text.__retarget_lock_init_recursive
                0x00003fca        0x2 c:/program files (x86)/gnu arm embedded toolchain/10 2021.10/bin/../lib/gcc/arm-none-eabi/10.3.1/../../../../arm-none-eabi/lib/thumb/v7-m/nofp\libg_nano.a(lib_a-lock.o)
                0x00003fca                __retarget_lock_init_recursive

.text.__retarget_lock_acquire_recursive
                0x00003fcc        0x2
 .text.__retarget_lock_acquire_recursive
                0x00003fcc        0x2 c:/program files (x86)/gnu arm embedded toolchain/10 2021.10/bin/../lib/gcc/arm-none-eabi/10.3.1/../../../../arm-none-eabi/lib/thumb/v7-m/nofp\libg_nano.a(lib_a-lock.o)
                0x00003fcc                __retarget_lock_acquire_recursive

.text.__retarget_lock_release_recursive
                0x00003fce        0x2
 .text.__retarget_lock_release_recursive
                0x00003fce        0x2 c:/program files (x86)/gnu arm embedded toolchain/10 2021.10/bin/../lib/gcc/arm-none-eabi/10.3.1/../../../../arm-none-eabi/lib/thumb/v7-m/nofp\libg_nano.a(lib_a-lock.o)
                0x00003fce                __retarget_lock_release_recursive

.text.memcpy    0x00003fd0       0x1c
 .text.memcpy   0x00003fd0       0x1c c:/program files (x86)/gnu arm embedded toolchain/10 2021.10/bin/../lib/gcc/arm-none-eabi/10.3.1/../../../../arm-none-eabi/lib/thumb/v7-m/nofp\libg_nano.a(lib_a-memcpy-stub.o)
                0x00003fd0                memcpy

.text.memset    0x00003fec       0x10
 .text.memset   0x00003fec       0x10 c:/program files (x86)/gnu arm embedded toolchain/10 2021.10/bin/../lib/gcc/arm-none-eabi/10.3.1/../../../../arm-none-eabi/lib/thumb/v7-m/nofp\libg_nano.a(lib_a-memset.o)
                0x00003fec                memset

.text._free_r   0x00003ffc       0x90
 .text._free_r  0x00003ffc       0x90 c:/program files (x86)/gnu arm embedded toolchain/10 2021.10/bin/../lib/gcc/arm-none-eabi/10.3.1/../../../../arm-none-eabi/lib/thumb/v7-m/nofp\libg_nano.a(lib_a-nano-freer.o)
                0x00003ffc                _free_r

.text.sbrk_aligned
                0x0000408c       0x40
 .text.sbrk_aligned
                0x0000408c       0x40 c:/program files (x86)/gnu arm embedded toolchain/10 2021.10/bin/../lib/gcc/arm-none-eabi/10.3.1/../../../../arm-none-eabi/lib/thumb/v7-m/nofp\libg_nano.a(lib_a-nano-mallocr.o)

.text._malloc_r
                0x000040cc       0xe8
 .text._malloc_r
                0x000040cc       0xe8 c:/program files (x86)/gnu arm embedded toolchain/10 2021.10/bin/../lib/gcc/arm-none-eabi/10.3.1/../../../../arm-none-eabi/lib/thumb/v7-m/nofp\libg_nano.a(lib_a-nano-mallocr.o)
                0x000040cc                _malloc_r

.text.srand     0x000041b4       0x5c
 .text.srand    0x000041b4       0x5c c:/program files (x86)/gnu arm embedded toolchain/10 2021.10/bin/../lib/gcc/arm-none-eabi/10.3.1/../../../../arm-none-eabi/lib/thumb/v7-m/nofp\libg_nano.a(lib_a-rand.o)
                0x000041b4                srand

.text.rand      0x00004210       0x7c
 .text.rand     0x00004210       0x7c c:/program files (x86)/gnu arm embedded toolchain/10 2021.10/bin/../lib/gcc/arm-none-eabi/10.3.1/../../../../arm-none-eabi/lib/thumb/v7-m/nofp\libg_nano.a(lib_a-rand.o)
                0x00004210                rand

.text._sbrk_r   0x0000428c       0x20
 .text._sbrk_r  0x0000428c       0x20 c:/program files (x86)/gnu arm embedded toolchain/10 2021.10/bin/../lib/gcc/arm-none-eabi/10.3.1/../../../../arm-none-eabi/lib/thumb/v7-m/nofp\libg_nano.a(lib_a-sbrkr.o)
                0x0000428c                _sbrk_r

.text.__sread   0x000042ac       0x22
 .text.__sread  0x000042ac       0x22 c:/program files (x86)/gnu arm embedded toolchain/10 2021.10/bin/../lib/gcc/arm-none-eabi/10.3.1/../../../../arm-none-eabi/lib/thumb/v7-m/nofp\libg_nano.a(lib_a-stdio.o)
                0x000042ac                __sread

.text.__swrite  0x000042ce       0x38
 .text.__swrite
                0x000042ce       0x38 c:/program files (x86)/gnu arm embedded toolchain/10 2021.10/bin/../lib/gcc/arm-none-eabi/10.3.1/../../../../arm-none-eabi/lib/thumb/v7-m/nofp\libg_nano.a(lib_a-stdio.o)
                0x000042ce                __swrite

.text.__sseek   0x00004306       0x24
 .text.__sseek  0x00004306       0x24 c:/program files (x86)/gnu arm embedded toolchain/10 2021.10/bin/../lib/gcc/arm-none-eabi/10.3.1/../../../../arm-none-eabi/lib/thumb/v7-m/nofp\libg_nano.a(lib_a-stdio.o)
                0x00004306                __sseek

.text.__sclose  0x0000432a        0x8
 .text.__sclose
                0x0000432a        0x8 c:/program files (x86)/gnu arm embedded toolchain/10 2021.10/bin/../lib/gcc/arm-none-eabi/10.3.1/../../../../arm-none-eabi/lib/thumb/v7-m/nofp\libg_nano.a(lib_a-stdio.o)
                0x0000432a                __sclose

.text._write_r  0x00004334       0x24
 .text._write_r
                0x00004334       0x24 c:/program files (x86)/gnu arm embedded toolchain/10 2021.10/bin/../lib/gcc/arm-none-eabi/10.3.1/../../../../arm-none-eabi/lib/thumb/v7-m/nofp\libg_nano.a(lib_a-writer.o)
                0x00004334                _write_r

.text.__assert_func
                0x00004358       0x3c
 .text.__assert_func
                0x00004358       0x3c c:/program files (x86)/gnu arm embedded toolchain/10 2021.10/bin/../lib/gcc/arm-none-eabi/10.3.1/../../../../arm-none-eabi/lib/thumb/v7-m/nofp\libg_nano.a(lib_a-assert.o)
                0x00004358                __assert_func

.text._close_r  0x00004394       0x20
 .text._close_r
                0x00004394       0x20 c:/program files (x86)/gnu arm embedded toolchain/10 2021.10/bin/../lib/gcc/arm-none-eabi/10.3.1/../../../../arm-none-eabi/lib/thumb/v7-m/nofp\libg_nano.a(lib_a-closer.o)
                0x00004394                _close_r

.text.fprintf   0x000043b4       0x24
 .text.fprintf  0x000043b4       0x24 c:/program files (x86)/gnu arm embedded toolchain/10 2021.10/bin/../lib/gcc/arm-none-eabi/10.3.1/../../../../arm-none-eabi/lib/thumb/v7-m/nofp\libg_nano.a(lib_a-fprintf.o)
                0x000043b4                fiprintf
                0x000043b4                fprintf

.text._lseek_r  0x000043d8       0x24
 .text._lseek_r
                0x000043d8       0x24 c:/program files (x86)/gnu arm embedded toolchain/10 2021.10/bin/../lib/gcc/arm-none-eabi/10.3.1/../../../../arm-none-eabi/lib/thumb/v7-m/nofp\libg_nano.a(lib_a-lseekr.o)
                0x000043d8                _lseek_r

.text.__malloc_lock
                0x000043fc        0xc
 .text.__malloc_lock
                0x000043fc        0xc c:/program files (x86)/gnu arm embedded toolchain/10 2021.10/bin/../lib/gcc/arm-none-eabi/10.3.1/../../../../arm-none-eabi/lib/thumb/v7-m/nofp\libg_nano.a(lib_a-mlock.o)
                0x000043fc                __malloc_lock

.text.__malloc_unlock
                0x00004408        0xc
 .text.__malloc_unlock
                0x00004408        0xc c:/program files (x86)/gnu arm embedded toolchain/10 2021.10/bin/../lib/gcc/arm-none-eabi/10.3.1/../../../../arm-none-eabi/lib/thumb/v7-m/nofp\libg_nano.a(lib_a-mlock.o)
                0x00004408                __malloc_unlock

.text.__sfputc_r
                0x00004414       0x2a
 .text.__sfputc_r
                0x00004414       0x2a c:/program files (x86)/gnu arm embedded toolchain/10 2021.10/bin/../lib/gcc/arm-none-eabi/10.3.1/../../../../arm-none-eabi/lib/thumb/v7-m/nofp\libg_nano.a(lib_a-nano-vfprintf.o)

.text.__sfputs_r
                0x0000443e       0x24
 .text.__sfputs_r
                0x0000443e       0x24 c:/program files (x86)/gnu arm embedded toolchain/10 2021.10/bin/../lib/gcc/arm-none-eabi/10.3.1/../../../../arm-none-eabi/lib/thumb/v7-m/nofp\libg_nano.a(lib_a-nano-vfprintf.o)
                0x0000443e                __sfputs_r

.text._vfprintf_r
                0x00004464      0x260
 .text._vfprintf_r
                0x00004464      0x260 c:/program files (x86)/gnu arm embedded toolchain/10 2021.10/bin/../lib/gcc/arm-none-eabi/10.3.1/../../../../arm-none-eabi/lib/thumb/v7-m/nofp\libg_nano.a(lib_a-nano-vfprintf.o)
                0x00004464                _vfprintf_r
                0x00004464                _vfiprintf_r

.text._printf_common
                0x000046c4       0xde
 .text._printf_common
                0x000046c4       0xde c:/program files (x86)/gnu arm embedded toolchain/10 2021.10/bin/../lib/gcc/arm-none-eabi/10.3.1/../../../../arm-none-eabi/lib/thumb/v7-m/nofp\libg_nano.a(lib_a-nano-vfprintf_i.o)
                0x000046c4                _printf_common

.text._printf_i
                0x000047a4      0x24c
 .text._printf_i
                0x000047a4      0x24c c:/program files (x86)/gnu arm embedded toolchain/10 2021.10/bin/../lib/gcc/arm-none-eabi/10.3.1/../../../../arm-none-eabi/lib/thumb/v7-m/nofp\libg_nano.a(lib_a-nano-vfprintf_i.o)
                0x000047a4                _printf_i

.text._read_r   0x000049f0       0x24
 .text._read_r  0x000049f0       0x24 c:/program files (x86)/gnu arm embedded toolchain/10 2021.10/bin/../lib/gcc/arm-none-eabi/10.3.1/../../../../arm-none-eabi/lib/thumb/v7-m/nofp\libg_nano.a(lib_a-readr.o)
                0x000049f0                _read_r

.text.__swbuf_r
                0x00004a14       0xa4
 .text.__swbuf_r
                0x00004a14       0xa4 c:/program files (x86)/gnu arm embedded toolchain/10 2021.10/bin/../lib/gcc/arm-none-eabi/10.3.1/../../../../arm-none-eabi/lib/thumb/v7-m/nofp\libg_nano.a(lib_a-wbuf.o)
                0x00004a14                __swbuf_r

.text.__swsetup_r
                0x00004ab8       0xdc
 .text.__swsetup_r
                0x00004ab8       0xdc c:/program files (x86)/gnu arm embedded toolchain/10 2021.10/bin/../lib/gcc/arm-none-eabi/10.3.1/../../../../arm-none-eabi/lib/thumb/v7-m/nofp\libg_nano.a(lib_a-wsetup.o)
                0x00004ab8                __swsetup_r

.text.abort     0x00004b94        0xe
 .text.abort    0x00004b94        0xe c:/program files (x86)/gnu arm embedded toolchain/10 2021.10/bin/../lib/gcc/arm-none-eabi/10.3.1/../../../../arm-none-eabi/lib/thumb/v7-m/nofp\libg_nano.a(lib_a-abort.o)
                0x00004b94                abort

.text.__swhatbuf_r
                0x00004ba2       0x4a
 .text.__swhatbuf_r
                0x00004ba2       0x4a c:/program files (x86)/gnu arm embedded toolchain/10 2021.10/bin/../lib/gcc/arm-none-eabi/10.3.1/../../../../arm-none-eabi/lib/thumb/v7-m/nofp\libg_nano.a(lib_a-makebuf.o)
                0x00004ba2                __swhatbuf_r

.text.__smakebuf_r
                0x00004bec       0x80
 .text.__smakebuf_r
                0x00004bec       0x80 c:/program files (x86)/gnu arm embedded toolchain/10 2021.10/bin/../lib/gcc/arm-none-eabi/10.3.1/../../../../arm-none-eabi/lib/thumb/v7-m/nofp\libg_nano.a(lib_a-makebuf.o)
                0x00004bec                __smakebuf_r

.text.memchr    0x00004c6c       0x1c
 .text.memchr   0x00004c6c       0x1c c:/program files (x86)/gnu arm embedded toolchain/10 2021.10/bin/../lib/gcc/arm-none-eabi/10.3.1/../../../../arm-none-eabi/lib/thumb/v7-m/nofp\libg_nano.a(lib_a-memchr-stub.o)
                0x00004c6c                memchr

.text._raise_r  0x00004c88       0x50
 .text._raise_r
                0x00004c88       0x50 c:/program files (x86)/gnu arm embedded toolchain/10 2021.10/bin/../lib/gcc/arm-none-eabi/10.3.1/../../../../arm-none-eabi/lib/thumb/v7-m/nofp\libg_nano.a(lib_a-signal.o)
                0x00004c88                _raise_r

.text.raise     0x00004cd8       0x10
 .text.raise    0x00004cd8       0x10 c:/program files (x86)/gnu arm embedded toolchain/10 2021.10/bin/../lib/gcc/arm-none-eabi/10.3.1/../../../../arm-none-eabi/lib/thumb/v7-m/nofp\libg_nano.a(lib_a-signal.o)
                0x00004cd8                raise

.text._kill_r   0x00004ce8       0x24
 .text._kill_r  0x00004ce8       0x24 c:/program files (x86)/gnu arm embedded toolchain/10 2021.10/bin/../lib/gcc/arm-none-eabi/10.3.1/../../../../arm-none-eabi/lib/thumb/v7-m/nofp\libg_nano.a(lib_a-signalr.o)
                0x00004ce8                _kill_r

.text._getpid_r
                0x00004d0c        0x4
 .text._getpid_r
                0x00004d0c        0x4 c:/program files (x86)/gnu arm embedded toolchain/10 2021.10/bin/../lib/gcc/arm-none-eabi/10.3.1/../../../../arm-none-eabi/lib/thumb/v7-m/nofp\libg_nano.a(lib_a-signalr.o)
                0x00004d0c                _getpid_r

.text._fstat_r  0x00004d10       0x24
 .text._fstat_r
                0x00004d10       0x24 c:/program files (x86)/gnu arm embedded toolchain/10 2021.10/bin/../lib/gcc/arm-none-eabi/10.3.1/../../../../arm-none-eabi/lib/thumb/v7-m/nofp\libg_nano.a(lib_a-fstatr.o)
                0x00004d10                _fstat_r

.text._isatty_r
                0x00004d34       0x20
 .text._isatty_r
                0x00004d34       0x20 c:/program files (x86)/gnu arm embedded toolchain/10 2021.10/bin/../lib/gcc/arm-none-eabi/10.3.1/../../../../arm-none-eabi/lib/thumb/v7-m/nofp\libg_nano.a(lib_a-isattyr.o)
                0x00004d34                _isatty_r

.text.findslot  0x00004d54       0x34
 .text.findslot
                0x00004d54       0x34 c:/program files (x86)/gnu arm embedded toolchain/10 2021.10/bin/../lib/gcc/arm-none-eabi/10.3.1/../../../../arm-none-eabi/lib/thumb/v7-m/nofp\librdimon_nano.a(rdimon-syscalls.o)

.text.error     0x00004d88       0x1c
 .text.error    0x00004d88       0x1c c:/program files (x86)/gnu arm embedded toolchain/10 2021.10/bin/../lib/gcc/arm-none-eabi/10.3.1/../../../../arm-none-eabi/lib/thumb/v7-m/nofp\librdimon_nano.a(rdimon-syscalls.o)

.text.checkerror
                0x00004da4        0xa
 .text.checkerror
                0x00004da4        0xa c:/program files (x86)/gnu arm embedded toolchain/10 2021.10/bin/../lib/gcc/arm-none-eabi/10.3.1/../../../../arm-none-eabi/lib/thumb/v7-m/nofp\librdimon_nano.a(rdimon-syscalls.o)

.text._swiread  0x00004dae       0x20
 .text._swiread
                0x00004dae       0x20 c:/program files (x86)/gnu arm embedded toolchain/10 2021.10/bin/../lib/gcc/arm-none-eabi/10.3.1/../../../../arm-none-eabi/lib/thumb/v7-m/nofp\librdimon_nano.a(rdimon-syscalls.o)
                0x00004dae                _swiread

.text._read     0x00004dce       0x34
 .text._read    0x00004dce       0x34 c:/program files (x86)/gnu arm embedded toolchain/10 2021.10/bin/../lib/gcc/arm-none-eabi/10.3.1/../../../../arm-none-eabi/lib/thumb/v7-m/nofp\librdimon_nano.a(rdimon-syscalls.o)
                0x00004dce                _read

.text._swilseek
                0x00004e02       0x78
 .text._swilseek
                0x00004e02       0x78 c:/program files (x86)/gnu arm embedded toolchain/10 2021.10/bin/../lib/gcc/arm-none-eabi/10.3.1/../../../../arm-none-eabi/lib/thumb/v7-m/nofp\librdimon_nano.a(rdimon-syscalls.o)
                0x00004e02                _swilseek

.text._lseek    0x00004e7a        0x4
 .text._lseek   0x00004e7a        0x4 c:/program files (x86)/gnu arm embedded toolchain/10 2021.10/bin/../lib/gcc/arm-none-eabi/10.3.1/../../../../arm-none-eabi/lib/thumb/v7-m/nofp\librdimon_nano.a(rdimon-syscalls.o)
                0x00004e7a                _lseek

.text._swiwrite
                0x00004e7e       0x20
 .text._swiwrite
                0x00004e7e       0x20 c:/program files (x86)/gnu arm embedded toolchain/10 2021.10/bin/../lib/gcc/arm-none-eabi/10.3.1/../../../../arm-none-eabi/lib/thumb/v7-m/nofp\librdimon_nano.a(rdimon-syscalls.o)
                0x00004e7e                _swiwrite

.text._write    0x00004e9e       0x40
 .text._write   0x00004e9e       0x40 c:/program files (x86)/gnu arm embedded toolchain/10 2021.10/bin/../lib/gcc/arm-none-eabi/10.3.1/../../../../arm-none-eabi/lib/thumb/v7-m/nofp\librdimon_nano.a(rdimon-syscalls.o)
                0x00004e9e                _write

.text._swiclose
                0x00004ede       0x1a
 .text._swiclose
                0x00004ede       0x1a c:/program files (x86)/gnu arm embedded toolchain/10 2021.10/bin/../lib/gcc/arm-none-eabi/10.3.1/../../../../arm-none-eabi/lib/thumb/v7-m/nofp\librdimon_nano.a(rdimon-syscalls.o)
                0x00004ede                _swiclose

.text._close    0x00004ef8       0x4c
 .text._close   0x00004ef8       0x4c c:/program files (x86)/gnu arm embedded toolchain/10 2021.10/bin/../lib/gcc/arm-none-eabi/10.3.1/../../../../arm-none-eabi/lib/thumb/v7-m/nofp\librdimon_nano.a(rdimon-syscalls.o)
                0x00004ef8                _close

.text._getpid   0x00004f44        0x4
 .text._getpid  0x00004f44        0x4 c:/program files (x86)/gnu arm embedded toolchain/10 2021.10/bin/../lib/gcc/arm-none-eabi/10.3.1/../../../../arm-none-eabi/lib/thumb/v7-m/nofp\librdimon_nano.a(rdimon-syscalls.o)
                0x00004f44                _getpid

.text._sbrk     0x00004f48       0x48
 .text._sbrk    0x00004f48       0x48 c:/program files (x86)/gnu arm embedded toolchain/10 2021.10/bin/../lib/gcc/arm-none-eabi/10.3.1/../../../../arm-none-eabi/lib/thumb/v7-m/nofp\librdimon_nano.a(rdimon-syscalls.o)
                0x00004f48                _sbrk

.text._swistat  0x00004f90       0x42
 .text._swistat
                0x00004f90       0x42 c:/program files (x86)/gnu arm embedded toolchain/10 2021.10/bin/../lib/gcc/arm-none-eabi/10.3.1/../../../../arm-none-eabi/lib/thumb/v7-m/nofp\librdimon_nano.a(rdimon-syscalls.o)
                0x00004f90                _swistat

.text._fstat    0x00004fd2       0x1c
 .text._fstat   0x00004fd2       0x1c c:/program files (x86)/gnu arm embedded toolchain/10 2021.10/bin/../lib/gcc/arm-none-eabi/10.3.1/../../../../arm-none-eabi/lib/thumb/v7-m/nofp\librdimon_nano.a(rdimon-syscalls.o)
                0x00004fd2                _fstat

.text._stat     0x00004fee       0x3a
 .text._stat    0x00004fee       0x3a c:/program files (x86)/gnu arm embedded toolchain/10 2021.10/bin/../lib/gcc/arm-none-eabi/10.3.1/../../../../arm-none-eabi/lib/thumb/v7-m/nofp\librdimon_nano.a(rdimon-syscalls.o)
                0x00004fee                _stat

.text._swiopen  0x00005028       0xb4
 .text._swiopen
                0x00005028       0xb4 c:/program files (x86)/gnu arm embedded toolchain/10 2021.10/bin/../lib/gcc/arm-none-eabi/10.3.1/../../../../arm-none-eabi/lib/thumb/v7-m/nofp\librdimon_nano.a(rdimon-syscalls.o)
                0x00005028                _swiopen

.text._get_semihosting_exts
                0x000050dc       0xb8
 .text._get_semihosting_exts
                0x000050dc       0xb8 c:/program files (x86)/gnu arm embedded toolchain/10 2021.10/bin/../lib/gcc/arm-none-eabi/10.3.1/../../../../arm-none-eabi/lib/thumb/v7-m/nofp\librdimon_nano.a(rdimon-syscalls.o)
                0x000050dc                _get_semihosting_exts

.text.initialise_semihosting_exts
                0x00005194       0x34
 .text.initialise_semihosting_exts
                0x00005194       0x34 c:/program files (x86)/gnu arm embedded toolchain/10 2021.10/bin/../lib/gcc/arm-none-eabi/10.3.1/../../../../arm-none-eabi/lib/thumb/v7-m/nofp\librdimon_nano.a(rdimon-syscalls.o)

.text._has_ext_exit_extended
                0x000051c8       0x18
 .text._has_ext_exit_extended
                0x000051c8       0x18 c:/program files (x86)/gnu arm embedded toolchain/10 2021.10/bin/../lib/gcc/arm-none-eabi/10.3.1/../../../../arm-none-eabi/lib/thumb/v7-m/nofp\librdimon_nano.a(rdimon-syscalls.o)
                0x000051c8                _has_ext_exit_extended

.text._isatty   0x000051e0       0x38
 .text._isatty  0x000051e0       0x38 c:/program files (x86)/gnu arm embedded toolchain/10 2021.10/bin/../lib/gcc/arm-none-eabi/10.3.1/../../../../arm-none-eabi/lib/thumb/v7-m/nofp\librdimon_nano.a(rdimon-syscalls.o)
                0x000051e0                _isatty

.text._exit     0x00005218       0x14
 .text._exit    0x00005218       0x14 c:/program files (x86)/gnu arm embedded toolchain/10 2021.10/bin/../lib/gcc/arm-none-eabi/10.3.1/../../../../arm-none-eabi/lib/thumb/v7-m/nofp\librdimon_nano.a(rdimon-_exit.o)
                0x00005218                _exit

.text._kill_shared
                0x0000522c       0x26
 .text._kill_shared
                0x0000522c       0x26 c:/program files (x86)/gnu arm embedded toolchain/10 2021.10/bin/../lib/gcc/arm-none-eabi/10.3.1/../../../../arm-none-eabi/lib/thumb/v7-m/nofp\librdimon_nano.a(rdimon-_kill.o)
                0x0000522c                _kill_shared

.text._kill     0x00005254       0x18
 .text._kill    0x00005254       0x18 c:/program files (x86)/gnu arm embedded toolchain/10 2021.10/bin/../lib/gcc/arm-none-eabi/10.3.1/../../../../arm-none-eabi/lib/thumb/v7-m/nofp\librdimon_nano.a(rdimon-_kill.o)
                0x00005254                _kill

.text.__errno   0x0000526c        0xc
 .text.__errno  0x0000526c        0xc c:/program files (x86)/gnu arm embedded toolchain/10 2021.10/bin/../lib/gcc/arm-none-eabi/10.3.1/../../../../arm-none-eabi/lib/thumb/v7-m/nofp\libc_nano.a(lib_a-errno.o)
                0x0000526c                __errno

.rel.dyn        0x00005278        0x0
 .rel.iplt      0x00005278        0x0 ./output/tasks.o

.data           0x20000000        0x0
                0x20000000                . = ALIGN (0x8)
                0x20000000                _data = .
                0x20000000                _sdata = .
 *(vtable)
 *(.data)
                0x20000000                _edata = .

.data.uxTopUsedPriority
                0x20000000        0x4
 .data.uxTopUsedPriority
                0x20000000        0x4 ./output/tasks.o
                0x20000000                uxTopUsedPriority

.igot.plt       0x20000004        0x0
 .igot.plt      0x20000004        0x0 ./output/tasks.o

.data.uxCriticalNesting
                0x20000004        0x4
 .data.uxCriticalNesting
                0x20000004        0x4 ./output/port.o

.data.xErrorStatus
                0x20000008        0x4
 .data.xErrorStatus
                0x20000008        0x4 ./output/IntQueue.o

.data.paramTask1
                0x2000000c        0x4
 .data.paramTask1
                0x2000000c        0x4 ./output/main.o

.data.paramTask2
                0x20000010        0x4
 .data.paramTask2
                0x20000010        0x4 ./output/main.o

.data.paramTask3
                0x20000014        0x4
 .data.paramTask3
                0x20000014        0x4 ./output/main.o

.data._impure_ptr
                0x20000018        0x4
 .data._impure_ptr
                0x20000018        0x4 c:/program files (x86)/gnu arm embedded toolchain/10 2021.10/bin/../lib/gcc/arm-none-eabi/10.3.1/../../../../arm-none-eabi/lib/thumb/v7-m/nofp\libg_nano.a(lib_a-impure.o)
                0x20000018                _impure_ptr

.data.impure_data
                0x2000001c       0x60
 .data.impure_data
                0x2000001c       0x60 c:/program files (x86)/gnu arm embedded toolchain/10 2021.10/bin/../lib/gcc/arm-none-eabi/10.3.1/../../../../arm-none-eabi/lib/thumb/v7-m/nofp\libg_nano.a(lib_a-impure.o)

.data.__heap_limit
                0x2000007c        0x4
 .data.__heap_limit
                0x2000007c        0x4 c:/program files (x86)/gnu arm embedded toolchain/10 2021.10/bin/../lib/gcc/arm-none-eabi/10.3.1/../../../../arm-none-eabi/lib/thumb/v7-m/nofp\librdimon_nano.a(rdimon-syscalls.o)
                0x2000007c                __heap_limit

.data.supports_ext_exit_extended
                0x20000080        0x4
 .data.supports_ext_exit_extended
                0x20000080        0x4 c:/program files (x86)/gnu arm embedded toolchain/10 2021.10/bin/../lib/gcc/arm-none-eabi/10.3.1/../../../../arm-none-eabi/lib/thumb/v7-m/nofp\librdimon_nano.a(rdimon-syscalls.o)

.data.supports_ext_stdout_stderr
                0x20000084        0x4
 .data.supports_ext_stdout_stderr
                0x20000084        0x4 c:/program files (x86)/gnu arm embedded toolchain/10 2021.10/bin/../lib/gcc/arm-none-eabi/10.3.1/../../../../arm-none-eabi/lib/thumb/v7-m/nofp\librdimon_nano.a(rdimon-syscalls.o)

.bss            0x20000088        0x0
                0x20000088                . = ALIGN (0x8)
                0x20000088                _bss = .
                0x20000088                _sbss = .
 *(.bss)
                0x20000088                _ebss = .

.bss.pxCurrentTCB
                0x20000088        0x4
 .bss.pxCurrentTCB
                0x20000088        0x4 ./output/tasks.o
                0x20000088                pxCurrentTCB

.bss.pxReadyTasksLists
                0x2000008c       0xb4
 .bss.pxReadyTasksLists
                0x2000008c       0xb4 ./output/tasks.o

.bss.xDelayedTaskList1
                0x20000140       0x14
 .bss.xDelayedTaskList1
                0x20000140       0x14 ./output/tasks.o

.bss.xDelayedTaskList2
                0x20000154       0x14
 .bss.xDelayedTaskList2
                0x20000154       0x14 ./output/tasks.o

.bss.pxDelayedTaskList
                0x20000168        0x4
 .bss.pxDelayedTaskList
                0x20000168        0x4 ./output/tasks.o

.bss.pxOverflowDelayedTaskList
                0x2000016c        0x4
 .bss.pxOverflowDelayedTaskList
                0x2000016c        0x4 ./output/tasks.o

.bss.xPendingReadyList
                0x20000170       0x14
 .bss.xPendingReadyList
                0x20000170       0x14 ./output/tasks.o

.bss.xTasksWaitingTermination
                0x20000184       0x14
 .bss.xTasksWaitingTermination
                0x20000184       0x14 ./output/tasks.o

.bss.uxDeletedTasksWaitingCleanUp
                0x20000198        0x4
 .bss.uxDeletedTasksWaitingCleanUp
                0x20000198        0x4 ./output/tasks.o

.bss.xSuspendedTaskList
                0x2000019c       0x14
 .bss.xSuspendedTaskList
                0x2000019c       0x14 ./output/tasks.o

.bss.uxCurrentNumberOfTasks
                0x200001b0        0x4
 .bss.uxCurrentNumberOfTasks
                0x200001b0        0x4 ./output/tasks.o

.bss.xTickCount
                0x200001b4        0x4
 .bss.xTickCount
                0x200001b4        0x4 ./output/tasks.o

.bss.uxTopReadyPriority
                0x200001b8        0x4
 .bss.uxTopReadyPriority
                0x200001b8        0x4 ./output/tasks.o

.bss.xSchedulerRunning
                0x200001bc        0x4
 .bss.xSchedulerRunning
                0x200001bc        0x4 ./output/tasks.o

.bss.xPendedTicks
                0x200001c0        0x4
 .bss.xPendedTicks
                0x200001c0        0x4 ./output/tasks.o

.bss.xYieldPending
                0x200001c4        0x4
 .bss.xYieldPending
                0x200001c4        0x4 ./output/tasks.o

.bss.xNumOfOverflows
                0x200001c8        0x4
 .bss.xNumOfOverflows
                0x200001c8        0x4 ./output/tasks.o

.bss.uxTaskNumber
                0x200001cc        0x4
 .bss.uxTaskNumber
                0x200001cc        0x4 ./output/tasks.o

.bss.xNextTaskUnblockTime
                0x200001d0        0x4
 .bss.xNextTaskUnblockTime
                0x200001d0        0x4 ./output/tasks.o

.bss.xIdleTaskHandle
                0x200001d4        0x4
 .bss.xIdleTaskHandle
                0x200001d4        0x4 ./output/tasks.o

.bss.uxSchedulerSuspended
                0x200001d8        0x4
 .bss.uxSchedulerSuspended
                0x200001d8        0x4 ./output/tasks.o

.bss.xQueueRegistry
                0x200001dc       0x50
 .bss.xQueueRegistry
                0x200001dc       0x50 ./output/queue.o
                0x200001dc                xQueueRegistry

.bss.xActiveTimerList1
                0x2000022c       0x14
 .bss.xActiveTimerList1
                0x2000022c       0x14 ./output/timers.o

.bss.xActiveTimerList2
                0x20000240       0x14
 .bss.xActiveTimerList2
                0x20000240       0x14 ./output/timers.o

.bss.pxCurrentTimerList
                0x20000254        0x4
 .bss.pxCurrentTimerList
                0x20000254        0x4 ./output/timers.o

.bss.pxOverflowTimerList
                0x20000258        0x4
 .bss.pxOverflowTimerList
                0x20000258        0x4 ./output/timers.o

.bss.xTimerQueue
                0x2000025c        0x4
 .bss.xTimerQueue
                0x2000025c        0x4 ./output/timers.o

.bss.xTimerTaskHandle
                0x20000260        0x4
 .bss.xTimerTaskHandle
                0x20000260        0x4 ./output/timers.o

.bss.xLastTime.0
                0x20000264        0x4
 .bss.xLastTime.0
                0x20000264        0x4 ./output/timers.o

.bss.ucHeap     0x20000268     0xf000
 .bss.ucHeap    0x20000268     0xf000 ./output/heap_4.o

.bss.xStart     0x2000f268        0x8
 .bss.xStart    0x2000f268        0x8 ./output/heap_4.o

.bss.pxEnd      0x2000f270        0x4
 .bss.pxEnd     0x2000f270        0x4 ./output/heap_4.o

.bss.xFreeBytesRemaining
                0x2000f274        0x4
 .bss.xFreeBytesRemaining
                0x2000f274        0x4 ./output/heap_4.o

.bss.xMinimumEverFreeBytesRemaining
                0x2000f278        0x4
 .bss.xMinimumEverFreeBytesRemaining
                0x2000f278        0x4 ./output/heap_4.o

.bss.xNumberOfSuccessfulAllocations
                0x2000f27c        0x4
 .bss.xNumberOfSuccessfulAllocations
                0x2000f27c        0x4 ./output/heap_4.o

.bss.xNumberOfSuccessfulFrees
                0x2000f280        0x4
 .bss.xNumberOfSuccessfulFrees
                0x2000f280        0x4 ./output/heap_4.o

.bss.ucMaxSysCallPriority
                0x2000f284        0x1
 .bss.ucMaxSysCallPriority
                0x2000f284        0x1 ./output/port.o

.bss.ulMaxPRIGROUPValue
                0x2000f288        0x4
 .bss.ulMaxPRIGROUPValue
                0x2000f288        0x4 ./output/port.o

.bss.xNormallyEmptyQueue
                0x2000f28c        0x4
 .bss.xNormallyEmptyQueue
                0x2000f28c        0x4 ./output/IntQueue.o

.bss.xNormallyFullQueue
                0x2000f290        0x4
 .bss.xNormallyFullQueue
                0x2000f290        0x4 ./output/IntQueue.o

.bss.xErrorLine
                0x2000f294        0x4
 .bss.xErrorLine
                0x2000f294        0x4 ./output/IntQueue.o

.bss.uxValueForNormallyEmptyQueue
                0x2000f298        0x4
 .bss.uxValueForNormallyEmptyQueue
                0x2000f298        0x4 ./output/IntQueue.o

.bss.uxValueForNormallyFullQueue
                0x2000f29c        0x4
 .bss.uxValueForNormallyFullQueue
                0x2000f29c        0x4 ./output/IntQueue.o

.bss.ucNormallyEmptyReceivedValues
                0x2000f2a0       0xc8
 .bss.ucNormallyEmptyReceivedValues
                0x2000f2a0       0xc8 ./output/IntQueue.o

.bss.ucNormallyFullReceivedValues
                0x2000f368       0xc8
 .bss.ucNormallyFullReceivedValues
                0x2000f368       0xc8 ./output/IntQueue.o

.bss.uxNextOperation.5
                0x2000f430        0x4
 .bss.uxNextOperation.5
                0x2000f430        0x4 ./output/IntQueue.o

.bss.uxNextOperation.4
                0x2000f434        0x4
 .bss.uxNextOperation.4
                0x2000f434        0x4 ./output/IntQueue.o

.bss.ulNest     0x2000f438        0x4
 .bss.ulNest    0x2000f438        0x4 ./output/IntQueueTimer.o
                0x2000f438                ulNest

.bss.ulNestCount
                0x2000f43c        0x4
 .bss.ulNestCount
                0x2000f43c        0x4 ./output/IntQueueTimer.o
                0x2000f43c                ulNestCount

.bss.xHandle_1  0x2000f440        0x4
 .bss.xHandle_1
                0x2000f440        0x4 ./output/main.o
                0x2000f440                xHandle_1

.bss.xHandle_2  0x2000f444        0x4
 .bss.xHandle_2
                0x2000f444        0x4 ./output/main.o
                0x2000f444                xHandle_2

.bss.xHandle_3  0x2000f448        0x4
 .bss.xHandle_3
                0x2000f448        0x4 ./output/main.o
                0x2000f448                xHandle_3

.bss.stats      0x2000f44c       0x1c
 .bss.stats     0x2000f44c       0x1c ./output/main.o
                0x2000f44c                stats

.bss.r0         0x2000f468        0x4
 .bss.r0        0x2000f468        0x4 ./output/startup_gcc.o
                0x2000f468                r0

.bss.r1         0x2000f46c        0x4
 .bss.r1        0x2000f46c        0x4 ./output/startup_gcc.o
                0x2000f46c                r1

.bss.r2         0x2000f470        0x4
 .bss.r2        0x2000f470        0x4 ./output/startup_gcc.o
                0x2000f470                r2

.bss.r3         0x2000f474        0x4
 .bss.r3        0x2000f474        0x4 ./output/startup_gcc.o
                0x2000f474                r3

.bss.r12        0x2000f478        0x4
 .bss.r12       0x2000f478        0x4 ./output/startup_gcc.o
                0x2000f478                r12

.bss.lr         0x2000f47c        0x4
 .bss.lr        0x2000f47c        0x4 ./output/startup_gcc.o
                0x2000f47c                lr

.bss.pc         0x2000f480        0x4
 .bss.pc        0x2000f480        0x4 ./output/startup_gcc.o
                0x2000f480                pc

.bss.psr        0x2000f484        0x4
 .bss.psr       0x2000f484        0x4 ./output/startup_gcc.o
                0x2000f484                psr

.bss.__lock___malloc_recursive_mutex
                0x2000f488        0x1
 .bss.__lock___malloc_recursive_mutex
                0x2000f488        0x1 c:/program files (x86)/gnu arm embedded toolchain/10 2021.10/bin/../lib/gcc/arm-none-eabi/10.3.1/../../../../arm-none-eabi/lib/thumb/v7-m/nofp\libg_nano.a(lib_a-lock.o)
                0x2000f488                __lock___malloc_recursive_mutex

.bss.__lock___sfp_recursive_mutex
                0x2000f489        0x1
 .bss.__lock___sfp_recursive_mutex
                0x2000f489        0x1 c:/program files (x86)/gnu arm embedded toolchain/10 2021.10/bin/../lib/gcc/arm-none-eabi/10.3.1/../../../../arm-none-eabi/lib/thumb/v7-m/nofp\libg_nano.a(lib_a-lock.o)
                0x2000f489                __lock___sfp_recursive_mutex

.bss.__lock___sinit_recursive_mutex
                0x2000f48a        0x1
 .bss.__lock___sinit_recursive_mutex
                0x2000f48a        0x1 c:/program files (x86)/gnu arm embedded toolchain/10 2021.10/bin/../lib/gcc/arm-none-eabi/10.3.1/../../../../arm-none-eabi/lib/thumb/v7-m/nofp\libg_nano.a(lib_a-lock.o)
                0x2000f48a                __lock___sinit_recursive_mutex

.bss.__malloc_free_list
                0x2000f48c        0x4
 .bss.__malloc_free_list
                0x2000f48c        0x4 c:/program files (x86)/gnu arm embedded toolchain/10 2021.10/bin/../lib/gcc/arm-none-eabi/10.3.1/../../../../arm-none-eabi/lib/thumb/v7-m/nofp\libg_nano.a(lib_a-nano-mallocr.o)
                0x2000f48c                __malloc_free_list

.bss.__malloc_sbrk_start
                0x2000f490        0x4
 .bss.__malloc_sbrk_start
                0x2000f490        0x4 c:/program files (x86)/gnu arm embedded toolchain/10 2021.10/bin/../lib/gcc/arm-none-eabi/10.3.1/../../../../arm-none-eabi/lib/thumb/v7-m/nofp\libg_nano.a(lib_a-nano-mallocr.o)
                0x2000f490                __malloc_sbrk_start

.bss.errno      0x2000f494        0x4
 .bss.errno     0x2000f494        0x4 c:/program files (x86)/gnu arm embedded toolchain/10 2021.10/bin/../lib/gcc/arm-none-eabi/10.3.1/../../../../arm-none-eabi/lib/thumb/v7-m/nofp\libg_nano.a(lib_a-reent.o)
                0x2000f494                errno

.bss.heap_end.0
                0x2000f498        0x4
 .bss.heap_end.0
                0x2000f498        0x4 c:/program files (x86)/gnu arm embedded toolchain/10 2021.10/bin/../lib/gcc/arm-none-eabi/10.3.1/../../../../arm-none-eabi/lib/thumb/v7-m/nofp\librdimon_nano.a(rdimon-syscalls.o)

.bss.openfiles  0x2000f49c       0xa0
 .bss.openfiles
                0x2000f49c       0xa0 c:/program files (x86)/gnu arm embedded toolchain/10 2021.10/bin/../lib/gcc/arm-none-eabi/10.3.1/../../../../arm-none-eabi/lib/thumb/v7-m/nofp\librdimon_nano.a(rdimon-syscalls.o)

.heap           0x2000f53c      0x40c
                0x2000f540                . = ALIGN (0x8)
 *fill*         0x2000f53c        0x4 
                0x2000f540                PROVIDE (end = .)
                [!provide]                PROVIDE (_end = .)
                0x2000f540                _heap_bottom = .
                0x2000f548                . = (. + _Min_Heap_Size)
 *fill*         0x2000f540        0x8 
                0x2000f548                _heap_top = .
                0x2000f948                . = (. + _Min_Stack_Size)
 *fill*         0x2000f548      0x400 
                0x2000f948                . = ALIGN (0x8)
                0x20400000                __StackTop = (ORIGIN (RAM) + LENGTH (RAM))
                0x203ffc00                __StackLimit = (__StackTop - _Min_Stack_Size)
                [!provide]                PROVIDE (__stack = __StackTop)
                0x00000001                ASSERT ((__StackLimit >= _heap_top), region RAM overflowed with stack)
START GROUP
LOAD c:/program files (x86)/gnu arm embedded toolchain/10 2021.10/bin/../lib/gcc/arm-none-eabi/10.3.1/thumb/v7-m/nofp\libgcc.a
LOAD c:/program files (x86)/gnu arm embedded toolchain/10 2021.10/bin/../lib/gcc/arm-none-eabi/10.3.1/../../../../arm-none-eabi/lib/thumb/v7-m/nofp\libg_nano.a
LOAD c:/program files (x86)/gnu arm embedded toolchain/10 2021.10/bin/../lib/gcc/arm-none-eabi/10.3.1/../../../../arm-none-eabi/lib/thumb/v7-m/nofp\libc_nano.a
END GROUP
START GROUP
LOAD c:/program files (x86)/gnu arm embedded toolchain/10 2021.10/bin/../lib/gcc/arm-none-eabi/10.3.1/thumb/v7-m/nofp\libgcc.a
LOAD c:/program files (x86)/gnu arm embedded toolchain/10 2021.10/bin/../lib/gcc/arm-none-eabi/10.3.1/../../../../arm-none-eabi/lib/thumb/v7-m/nofp\libc_nano.a
LOAD c:/program files (x86)/gnu arm embedded toolchain/10 2021.10/bin/../lib/gcc/arm-none-eabi/10.3.1/../../../../arm-none-eabi/lib/thumb/v7-m/nofp\librdimon_nano.a
LOAD c:/program files (x86)/gnu arm embedded toolchain/10 2021.10/bin/../lib/gcc/arm-none-eabi/10.3.1/../../../../arm-none-eabi/lib/thumb/v7-m/nofp\libnosys.a
END GROUP
START GROUP
LOAD c:/program files (x86)/gnu arm embedded toolchain/10 2021.10/bin/../lib/gcc/arm-none-eabi/10.3.1/thumb/v7-m/nofp\libgcc.a
LOAD c:/program files (x86)/gnu arm embedded toolchain/10 2021.10/bin/../lib/gcc/arm-none-eabi/10.3.1/../../../../arm-none-eabi/lib/thumb/v7-m/nofp\libc_nano.a
LOAD c:/program files (x86)/gnu arm embedded toolchain/10 2021.10/bin/../lib/gcc/arm-none-eabi/10.3.1/../../../../arm-none-eabi/lib/thumb/v7-m/nofp\libnosys.a
END GROUP
START GROUP
LOAD c:/program files (x86)/gnu arm embedded toolchain/10 2021.10/bin/../lib/gcc/arm-none-eabi/10.3.1/thumb/v7-m/nofp\libgcc.a
LOAD c:/program files (x86)/gnu arm embedded toolchain/10 2021.10/bin/../lib/gcc/arm-none-eabi/10.3.1/../../../../arm-none-eabi/lib/thumb/v7-m/nofp\libc_nano.a
LOAD c:/program files (x86)/gnu arm embedded toolchain/10 2021.10/bin/../lib/gcc/arm-none-eabi/10.3.1/../../../../arm-none-eabi/lib/thumb/v7-m/nofp\librdimon_nano.a
END GROUP
OUTPUT(./output/RTOSDemo.out elf32-littlearm)
LOAD linker stubs

.debug_info     0x00000000     0x6fc2
 .debug_info    0x00000000     0x1fa7 ./output/tasks.o
 .debug_info    0x00001fa7      0x2c5 ./output/list.o
 .debug_info    0x0000226c     0x14ce ./output/queue.o
 .debug_info    0x0000373a      0xc25 ./output/timers.o
 .debug_info    0x0000435f      0x463 ./output/heap_4.o
 .debug_info    0x000047c2      0x3b3 ./output/port.o
 .debug_info    0x00004b75      0x903 ./output/IntQueue.o
 .debug_info    0x00005478      0x5c9 ./output/IntQueueTimer.o
 .debug_info    0x00005a41      0x6fb ./output/main.o
 .debug_info    0x0000613c      0xa3d ./output/startup_gcc.o
 .debug_info    0x00006b79      0x449 ./output/printf-stdarg.o

.debug_abbrev   0x00000000     0x158a
 .debug_abbrev  0x00000000      0x31c ./output/tasks.o
 .debug_abbrev  0x0000031c       0xf2 ./output/list.o
 .debug_abbrev  0x0000040e      0x22b ./output/queue.o
 .debug_abbrev  0x00000639      0x1dc ./output/timers.o
 .debug_abbrev  0x00000815      0x193 ./output/heap_4.o
 .debug_abbrev  0x000009a8      0x207 ./output/port.o
 .debug_abbrev  0x00000baf      0x206 ./output/IntQueue.o
 .debug_abbrev  0x00000db5      0x1b4 ./output/IntQueueTimer.o
 .debug_abbrev  0x00000f69      0x27a ./output/main.o
 .debug_abbrev  0x000011e3      0x244 ./output/startup_gcc.o
 .debug_abbrev  0x00001427      0x163 ./output/printf-stdarg.o

.debug_aranges  0x00000000      0x728
 .debug_aranges
                0x00000000      0x1f8 ./output/tasks.o
 .debug_aranges
                0x000001f8       0x40 ./output/list.o
 .debug_aranges
                0x00000238      0x158 ./output/queue.o
 .debug_aranges
                0x00000390       0xe8 ./output/timers.o
 .debug_aranges
                0x00000478       0x60 ./output/heap_4.o
 .debug_aranges
                0x000004d8       0x78 ./output/port.o
 .debug_aranges
                0x00000550       0x78 ./output/IntQueue.o
 .debug_aranges
                0x000005c8       0x40 ./output/IntQueueTimer.o
 .debug_aranges
                0x00000608       0x90 ./output/main.o
 .debug_aranges
                0x00000698       0x38 ./output/startup_gcc.o
 .debug_aranges
                0x000006d0       0x58 ./output/printf-stdarg.o

.debug_ranges   0x00000000      0x678
 .debug_ranges  0x00000000      0x1e8 ./output/tasks.o
 .debug_ranges  0x000001e8       0x30 ./output/list.o
 .debug_ranges  0x00000218      0x148 ./output/queue.o
 .debug_ranges  0x00000360       0xd8 ./output/timers.o
 .debug_ranges  0x00000438       0x50 ./output/heap_4.o
 .debug_ranges  0x00000488       0x68 ./output/port.o
 .debug_ranges  0x000004f0       0x68 ./output/IntQueue.o
 .debug_ranges  0x00000558       0x30 ./output/IntQueueTimer.o
 .debug_ranges  0x00000588       0x80 ./output/main.o
 .debug_ranges  0x00000608       0x28 ./output/startup_gcc.o
 .debug_ranges  0x00000630       0x48 ./output/printf-stdarg.o

.debug_macro    0x00000000     0x576c
 .debug_macro   0x00000000      0x30d ./output/tasks.o
 .debug_macro   0x0000030d      0xa5a ./output/tasks.o
 .debug_macro   0x00000d67       0x18 ./output/tasks.o
 .debug_macro   0x00000d7f       0x22 ./output/tasks.o
 .debug_macro   0x00000da1       0x5e ./output/tasks.o
 .debug_macro   0x00000dff       0x94 ./output/tasks.o
 .debug_macro   0x00000e93       0x35 ./output/tasks.o
 .debug_macro   0x00000ec8       0x34 ./output/tasks.o
 .debug_macro   0x00000efc       0x16 ./output/tasks.o
 .debug_macro   0x00000f12      0x10e ./output/tasks.o
 .debug_macro   0x00001020       0x8d ./output/tasks.o
 .debug_macro   0x000010ad       0x16 ./output/tasks.o
 .debug_macro   0x000010c3       0x43 ./output/tasks.o
 .debug_macro   0x00001106       0x57 ./output/tasks.o
 .debug_macro   0x0000115d       0x34 ./output/tasks.o
 .debug_macro   0x00001191       0x10 ./output/tasks.o
 .debug_macro   0x000011a1       0x58 ./output/tasks.o
 .debug_macro   0x000011f9      0x182 ./output/tasks.o
 .debug_macro   0x0000137b      0x341 ./output/tasks.o
 .debug_macro   0x000016bc       0x16 ./output/tasks.o
 .debug_macro   0x000016d2       0x29 ./output/tasks.o
 .debug_macro   0x000016fb       0x16 ./output/tasks.o
 .debug_macro   0x00001711       0x35 ./output/tasks.o
 .debug_macro   0x00001746       0x16 ./output/tasks.o
 .debug_macro   0x0000175c       0x10 ./output/tasks.o
 .debug_macro   0x0000176c       0x10 ./output/tasks.o
 .debug_macro   0x0000177c       0x10 ./output/tasks.o
 .debug_macro   0x0000178c       0x6a ./output/tasks.o
 .debug_macro   0x000017f6       0x1c ./output/tasks.o
 .debug_macro   0x00001812       0x52 ./output/tasks.o
 .debug_macro   0x00001864       0x22 ./output/tasks.o
 .debug_macro   0x00001886       0x10 ./output/tasks.o
 .debug_macro   0x00001896       0x52 ./output/tasks.o
 .debug_macro   0x000018e8       0xd5 ./output/tasks.o
 .debug_macro   0x000019bd       0x1c ./output/tasks.o
 .debug_macro   0x000019d9       0x3d ./output/tasks.o
 .debug_macro   0x00001a16       0x35 ./output/tasks.o
 .debug_macro   0x00001a4b      0x34e ./output/tasks.o
 .debug_macro   0x00001d99      0x155 ./output/tasks.o
 .debug_macro   0x00001eee      0x15a ./output/tasks.o
 .debug_macro   0x00002048       0xe4 ./output/tasks.o
 .debug_macro   0x0000212c       0x28 ./output/tasks.o
 .debug_macro   0x00002154       0x1f ./output/tasks.o
 .debug_macro   0x00002173       0x12 ./output/tasks.o
 .debug_macro   0x00002185      0x4cb ./output/tasks.o
 .debug_macro   0x00002650       0xc3 ./output/tasks.o
 .debug_macro   0x00002713      0x120 ./output/tasks.o
 .debug_macro   0x00002833       0x91 ./output/tasks.o
 .debug_macro   0x000028c4       0x16 ./output/tasks.o
 .debug_macro   0x000028da      0x171 ./output/list.o
 .debug_macro   0x00002a4b      0x203 ./output/queue.o
 .debug_macro   0x00002c4e       0x80 ./output/queue.o
 .debug_macro   0x00002cce      0x1c0 ./output/timers.o
 .debug_macro   0x00002e8e       0x97 ./output/timers.o
 .debug_macro   0x00002f25      0x1ed ./output/heap_4.o
 .debug_macro   0x00003112      0x144 ./output/port.o
 .debug_macro   0x00003256      0x1fa ./output/IntQueue.o
 .debug_macro   0x00003450       0xfc ./output/IntQueueTimer.o
 .debug_macro   0x0000354c       0x22 ./output/IntQueueTimer.o
 .debug_macro   0x0000356e       0x1c ./output/IntQueueTimer.o
 .debug_macro   0x0000358a       0x22 ./output/IntQueueTimer.o
 .debug_macro   0x000035ac       0xd6 ./output/IntQueueTimer.o
 .debug_macro   0x00003682      0xe2d ./output/IntQueueTimer.o
 .debug_macro   0x000044af      0x11f ./output/IntQueueTimer.o
 .debug_macro   0x000045ce      0x7b3 ./output/IntQueueTimer.o
 .debug_macro   0x00004d81      0x4a6 ./output/IntQueueTimer.o
 .debug_macro   0x00005227      0x2f4 ./output/main.o
 .debug_macro   0x0000551b      0x1bb ./output/startup_gcc.o
 .debug_macro   0x000056d6       0x3e ./output/printf-stdarg.o
 .debug_macro   0x00005714       0x58 ./output/printf-stdarg.o

.debug_line     0x00000000     0x617f
 .debug_line    0x00000000     0x1933 ./output/tasks.o
 .debug_line    0x00001933      0x4a6 ./output/list.o
 .debug_line    0x00001dd9     0x12d6 ./output/queue.o
 .debug_line    0x000030af      0x94d ./output/timers.o
 .debug_line    0x000039fc      0x6f7 ./output/heap_4.o
 .debug_line    0x000040f3      0x41b ./output/port.o
 .debug_line    0x0000450e      0x95b ./output/IntQueue.o
 .debug_line    0x00004e69      0x39a ./output/IntQueueTimer.o
 .debug_line    0x00005203      0x7c8 ./output/main.o
 .debug_line    0x000059cb      0x39a ./output/startup_gcc.o
 .debug_line    0x00005d65      0x41a ./output/printf-stdarg.o

.debug_str      0x00000000    0x1e1fd
 .debug_str     0x00000000     0xe137 ./output/tasks.o
                               0xe456 (size before relaxing)
 .debug_str     0x0000e137       0xaa ./output/list.o
                               0xa539 (size before relaxing)
 .debug_str     0x0000e1e1     0x11f4 ./output/queue.o
                               0xcadd (size before relaxing)
 .debug_str     0x0000f3d5      0x5da ./output/timers.o
                               0xcc99 (size before relaxing)
 .debug_str     0x0000f9af      0x5d6 ./output/heap_4.o
                               0xbc94 (size before relaxing)
 .debug_str     0x0000ff85      0x778 ./output/port.o
                               0x91e6 (size before relaxing)
 .debug_str     0x000106fd      0xb14 ./output/IntQueue.o
                               0xc89b (size before relaxing)
 .debug_str     0x00011211     0xb49c ./output/IntQueueTimer.o
                              0x12184 (size before relaxing)
 .debug_str     0x0001c6ad     0x143f ./output/main.o
                               0xe4a2 (size before relaxing)
 .debug_str     0x0001daec      0x52e ./output/startup_gcc.o
                               0x7c3d (size before relaxing)
 .debug_str     0x0001e01a      0x1e3 ./output/printf-stdarg.o
                               0x2f28 (size before relaxing)

.comment        0x00000000       0x49
 .comment       0x00000000       0x49 ./output/tasks.o
                                 0x4a (size before relaxing)
 .comment       0x00000049       0x4a ./output/list.o
 .comment       0x00000049       0x4a ./output/queue.o
 .comment       0x00000049       0x4a ./output/timers.o
 .comment       0x00000049       0x4a ./output/heap_4.o
 .comment       0x00000049       0x4a ./output/port.o
 .comment       0x00000049       0x4a ./output/IntQueue.o
 .comment       0x00000049       0x4a ./output/IntQueueTimer.o
 .comment       0x00000049       0x4a ./output/main.o
 .comment       0x00000049       0x4a ./output/startup_gcc.o
 .comment       0x00000049       0x4a ./output/printf-stdarg.o

.ARM.attributes
                0x00000000       0x2b
 .ARM.attributes
                0x00000000       0x2d ./output/tasks.o
 .ARM.attributes
                0x0000002d       0x2d ./output/list.o
 .ARM.attributes
                0x0000005a       0x2d ./output/queue.o
 .ARM.attributes
                0x00000087       0x2d ./output/timers.o
 .ARM.attributes
                0x000000b4       0x2d ./output/heap_4.o
 .ARM.attributes
                0x000000e1       0x2d ./output/port.o
 .ARM.attributes
                0x0000010e       0x2d ./output/IntQueue.o
 .ARM.attributes
                0x0000013b       0x2d ./output/IntQueueTimer.o
 .ARM.attributes
                0x00000168       0x2d ./output/main.o
 .ARM.attributes
                0x00000195       0x2d ./output/startup_gcc.o
 .ARM.attributes
                0x000001c2       0x2d ./output/printf-stdarg.o
 .ARM.attributes
                0x000001ef       0x2d c:/program files (x86)/gnu arm embedded toolchain/10 2021.10/bin/../lib/gcc/arm-none-eabi/10.3.1/../../../../arm-none-eabi/lib/thumb/v7-m/nofp\libg_nano.a(lib_a-fflush.o)
 .ARM.attributes
                0x0000021c       0x2d c:/program files (x86)/gnu arm embedded toolchain/10 2021.10/bin/../lib/gcc/arm-none-eabi/10.3.1/../../../../arm-none-eabi/lib/thumb/v7-m/nofp\libg_nano.a(lib_a-findfp.o)
 .ARM.attributes
                0x00000249       0x2d c:/program files (x86)/gnu arm embedded toolchain/10 2021.10/bin/../lib/gcc/arm-none-eabi/10.3.1/../../../../arm-none-eabi/lib/thumb/v7-m/nofp\libg_nano.a(lib_a-fwalk.o)
 .ARM.attributes
                0x00000276       0x2d c:/program files (x86)/gnu arm embedded toolchain/10 2021.10/bin/../lib/gcc/arm-none-eabi/10.3.1/../../../../arm-none-eabi/lib/thumb/v7-m/nofp\libg_nano.a(lib_a-impure.o)
 .ARM.attributes
                0x000002a3       0x2d c:/program files (x86)/gnu arm embedded toolchain/10 2021.10/bin/../lib/gcc/arm-none-eabi/10.3.1/../../../../arm-none-eabi/lib/thumb/v7-m/nofp\libg_nano.a(lib_a-lock.o)
 .ARM.attributes
                0x000002d0       0x2d c:/program files (x86)/gnu arm embedded toolchain/10 2021.10/bin/../lib/gcc/arm-none-eabi/10.3.1/../../../../arm-none-eabi/lib/thumb/v7-m/nofp\libg_nano.a(lib_a-memcpy-stub.o)
 .ARM.attributes
                0x000002fd       0x2d c:/program files (x86)/gnu arm embedded toolchain/10 2021.10/bin/../lib/gcc/arm-none-eabi/10.3.1/../../../../arm-none-eabi/lib/thumb/v7-m/nofp\libg_nano.a(lib_a-memset.o)
 .ARM.attributes
                0x0000032a       0x2d c:/program files (x86)/gnu arm embedded toolchain/10 2021.10/bin/../lib/gcc/arm-none-eabi/10.3.1/../../../../arm-none-eabi/lib/thumb/v7-m/nofp\libg_nano.a(lib_a-nano-freer.o)
 .ARM.attributes
                0x00000357       0x2d c:/program files (x86)/gnu arm embedded toolchain/10 2021.10/bin/../lib/gcc/arm-none-eabi/10.3.1/../../../../arm-none-eabi/lib/thumb/v7-m/nofp\libg_nano.a(lib_a-nano-mallocr.o)
 .ARM.attributes
                0x00000384       0x2d c:/program files (x86)/gnu arm embedded toolchain/10 2021.10/bin/../lib/gcc/arm-none-eabi/10.3.1/../../../../arm-none-eabi/lib/thumb/v7-m/nofp\libg_nano.a(lib_a-rand.o)
 .ARM.attributes
                0x000003b1       0x2d c:/program files (x86)/gnu arm embedded toolchain/10 2021.10/bin/../lib/gcc/arm-none-eabi/10.3.1/../../../../arm-none-eabi/lib/thumb/v7-m/nofp\libg_nano.a(lib_a-sbrkr.o)
 .ARM.attributes
                0x000003de       0x2d c:/program files (x86)/gnu arm embedded toolchain/10 2021.10/bin/../lib/gcc/arm-none-eabi/10.3.1/../../../../arm-none-eabi/lib/thumb/v7-m/nofp\libg_nano.a(lib_a-stdio.o)
 .ARM.attributes
                0x0000040b       0x17 c:/program files (x86)/gnu arm embedded toolchain/10 2021.10/bin/../lib/gcc/arm-none-eabi/10.3.1/../../../../arm-none-eabi/lib/thumb/v7-m/nofp\libg_nano.a(lib_a-strlen.o)
 .ARM.attributes
                0x00000422       0x2d c:/program files (x86)/gnu arm embedded toolchain/10 2021.10/bin/../lib/gcc/arm-none-eabi/10.3.1/../../../../arm-none-eabi/lib/thumb/v7-m/nofp\libg_nano.a(lib_a-writer.o)
 .ARM.attributes
                0x0000044f       0x2d c:/program files (x86)/gnu arm embedded toolchain/10 2021.10/bin/../lib/gcc/arm-none-eabi/10.3.1/../../../../arm-none-eabi/lib/thumb/v7-m/nofp\libg_nano.a(lib_a-assert.o)
 .ARM.attributes
                0x0000047c       0x2d c:/program files (x86)/gnu arm embedded toolchain/10 2021.10/bin/../lib/gcc/arm-none-eabi/10.3.1/../../../../arm-none-eabi/lib/thumb/v7-m/nofp\libg_nano.a(lib_a-closer.o)
 .ARM.attributes
                0x000004a9       0x2d c:/program files (x86)/gnu arm embedded toolchain/10 2021.10/bin/../lib/gcc/arm-none-eabi/10.3.1/../../../../arm-none-eabi/lib/thumb/v7-m/nofp\libg_nano.a(lib_a-fprintf.o)
 .ARM.attributes
                0x000004d6       0x2d c:/program files (x86)/gnu arm embedded toolchain/10 2021.10/bin/../lib/gcc/arm-none-eabi/10.3.1/../../../../arm-none-eabi/lib/thumb/v7-m/nofp\libg_nano.a(lib_a-lseekr.o)
 .ARM.attributes
                0x00000503       0x2d c:/program files (x86)/gnu arm embedded toolchain/10 2021.10/bin/../lib/gcc/arm-none-eabi/10.3.1/../../../../arm-none-eabi/lib/thumb/v7-m/nofp\libg_nano.a(lib_a-mlock.o)
 .ARM.attributes
                0x00000530       0x2d c:/program files (x86)/gnu arm embedded toolchain/10 2021.10/bin/../lib/gcc/arm-none-eabi/10.3.1/../../../../arm-none-eabi/lib/thumb/v7-m/nofp\libg_nano.a(lib_a-nano-vfprintf.o)
 .ARM.attributes
                0x0000055d       0x2d c:/program files (x86)/gnu arm embedded toolchain/10 2021.10/bin/../lib/gcc/arm-none-eabi/10.3.1/../../../../arm-none-eabi/lib/thumb/v7-m/nofp\libg_nano.a(lib_a-nano-vfprintf_i.o)
 .ARM.attributes
                0x0000058a       0x2d c:/program files (x86)/gnu arm embedded toolchain/10 2021.10/bin/../lib/gcc/arm-none-eabi/10.3.1/../../../../arm-none-eabi/lib/thumb/v7-m/nofp\libg_nano.a(lib_a-readr.o)
 .ARM.attributes
                0x000005b7       0x2d c:/program files (x86)/gnu arm embedded toolchain/10 2021.10/bin/../lib/gcc/arm-none-eabi/10.3.1/../../../../arm-none-eabi/lib/thumb/v7-m/nofp\libg_nano.a(lib_a-reent.o)
 .ARM.attributes
                0x000005e4       0x2d c:/program files (x86)/gnu arm embedded toolchain/10 2021.10/bin/../lib/gcc/arm-none-eabi/10.3.1/../../../../arm-none-eabi/lib/thumb/v7-m/nofp\libg_nano.a(lib_a-wbuf.o)
 .ARM.attributes
                0x00000611       0x2d c:/program files (x86)/gnu arm embedded toolchain/10 2021.10/bin/../lib/gcc/arm-none-eabi/10.3.1/../../../../arm-none-eabi/lib/thumb/v7-m/nofp\libg_nano.a(lib_a-wsetup.o)
 .ARM.attributes
                0x0000063e       0x2d c:/program files (x86)/gnu arm embedded toolchain/10 2021.10/bin/../lib/gcc/arm-none-eabi/10.3.1/../../../../arm-none-eabi/lib/thumb/v7-m/nofp\libg_nano.a(lib_a-abort.o)
 .ARM.attributes
                0x0000066b       0x2d c:/program files (x86)/gnu arm embedded toolchain/10 2021.10/bin/../lib/gcc/arm-none-eabi/10.3.1/../../../../arm-none-eabi/lib/thumb/v7-m/nofp\libg_nano.a(lib_a-makebuf.o)
 .ARM.attributes
                0x00000698       0x2d c:/program files (x86)/gnu arm embedded toolchain/10 2021.10/bin/../lib/gcc/arm-none-eabi/10.3.1/../../../../arm-none-eabi/lib/thumb/v7-m/nofp\libg_nano.a(lib_a-memchr-stub.o)
 .ARM.attributes
                0x000006c5       0x2d c:/program files (x86)/gnu arm embedded toolchain/10 2021.10/bin/../lib/gcc/arm-none-eabi/10.3.1/../../../../arm-none-eabi/lib/thumb/v7-m/nofp\libg_nano.a(lib_a-signal.o)
 .ARM.attributes
                0x000006f2       0x2d c:/program files (x86)/gnu arm embedded toolchain/10 2021.10/bin/../lib/gcc/arm-none-eabi/10.3.1/../../../../arm-none-eabi/lib/thumb/v7-m/nofp\libg_nano.a(lib_a-signalr.o)
 .ARM.attributes
                0x0000071f       0x2d c:/program files (x86)/gnu arm embedded toolchain/10 2021.10/bin/../lib/gcc/arm-none-eabi/10.3.1/../../../../arm-none-eabi/lib/thumb/v7-m/nofp\libg_nano.a(lib_a-fstatr.o)
 .ARM.attributes
                0x0000074c       0x2d c:/program files (x86)/gnu arm embedded toolchain/10 2021.10/bin/../lib/gcc/arm-none-eabi/10.3.1/../../../../arm-none-eabi/lib/thumb/v7-m/nofp\libg_nano.a(lib_a-isattyr.o)
 .ARM.attributes
                0x00000779       0x2d c:/program files (x86)/gnu arm embedded toolchain/10 2021.10/bin/../lib/gcc/arm-none-eabi/10.3.1/../../../../arm-none-eabi/lib/thumb/v7-m/nofp\librdimon_nano.a(rdimon-syscalls.o)
 .ARM.attributes
                0x000007a6       0x2d c:/program files (x86)/gnu arm embedded toolchain/10 2021.10/bin/../lib/gcc/arm-none-eabi/10.3.1/../../../../arm-none-eabi/lib/thumb/v7-m/nofp\librdimon_nano.a(rdimon-_exit.o)
 .ARM.attributes
                0x000007d3       0x2d c:/program files (x86)/gnu arm embedded toolchain/10 2021.10/bin/../lib/gcc/arm-none-eabi/10.3.1/../../../../arm-none-eabi/lib/thumb/v7-m/nofp\librdimon_nano.a(rdimon-_kill.o)
 .ARM.attributes
                0x00000800       0x2d c:/program files (x86)/gnu arm embedded toolchain/10 2021.10/bin/../lib/gcc/arm-none-eabi/10.3.1/../../../../arm-none-eabi/lib/thumb/v7-m/nofp\libc_nano.a(lib_a-errno.o)

.debug_frame    0x00000000     0x29f4
 .debug_frame   0x00000000      0x888 ./output/tasks.o
 .debug_frame   0x00000888       0xd8 ./output/list.o
 .debug_frame   0x00000960      0x5c0 ./output/queue.o
 .debug_frame   0x00000f20      0x3a8 ./output/timers.o
 .debug_frame   0x000012c8      0x150 ./output/heap_4.o
 .debug_frame   0x00001418      0x17c ./output/port.o
 .debug_frame   0x00001594      0x1ac ./output/IntQueue.o
 .debug_frame   0x00001740       0xb4 ./output/IntQueueTimer.o
 .debug_frame   0x000017f4      0x210 ./output/main.o
 .debug_frame   0x00001a04       0x6c ./output/startup_gcc.o
 .debug_frame   0x00001a70      0x194 ./output/printf-stdarg.o
 .debug_frame   0x00001c04       0x5c c:/program files (x86)/gnu arm embedded toolchain/10 2021.10/bin/../lib/gcc/arm-none-eabi/10.3.1/../../../../arm-none-eabi/lib/thumb/v7-m/nofp\libg_nano.a(lib_a-fflush.o)
 .debug_frame   0x00001c60      0x14c c:/program files (x86)/gnu arm embedded toolchain/10 2021.10/bin/../lib/gcc/arm-none-eabi/10.3.1/../../../../arm-none-eabi/lib/thumb/v7-m/nofp\libg_nano.a(lib_a-findfp.o)
 .debug_frame   0x00001dac       0x54 c:/program files (x86)/gnu arm embedded toolchain/10 2021.10/bin/../lib/gcc/arm-none-eabi/10.3.1/../../../../arm-none-eabi/lib/thumb/v7-m/nofp\libg_nano.a(lib_a-fwalk.o)
 .debug_frame   0x00001e00       0xb0 c:/program files (x86)/gnu arm embedded toolchain/10 2021.10/bin/../lib/gcc/arm-none-eabi/10.3.1/../../../../arm-none-eabi/lib/thumb/v7-m/nofp\libg_nano.a(lib_a-lock.o)
 .debug_frame   0x00001eb0       0x28 c:/program files (x86)/gnu arm embedded toolchain/10 2021.10/bin/../lib/gcc/arm-none-eabi/10.3.1/../../../../arm-none-eabi/lib/thumb/v7-m/nofp\libg_nano.a(lib_a-memcpy-stub.o)
 .debug_frame   0x00001ed8       0x20 c:/program files (x86)/gnu arm embedded toolchain/10 2021.10/bin/../lib/gcc/arm-none-eabi/10.3.1/../../../../arm-none-eabi/lib/thumb/v7-m/nofp\libg_nano.a(lib_a-memset.o)
 .debug_frame   0x00001ef8       0x38 c:/program files (x86)/gnu arm embedded toolchain/10 2021.10/bin/../lib/gcc/arm-none-eabi/10.3.1/../../../../arm-none-eabi/lib/thumb/v7-m/nofp\libg_nano.a(lib_a-nano-freer.o)
 .debug_frame   0x00001f30       0x4c c:/program files (x86)/gnu arm embedded toolchain/10 2021.10/bin/../lib/gcc/arm-none-eabi/10.3.1/../../../../arm-none-eabi/lib/thumb/v7-m/nofp\libg_nano.a(lib_a-nano-mallocr.o)
 .debug_frame   0x00001f7c       0x44 c:/program files (x86)/gnu arm embedded toolchain/10 2021.10/bin/../lib/gcc/arm-none-eabi/10.3.1/../../../../arm-none-eabi/lib/thumb/v7-m/nofp\libg_nano.a(lib_a-rand.o)
 .debug_frame   0x00001fc0       0x2c c:/program files (x86)/gnu arm embedded toolchain/10 2021.10/bin/../lib/gcc/arm-none-eabi/10.3.1/../../../../arm-none-eabi/lib/thumb/v7-m/nofp\libg_nano.a(lib_a-sbrkr.o)
 .debug_frame   0x00001fec       0x88 c:/program files (x86)/gnu arm embedded toolchain/10 2021.10/bin/../lib/gcc/arm-none-eabi/10.3.1/../../../../arm-none-eabi/lib/thumb/v7-m/nofp\libg_nano.a(lib_a-stdio.o)
 .debug_frame   0x00002074       0x2c c:/program files (x86)/gnu arm embedded toolchain/10 2021.10/bin/../lib/gcc/arm-none-eabi/10.3.1/../../../../arm-none-eabi/lib/thumb/v7-m/nofp\libg_nano.a(lib_a-writer.o)
 .debug_frame   0x000020a0       0x40 c:/program files (x86)/gnu arm embedded toolchain/10 2021.10/bin/../lib/gcc/arm-none-eabi/10.3.1/../../../../arm-none-eabi/lib/thumb/v7-m/nofp\libg_nano.a(lib_a-assert.o)
 .debug_frame   0x000020e0       0x2c c:/program files (x86)/gnu arm embedded toolchain/10 2021.10/bin/../lib/gcc/arm-none-eabi/10.3.1/../../../../arm-none-eabi/lib/thumb/v7-m/nofp\libg_nano.a(lib_a-closer.o)
 .debug_frame   0x0000210c       0x64 c:/program files (x86)/gnu arm embedded toolchain/10 2021.10/bin/../lib/gcc/arm-none-eabi/10.3.1/../../../../arm-none-eabi/lib/thumb/v7-m/nofp\libg_nano.a(lib_a-fprintf.o)
 .debug_frame   0x00002170       0x2c c:/program files (x86)/gnu arm embedded toolchain/10 2021.10/bin/../lib/gcc/arm-none-eabi/10.3.1/../../../../arm-none-eabi/lib/thumb/v7-m/nofp\libg_nano.a(lib_a-lseekr.o)
 .debug_frame   0x0000219c       0x30 c:/program files (x86)/gnu arm embedded toolchain/10 2021.10/bin/../lib/gcc/arm-none-eabi/10.3.1/../../../../arm-none-eabi/lib/thumb/v7-m/nofp\libg_nano.a(lib_a-mlock.o)
 .debug_frame   0x000021cc       0xac c:/program files (x86)/gnu arm embedded toolchain/10 2021.10/bin/../lib/gcc/arm-none-eabi/10.3.1/../../../../arm-none-eabi/lib/thumb/v7-m/nofp\libg_nano.a(lib_a-nano-vfprintf.o)
 .debug_frame   0x00002278       0x60 c:/program files (x86)/gnu arm embedded toolchain/10 2021.10/bin/../lib/gcc/arm-none-eabi/10.3.1/../../../../arm-none-eabi/lib/thumb/v7-m/nofp\libg_nano.a(lib_a-nano-vfprintf_i.o)
 .debug_frame   0x000022d8       0x2c c:/program files (x86)/gnu arm embedded toolchain/10 2021.10/bin/../lib/gcc/arm-none-eabi/10.3.1/../../../../arm-none-eabi/lib/thumb/v7-m/nofp\libg_nano.a(lib_a-readr.o)
 .debug_frame   0x00002304       0x5c c:/program files (x86)/gnu arm embedded toolchain/10 2021.10/bin/../lib/gcc/arm-none-eabi/10.3.1/../../../../arm-none-eabi/lib/thumb/v7-m/nofp\libg_nano.a(lib_a-reent.o)
 .debug_frame   0x00002360       0x40 c:/program files (x86)/gnu arm embedded toolchain/10 2021.10/bin/../lib/gcc/arm-none-eabi/10.3.1/../../../../arm-none-eabi/lib/thumb/v7-m/nofp\libg_nano.a(lib_a-wbuf.o)
 .debug_frame   0x000023a0       0x2c c:/program files (x86)/gnu arm embedded toolchain/10 2021.10/bin/../lib/gcc/arm-none-eabi/10.3.1/../../../../arm-none-eabi/lib/thumb/v7-m/nofp\libg_nano.a(lib_a-wsetup.o)
 .debug_frame   0x000023cc       0x28 c:/program files (x86)/gnu arm embedded toolchain/10 2021.10/bin/../lib/gcc/arm-none-eabi/10.3.1/../../../../arm-none-eabi/lib/thumb/v7-m/nofp\libg_nano.a(lib_a-abort.o)
 .debug_frame   0x000023f4       0x58 c:/program files (x86)/gnu arm embedded toolchain/10 2021.10/bin/../lib/gcc/arm-none-eabi/10.3.1/../../../../arm-none-eabi/lib/thumb/v7-m/nofp\libg_nano.a(lib_a-makebuf.o)
 .debug_frame   0x0000244c       0x28 c:/program files (x86)/gnu arm embedded toolchain/10 2021.10/bin/../lib/gcc/arm-none-eabi/10.3.1/../../../../arm-none-eabi/lib/thumb/v7-m/nofp\libg_nano.a(lib_a-memchr-stub.o)
 .debug_frame   0x00002474       0xcc c:/program files (x86)/gnu arm embedded toolchain/10 2021.10/bin/../lib/gcc/arm-none-eabi/10.3.1/../../../../arm-none-eabi/lib/thumb/v7-m/nofp\libg_nano.a(lib_a-signal.o)
 .debug_frame   0x00002540       0x3c c:/program files (x86)/gnu arm embedded toolchain/10 2021.10/bin/../lib/gcc/arm-none-eabi/10.3.1/../../../../arm-none-eabi/lib/thumb/v7-m/nofp\libg_nano.a(lib_a-signalr.o)
 .debug_frame   0x0000257c       0x2c c:/program files (x86)/gnu arm embedded toolchain/10 2021.10/bin/../lib/gcc/arm-none-eabi/10.3.1/../../../../arm-none-eabi/lib/thumb/v7-m/nofp\libg_nano.a(lib_a-fstatr.o)
 .debug_frame   0x000025a8       0x2c c:/program files (x86)/gnu arm embedded toolchain/10 2021.10/bin/../lib/gcc/arm-none-eabi/10.3.1/../../../../arm-none-eabi/lib/thumb/v7-m/nofp\libg_nano.a(lib_a-isattyr.o)
 .debug_frame   0x000025d4      0x398 c:/program files (x86)/gnu arm embedded toolchain/10 2021.10/bin/../lib/gcc/arm-none-eabi/10.3.1/../../../../arm-none-eabi/lib/thumb/v7-m/nofp\librdimon_nano.a(rdimon-syscalls.o)
 .debug_frame   0x0000296c       0x28 c:/program files (x86)/gnu arm embedded toolchain/10 2021.10/bin/../lib/gcc/arm-none-eabi/10.3.1/../../../../arm-none-eabi/lib/thumb/v7-m/nofp\librdimon_nano.a(rdimon-_exit.o)
 .debug_frame   0x00002994       0x40 c:/program files (x86)/gnu arm embedded toolchain/10 2021.10/bin/../lib/gcc/arm-none-eabi/10.3.1/../../../../arm-none-eabi/lib/thumb/v7-m/nofp\librdimon_nano.a(rdimon-_kill.o)
 .debug_frame   0x000029d4       0x20 c:/program files (x86)/gnu arm embedded toolchain/10 2021.10/bin/../lib/gcc/arm-none-eabi/10.3.1/../../../../arm-none-eabi/lib/thumb/v7-m/nofp\libc_nano.a(lib_a-errno.o)
