Archive member included to satisfy reference by file (symbol)

c:/program files (x86)/gnu arm embedded toolchain/10 2021.10/bin/../lib/gcc/arm-none-eabi/10.3.1/../../../../arm-none-eabi/lib/thumb/v7-m/nofp\libg_nano.a(lib_a-fflush.o)
                              ./output/startup_gcc.o (fflush)
c:/program files (x86)/gnu arm embedded toolchain/10 2021.10/bin/../lib/gcc/arm-none-eabi/10.3.1/../../../../arm-none-eabi/lib/thumb/v7-m/nofp\libg_nano.a(lib_a-findfp.o)
                              c:/program files (x86)/gnu arm embedded toolchain/10 2021.10/bin/../lib/gcc/arm-none-eabi/10.3.1/../../../../arm-none-eabi/lib/thumb/v7-m/nofp\libg_nano.a(lib_a-fflush.o) (__sinit)
c:/program files (x86)/gnu arm embedded toolchain/10 2021.10/bin/../lib/gcc/arm-none-eabi/10.3.1/../../../../arm-none-eabi/lib/thumb/v7-m/nofp\libg_nano.a(lib_a-fwalk.o)
                              c:/program files (x86)/gnu arm embedded toolchain/10 2021.10/bin/../lib/gcc/arm-none-eabi/10.3.1/../../../../arm-none-eabi/lib/thumb/v7-m/nofp\libg_nano.a(lib_a-findfp.o) (_fwalk)
c:/program files (x86)/gnu arm embedded toolchain/10 2021.10/bin/../lib/gcc/arm-none-eabi/10.3.1/../../../../arm-none-eabi/lib/thumb/v7-m/nofp\libg_nano.a(lib_a-impure.o)
                              c:/program files (x86)/gnu arm embedded toolchain/10 2021.10/bin/../lib/gcc/arm-none-eabi/10.3.1/../../../../arm-none-eabi/lib/thumb/v7-m/nofp\libg_nano.a(lib_a-fflush.o) (_global_impure_ptr)
c:/program files (x86)/gnu arm embedded toolchain/10 2021.10/bin/../lib/gcc/arm-none-eabi/10.3.1/../../../../arm-none-eabi/lib/thumb/v7-m/nofp\libg_nano.a(lib_a-lock.o)
                              c:/program files (x86)/gnu arm embedded toolchain/10 2021.10/bin/../lib/gcc/arm-none-eabi/10.3.1/../../../../arm-none-eabi/lib/thumb/v7-m/nofp\libg_nano.a(lib_a-findfp.o) (__retarget_lock_init_recursive)
c:/program files (x86)/gnu arm embedded toolchain/10 2021.10/bin/../lib/gcc/arm-none-eabi/10.3.1/../../../../arm-none-eabi/lib/thumb/v7-m/nofp\libg_nano.a(lib_a-memcmp.o)
                              ./output/MessageBufferDemo.o (memcmp)
c:/program files (x86)/gnu arm embedded toolchain/10 2021.10/bin/../lib/gcc/arm-none-eabi/10.3.1/../../../../arm-none-eabi/lib/thumb/v7-m/nofp\libg_nano.a(lib_a-memcpy-stub.o)
                              ./output/queue.o (memcpy)
c:/program files (x86)/gnu arm embedded toolchain/10 2021.10/bin/../lib/gcc/arm-none-eabi/10.3.1/../../../../arm-none-eabi/lib/thumb/v7-m/nofp\libg_nano.a(lib_a-memset.o)
                              ./output/tasks.o (memset)
c:/program files (x86)/gnu arm embedded toolchain/10 2021.10/bin/../lib/gcc/arm-none-eabi/10.3.1/../../../../arm-none-eabi/lib/thumb/v7-m/nofp\libg_nano.a(lib_a-nano-freer.o)
                              c:/program files (x86)/gnu arm embedded toolchain/10 2021.10/bin/../lib/gcc/arm-none-eabi/10.3.1/../../../../arm-none-eabi/lib/thumb/v7-m/nofp\libg_nano.a(lib_a-fflush.o) (_free_r)
c:/program files (x86)/gnu arm embedded toolchain/10 2021.10/bin/../lib/gcc/arm-none-eabi/10.3.1/../../../../arm-none-eabi/lib/thumb/v7-m/nofp\libg_nano.a(lib_a-nano-mallocr.o)
                              c:/program files (x86)/gnu arm embedded toolchain/10 2021.10/bin/../lib/gcc/arm-none-eabi/10.3.1/../../../../arm-none-eabi/lib/thumb/v7-m/nofp\libg_nano.a(lib_a-findfp.o) (_malloc_r)
c:/program files (x86)/gnu arm embedded toolchain/10 2021.10/bin/../lib/gcc/arm-none-eabi/10.3.1/../../../../arm-none-eabi/lib/thumb/v7-m/nofp\libg_nano.a(lib_a-rand.o)
                              ./output/tasks.o (srand)
c:/program files (x86)/gnu arm embedded toolchain/10 2021.10/bin/../lib/gcc/arm-none-eabi/10.3.1/../../../../arm-none-eabi/lib/thumb/v7-m/nofp\libg_nano.a(lib_a-sbrkr.o)
                              c:/program files (x86)/gnu arm embedded toolchain/10 2021.10/bin/../lib/gcc/arm-none-eabi/10.3.1/../../../../arm-none-eabi/lib/thumb/v7-m/nofp\libg_nano.a(lib_a-nano-mallocr.o) (_sbrk_r)
c:/program files (x86)/gnu arm embedded toolchain/10 2021.10/bin/../lib/gcc/arm-none-eabi/10.3.1/../../../../arm-none-eabi/lib/thumb/v7-m/nofp\libg_nano.a(lib_a-stdio.o)
                              c:/program files (x86)/gnu arm embedded toolchain/10 2021.10/bin/../lib/gcc/arm-none-eabi/10.3.1/../../../../arm-none-eabi/lib/thumb/v7-m/nofp\libg_nano.a(lib_a-findfp.o) (__sread)
c:/program files (x86)/gnu arm embedded toolchain/10 2021.10/bin/../lib/gcc/arm-none-eabi/10.3.1/../../../../arm-none-eabi/lib/thumb/v7-m/nofp\libg_nano.a(lib_a-strcmp.o)
                              ./output/MessageBufferAMP.o (strcmp)
c:/program files (x86)/gnu arm embedded toolchain/10 2021.10/bin/../lib/gcc/arm-none-eabi/10.3.1/../../../../arm-none-eabi/lib/thumb/v7-m/nofp\libg_nano.a(lib_a-strlen.o)
                              ./output/tasks.o (strlen)
c:/program files (x86)/gnu arm embedded toolchain/10 2021.10/bin/../lib/gcc/arm-none-eabi/10.3.1/../../../../arm-none-eabi/lib/thumb/v7-m/nofp\libg_nano.a(lib_a-writer.o)
[...]
Memory Configuration

Name             Origin             Length             Attributes
FLASH            0x00000000         0x00400000         xr
RAM              0x20000000         0x00400000         rw
*default*        0x00000000         0xffffffff

Linker script and memory map

LOAD ./output/tasks.o
LOAD ./output/list.o
LOAD ./output/queue.o
LOAD ./output/timers.o
LOAD ./output/event_groups.o
LOAD ./output/stream_buffer.o
LOAD ./output/heap_4.o
LOAD ./output/port.o
LOAD ./output/AbortDelay.o
LOAD ./output/BlockQ.o
LOAD ./output/blocktim.o
LOAD ./output/countsem.o
LOAD ./output/death.o
LOAD ./output/dynamic.o
LOAD ./output/EventGroupsDemo.o
LOAD ./output/GenQTest.o
LOAD ./output/integer.o
LOAD ./output/IntQueue.o
LOAD ./output/IntQueueTimer.o
LOAD ./output/IntSemTest.o
LOAD ./output/MessageBufferAMP.o
LOAD ./output/MessageBufferDemo.o
LOAD ./output/PollQ.o
LOAD ./output/QPeek.o
LOAD ./output/QueueOverwrite.o
LOAD ./output/QueueSet.o
LOAD ./output/QueueSetPolling.o
LOAD ./output/recmutex.o
LOAD ./output/semtest.o
LOAD ./output/StaticAllocation.o
LOAD ./output/StreamBufferDemo.o
LOAD ./output/StreamBufferInterrupt.o
LOAD ./output/TaskNotify.o
LOAD ./output/TaskNotifyArray.o
LOAD ./output/TimerDemo.o
LOAD ./output/main.o
LOAD ./output/main_blinky.o
LOAD ./output/main_full.o
LOAD ./output/startup_gcc.o
LOAD ./output/printf-stdarg.o
                0x00000008                _Min_Heap_Size = 0x8
                0x00000400                _Min_Stack_Size = 0x400
                0x20400000                _estack = (ORIGIN (RAM) + LENGTH (RAM))

.isr_vector     0x00000000       0x78
                0x00000000                __vector_table = .
 *(.isr_vector)
 .isr_vector    0x00000000       0x78 ./output/startup_gcc.o
                0x00000000                isr_vector
                0x00000078                . = ALIGN (0x4)

.text           0x00000078      0x402
 *(.text)
 .text          0x00000078       0x10 c:/program files (x86)/gnu arm embedded toolchain/10 2021.10/bin/../lib/gcc/arm-none-eabi/10.3.1/../../../../arm-none-eabi/lib/thumb/v7-m/nofp\libg_nano.a(lib_a-strlen.o)
                0x00000078                strlen
 *(.rodata*)
 .rodata        0x00000088       0xa0 ./output/tasks.o
 .rodata        0x00000128       0x1e ./output/queue.o
 *fill*         0x00000146        0x2 
 .rodata        0x00000148       0x2d ./output/timers.o
 *fill*         0x00000175        0x3 
 .rodata        0x00000178       0x30 ./output/heap_4.o
 .rodata        0x000001a8       0x32 ./output/port.o
 *fill*         0x000001da        0x2 
 .rodata        0x000001dc       0xdf ./output/main.o
 *fill*         0x000002bb        0x1 
 .rodata        0x000002bc       0x36 ./output/startup_gcc.o
 *fill*         0x000002f2        0x2 
 .rodata        0x000002f4        0x7 ./output/printf-stdarg.o
 *fill*         0x000002fb        0x1 
 .rodata.__sf_fake_stderr
                0x000002fc       0x20 c:/program files (x86)/gnu arm embedded toolchain/10 2021.10/bin/../lib/gcc/arm-none-eabi/10.3.1/../../../../arm-none-eabi/lib/thumb/v7-m/nofp\libg_nano.a(lib_a-findfp.o)
                0x000002fc                __sf_fake_stderr
 .rodata.__sf_fake_stdin
                0x0000031c       0x20 c:/program files (x86)/gnu arm embedded toolchain/10 2021.10/bin/../lib/gcc/arm-none-eabi/10.3.1/../../../../arm-none-eabi/lib/thumb/v7-m/nofp\libg_nano.a(lib_a-findfp.o)
                0x0000031c                __sf_fake_stdin
 .rodata.__sf_fake_stdout
                0x0000033c       0x20 c:/program files (x86)/gnu arm embedded toolchain/10 2021.10/bin/../lib/gcc/arm-none-eabi/10.3.1/../../../../arm-none-eabi/lib/thumb/v7-m/nofp\libg_nano.a(lib_a-findfp.o)
                0x0000033c                __sf_fake_stdout
 .rodata._global_impure_ptr
                0x0000035c        0x4 c:/program files (x86)/gnu arm embedded toolchain/10 2021.10/bin/../lib/gcc/arm-none-eabi/10.3.1/../../../../arm-none-eabi/lib/thumb/v7-m/nofp\libg_nano.a(lib_a-impure.o)
                0x0000035c                _global_impure_ptr
 .rodata.srand.str1.1
                0x00000360       0x95 c:/program files (x86)/gnu arm embedded toolchain/10 2021.10/bin/../lib/gcc/arm-none-eabi/10.3.1/../../../../arm-none-eabi/lib/thumb/v7-m/nofp\libg_nano.a(lib_a-rand.o)
 .rodata.__assert_func.str1.1
                0x000003f5       0x3c c:/program files (x86)/gnu arm embedded toolchain/10 2021.10/bin/../lib/gcc/arm-none-eabi/10.3.1/../../../../arm-none-eabi/lib/thumb/v7-m/nofp\libg_nano.a(lib_a-assert.o)
                                 0x3d (size before relaxing)
 .rodata._vfprintf_r.str1.1
                0x00000431       0x11 c:/program files (x86)/gnu arm embedded toolchain/10 2021.10/bin/../lib/gcc/arm-none-eabi/10.3.1/../../../../arm-none-eabi/lib/thumb/v7-m/nofp\libg_nano.a(lib_a-nano-vfprintf.o)
 .rodata._printf_i.str1.1
                0x00000442       0x22 c:/program files (x86)/gnu arm embedded toolchain/10 2021.10/bin/../lib/gcc/arm-none-eabi/10.3.1/../../../../arm-none-eabi/lib/thumb/v7-m/nofp\libg_nano.a(lib_a-nano-vfprintf_i.o)
 .rodata._get_semihosting_exts.str1.1
                0x00000464       0x16 c:/program files (x86)/gnu arm embedded toolchain/10 2021.10/bin/../lib/gcc/arm-none-eabi/10.3.1/../../../../arm-none-eabi/lib/thumb/v7-m/nofp\librdimon_nano.a(rdimon-syscalls.o)
 *(.constdata*)
                0x0000047a                _etext = .
                0x0000047a                _sidata = .

.glue_7         0x0000047c        0x0
 .glue_7        0x0000047c        0x0 linker stubs

.glue_7t        0x0000047c        0x0
 .glue_7t       0x0000047c        0x0 linker stubs

.vfp11_veneer   0x0000047c        0x0
 .vfp11_veneer  0x0000047c        0x0 linker stubs

.v4_bx          0x0000047c        0x0
 .v4_bx         0x0000047c        0x0 linker stubs

.text.xTaskCreate
                0x0000047a       0x90
 .text.xTaskCreate
                0x0000047a       0x90 ./output/tasks.o
                0x0000047a                xTaskCreate

.text.prvInitialiseNewTask
                0x0000050c      0x134
 .text.prvInitialiseNewTask
                0x0000050c      0x134 ./output/tasks.o

.text.prvAddNewTaskToReadyList
                0x00000640      0x124
 .text.prvAddNewTaskToReadyList
                0x00000640      0x124 ./output/tasks.o

.text.vTaskStartScheduler
                0x00000764      0x168
 .text.vTaskStartScheduler
                0x00000764      0x168 ./output/tasks.o
                0x00000764                vTaskStartScheduler

.text.vTaskSuspendAll
                0x000008cc       0x1c
 .text.vTaskSuspendAll
                0x000008cc       0x1c ./output/tasks.o
                0x000008cc                vTaskSuspendAll

.text.xTaskResumeAll
                0x000008e8      0x1f0
 .text.xTaskResumeAll
                0x000008e8      0x1f0 ./output/tasks.o
                0x000008e8                xTaskResumeAll

.text.xTaskGetTickCount
                0x00000ad8       0x1c
 .text.xTaskGetTickCount
                0x00000ad8       0x1c ./output/tasks.o
                0x00000ad8                xTaskGetTickCount

.text.uxTaskGetNumberOfTasks
                0x00000af4       0x14
 .text.uxTaskGetNumberOfTasks
                0x00000af4       0x14 ./output/tasks.o
                0x00000af4                uxTaskGetNumberOfTasks

.text.xTaskIncrementTick
                0x00000b08      0x234
 .text.xTaskIncrementTick
                0x00000b08      0x234 ./output/tasks.o
                0x00000b08                xTaskIncrementTick

.text.vTaskSwitchContext
                0x00000d3c      0x140
 .text.vTaskSwitchContext
                0x00000d3c      0x140 ./output/tasks.o
                0x00000d3c                vTaskSwitchContext

.text.vTaskPlaceOnEventList
                0x00000e7c       0x40
 .text.vTaskPlaceOnEventList
                0x00000e7c       0x40 ./output/tasks.o
                0x00000e7c                vTaskPlaceOnEventList

.text.vTaskPlaceOnEventListRestricted
                0x00000ebc       0x84
 .text.vTaskPlaceOnEventListRestricted
                0x00000ebc       0x84 ./output/tasks.o
                0x00000ebc                vTaskPlaceOnEventListRestricted

.text.xTaskRemoveFromEventList
                0x00000f40      0x1a0
 .text.xTaskRemoveFromEventList
                0x00000f40      0x1a0 ./output/tasks.o
                0x00000f40                xTaskRemoveFromEventList

.text.vTaskInternalSetTimeOutState
                0x000010e0       0x2c
 .text.vTaskInternalSetTimeOutState
                0x000010e0       0x2c ./output/tasks.o
                0x000010e0                vTaskInternalSetTimeOutState

.text.xTaskCheckForTimeOut
                0x0000110c       0xd8
 .text.xTaskCheckForTimeOut
                0x0000110c       0xd8 ./output/tasks.o
                0x0000110c                xTaskCheckForTimeOut

.text.vTaskMissedYield
                0x000011e4       0x18
 .text.vTaskMissedYield
                0x000011e4       0x18 ./output/tasks.o
                0x000011e4                vTaskMissedYield

.text.prvIdleTask
                0x000011fc        0xe
 .text.prvIdleTask
                0x000011fc        0xe ./output/tasks.o

.text.prvInitialiseTaskLists
                0x0000120c       0x80
 .text.prvInitialiseTaskLists
                0x0000120c       0x80 ./output/tasks.o

.text.prvCheckTasksWaitingTermination
                0x0000128c       0x5c
 .text.prvCheckTasksWaitingTermination
                0x0000128c       0x5c ./output/tasks.o

.text.prvDeleteTCB
                0x000012e8       0x20
 .text.prvDeleteTCB
                0x000012e8       0x20 ./output/tasks.o

.text.prvResetNextTaskUnblockTime
                0x00001308       0x34
 .text.prvResetNextTaskUnblockTime
                0x00001308       0x34 ./output/tasks.o

.text.xTaskGetSchedulerState
                0x0000133c       0x3c
 .text.xTaskGetSchedulerState
                0x0000133c       0x3c ./output/tasks.o
                0x0000133c                xTaskGetSchedulerState

.text.xTaskPriorityDisinherit
                0x00001378      0x130
 .text.xTaskPriorityDisinherit
                0x00001378      0x130 ./output/tasks.o
                0x00001378                xTaskPriorityDisinherit

.text.prvAddCurrentTaskToDelayedList
                0x000014a8      0x108
 .text.prvAddCurrentTaskToDelayedList
                0x000014a8      0x108 ./output/tasks.o

.iplt           0x000015b0        0x0
 .iplt          0x000015b0        0x0 ./output/tasks.o

.text.vListInitialise
                0x000015b0       0x3e
 .text.vListInitialise
                0x000015b0       0x3e ./output/list.o
                0x000015b0                vListInitialise

.text.vListInitialiseItem
                0x000015ee       0x18
 .text.vListInitialiseItem
                0x000015ee       0x18 ./output/list.o
                0x000015ee                vListInitialiseItem

.text.vListInsert
                0x00001606       0x70
 .text.vListInsert
                0x00001606       0x70 ./output/list.o
                0x00001606                vListInsert

.text.uxListRemove
                0x00001676       0x52
 .text.uxListRemove
                0x00001676       0x52 ./output/list.o
                0x00001676                uxListRemove

.text.xQueueGenericReset
                0x000016c8      0x10c
 .text.xQueueGenericReset
                0x000016c8      0x10c ./output/queue.o
                0x000016c8                xQueueGenericReset

.text.xQueueGenericCreate
                0x000017d4       0x94
 .text.xQueueGenericCreate
                0x000017d4       0x94 ./output/queue.o
                0x000017d4                xQueueGenericCreate

.text.prvInitialiseNewQueue
                0x00001868       0x44
 .text.prvInitialiseNewQueue
                0x00001868       0x44 ./output/queue.o

.text.xQueueGenericSendFromISR
                0x000018ac      0x168
 .text.xQueueGenericSendFromISR
                0x000018ac      0x168 ./output/queue.o
                0x000018ac                xQueueGenericSendFromISR

.text.xQueueReceive
                0x00001a14      0x1a0
 .text.xQueueReceive
                0x00001a14      0x1a0 ./output/queue.o
                0x00001a14                xQueueReceive

.text.xQueueReceiveFromISR
                0x00001bb4      0x110
 .text.xQueueReceiveFromISR
                0x00001bb4      0x110 ./output/queue.o
                0x00001bb4                xQueueReceiveFromISR

.text.prvCopyDataToQueue
                0x00001cc4       0xd4
 .text.prvCopyDataToQueue
                0x00001cc4       0xd4 ./output/queue.o

.text.prvCopyDataFromQueue
                0x00001d98       0x4c
 .text.prvCopyDataFromQueue
                0x00001d98       0x4c ./output/queue.o

.text.prvUnlockQueue
                0x00001de4       0xbe
 .text.prvUnlockQueue
                0x00001de4       0xbe ./output/queue.o

.text.prvIsQueueEmpty
                0x00001ea2       0x2c
 .text.prvIsQueueEmpty
                0x00001ea2       0x2c ./output/queue.o

.text.xQueueIsQueueFullFromISR
                0x00001ed0       0x40
 .text.xQueueIsQueueFullFromISR
                0x00001ed0       0x40 ./output/queue.o
                0x00001ed0                xQueueIsQueueFullFromISR

.text.vQueueAddToRegistry
                0x00001f10       0x90
 .text.vQueueAddToRegistry
                0x00001f10       0x90 ./output/queue.o
                0x00001f10                vQueueAddToRegistry

.text.vQueueWaitForMessageRestricted
                0x00001fa0       0x68
 .text.vQueueWaitForMessageRestricted
                0x00001fa0       0x68 ./output/queue.o
                0x00001fa0                vQueueWaitForMessageRestricted

.text.prvNotifyQueueSetContainer
                0x00002008       0xc0
 .text.prvNotifyQueueSetContainer
                0x00002008       0xc0 ./output/queue.o

.text.xTimerCreateTimerTask
                0x000020c8       0x60
 .text.xTimerCreateTimerTask
                0x000020c8       0x60 ./output/timers.o
                0x000020c8                xTimerCreateTimerTask

.text.prvReloadTimer
                0x00002128       0x42
 .text.prvReloadTimer
                0x00002128       0x42 ./output/timers.o

.text.prvProcessExpiredTimer
                0x0000216c       0x60
 .text.prvProcessExpiredTimer
                0x0000216c       0x60 ./output/timers.o

.text.prvTimerTask
                0x000021cc       0x24
 .text.prvTimerTask
                0x000021cc       0x24 ./output/timers.o

.text.prvProcessTimerOrBlockTask
                0x000021f0       0x9c
 .text.prvProcessTimerOrBlockTask
                0x000021f0       0x9c ./output/timers.o

.text.prvGetNextExpireTime
                0x0000228c       0x44
 .text.prvGetNextExpireTime
                0x0000228c       0x44 ./output/timers.o

.text.prvSampleTimeNow
                0x000022d0       0x40
 .text.prvSampleTimeNow
                0x000022d0       0x40 ./output/timers.o

.text.prvInsertTimerInActiveList
                0x00002310       0x84
 .text.prvInsertTimerInActiveList
                0x00002310       0x84 ./output/timers.o

.text.prvProcessReceivedCommands
                0x00002394      0x1a0
 .text.prvProcessReceivedCommands
                0x00002394      0x1a0 ./output/timers.o

.text.prvSwitchTimerLists
                0x00002534       0x4c
 .text.prvSwitchTimerLists
                0x00002534       0x4c ./output/timers.o

.text.prvCheckForValidListAndQueue
                0x00002580       0x6c
 .text.prvCheckForValidListAndQueue
                0x00002580       0x6c ./output/timers.o

.text.pvPortMalloc
                0x000025ec      0x168
 .text.pvPortMalloc
                0x000025ec      0x168 ./output/heap_4.o
                0x000025ec                pvPortMalloc

.text.vPortFree
                0x00002754       0xa4
 .text.vPortFree
                0x00002754       0xa4 ./output/heap_4.o
                0x00002754                vPortFree

.text.prvHeapInit
                0x000027f8       0xb8
 .text.prvHeapInit
                0x000027f8       0xb8 ./output/heap_4.o

.text.prvInsertBlockIntoFreeList
                0x000028b0       0xb0
 .text.prvInsertBlockIntoFreeList
                0x000028b0       0xb0 ./output/heap_4.o

.text.pxPortInitialiseStack
                0x00002960       0x58
 .text.pxPortInitialiseStack
                0x00002960       0x58 ./output/port.o
                0x00002960                pxPortInitialiseStack

.text.prvTaskExitError
                0x000029b8       0x4c
 .text.prvTaskExitError
                0x000029b8       0x4c ./output/port.o

.text.vPortSVCHandler
                0x00002a10       0x28
 .text.vPortSVCHandler
                0x00002a10       0x28 ./output/port.o
                0x00002a10                vPortSVCHandler

.text.prvPortStartFirstTask
                0x00002a38       0x24
 .text.prvPortStartFirstTask
                0x00002a38       0x24 ./output/port.o

.text.xPortStartScheduler
                0x00002a5c       0xc0
 .text.xPortStartScheduler
                0x00002a5c       0xc0 ./output/port.o
                0x00002a5c                xPortStartScheduler

.text.vPortEnterCritical
                0x00002b1c       0x54
 .text.vPortEnterCritical
                0x00002b1c       0x54 ./output/port.o
                0x00002b1c                vPortEnterCritical

.text.vPortExitCritical
                0x00002b70       0x48
 .text.vPortExitCritical
                0x00002b70       0x48 ./output/port.o
                0x00002b70                vPortExitCritical

.text.xPortPendSVHandler
                0x00002bc0       0x48
 .text.xPortPendSVHandler
                0x00002bc0       0x48 ./output/port.o
                0x00002bc0                xPortPendSVHandler

.text.xPortSysTickHandler
                0x00002c08       0x44
 .text.xPortSysTickHandler
                0x00002c08       0x44 ./output/port.o
                0x00002c08                xPortSysTickHandler

.text.vPortSetupTimerInterrupt
                0x00002c4c       0x34
 .text.vPortSetupTimerInterrupt
                0x00002c4c       0x34 ./output/port.o
                0x00002c4c                vPortSetupTimerInterrupt

.text.vPortValidateInterruptPriority
                0x00002c80       0x68
 .text.vPortValidateInterruptPriority
                0x00002c80       0x68 ./output/port.o
                0x00002c80                vPortValidateInterruptPriority

.text.prvRecordValue_NormallyFull
                0x00002ce8       0x3c
 .text.prvRecordValue_NormallyFull
                0x00002ce8       0x3c ./output/IntQueue.o

.text.prvRecordValue_NormallyEmpty
                0x00002d24       0x3c
 .text.prvRecordValue_NormallyEmpty
                0x00002d24       0x3c ./output/IntQueue.o

.text.prvQueueAccessLogError
                0x00002d60       0x28
 .text.prvQueueAccessLogError
                0x00002d60       0x28 ./output/IntQueue.o

.text.xFirstTimerHandler
                0x00002d88      0x1b8
 .text.xFirstTimerHandler
                0x00002d88      0x1b8 ./output/IntQueue.o
                0x00002d88                xFirstTimerHandler

.text.xSecondTimerHandler
                0x00002f40      0x290
 .text.xSecondTimerHandler
                0x00002f40      0x290 ./output/IntQueue.o
                0x00002f40                xSecondTimerHandler

.text.TIMER0_Handler
                0x000031d0       0x48
 .text.TIMER0_Handler
                0x000031d0       0x48 ./output/IntQueueTimer.o
                0x000031d0                TIMER0_Handler

.text.TIMER1_Handler
                0x00003218       0x48
 .text.TIMER1_Handler
                0x00003218       0x48 ./output/IntQueueTimer.o
                0x00003218                TIMER1_Handler

.text.main      0x00003260       0xb8
 .text.main     0x00003260       0xb8 ./output/main.o
                0x00003260                main

.text.vTask1    0x00003318        0xe
 .text.vTask1   0x00003318        0xe ./output/main.o

.text.vTask2    0x00003326        0xe
 .text.vTask2   0x00003326        0xe ./output/main.o

.text.vTask3    0x00003334        0xe
 .text.vTask3   0x00003334        0xe ./output/main.o

.text.vApplicationMallocFailedHook
                0x00003344       0x28
 .text.vApplicationMallocFailedHook
                0x00003344       0x28 ./output/main.o
                0x00003344                vApplicationMallocFailedHook

.text.vApplicationStackOverflowHook
                0x0000336c       0x2c
 .text.vApplicationStackOverflowHook
                0x0000336c       0x2c ./output/main.o
                0x0000336c                vApplicationStackOverflowHook

.text.vApplicationTickHook
                0x00003398        0xc
 .text.vApplicationTickHook
                0x00003398        0xc ./output/main.o
                0x00003398                vApplicationTickHook

.text.vAssertCalled
                0x000033a4       0x3c
 .text.vAssertCalled
                0x000033a4       0x3c ./output/main.o
                0x000033a4                vAssertCalled

.text.prvUARTInit
                0x000033e0       0x20
 .text.prvUARTInit
                0x000033e0       0x20 ./output/main.o

.text.malloc    0x00003400       0x18
 .text.malloc   0x00003400       0x18 ./output/main.o
                0x00003400                malloc

.text.Reset_Handler
                0x00003418        0xc
 .text.Reset_Handler
                0x00003418        0xc ./output/startup_gcc.o
                0x00003418                Reset_Handler

.text.prvGetRegistersFromStack
                0x00003424       0x84
 .text.prvGetRegistersFromStack
                0x00003424       0x84 ./output/startup_gcc.o
                0x00003424                prvGetRegistersFromStack

.text.Default_Handler
                0x00003500       0x18
 .text.Default_Handler
                0x00003500       0x18 ./output/startup_gcc.o

.text.HardFault_Handler
                0x00003600       0x1c
 .text.HardFault_Handler
                0x00003600       0x1c ./output/startup_gcc.o

.text.printchar
                0x0000361c       0x62
 .text.printchar
                0x0000361c       0x62 ./output/printf-stdarg.o

.text.prints    0x0000367e       0xb6
 .text.prints   0x0000367e       0xb6 ./output/printf-stdarg.o

.text.printi    0x00003734       0xe2
 .text.printi   0x00003734       0xe2 ./output/printf-stdarg.o

.text.tiny_print
                0x00003818      0x1fc
 .text.tiny_print
                0x00003818      0x1fc ./output/printf-stdarg.o

.text.printf    0x00003a14       0x2a
 .text.printf   0x00003a14       0x2a ./output/printf-stdarg.o
                0x00003a14                printf

.text.__sflush_r
                0x00003a40      0x104
 .text.__sflush_r
                0x00003a40      0x104 c:/program files (x86)/gnu arm embedded toolchain/10 2021.10/bin/../lib/gcc/arm-none-eabi/10.3.1/../../../../arm-none-eabi/lib/thumb/v7-m/nofp\libg_nano.a(lib_a-fflush.o)
                0x00003a40                __sflush_r

.text._fflush_r
                0x00003b44       0x78
 .text._fflush_r
                0x00003b44       0x78 c:/program files (x86)/gnu arm embedded toolchain/10 2021.10/bin/../lib/gcc/arm-none-eabi/10.3.1/../../../../arm-none-eabi/lib/thumb/v7-m/nofp\libg_nano.a(lib_a-fflush.o)
                0x00003b44                _fflush_r

.text.fflush    0x00003bbc       0x24
 .text.fflush   0x00003bbc       0x24 c:/program files (x86)/gnu arm embedded toolchain/10 2021.10/bin/../lib/gcc/arm-none-eabi/10.3.1/../../../../arm-none-eabi/lib/thumb/v7-m/nofp\libg_nano.a(lib_a-fflush.o)
                0x00003bbc                fflush

.text.std       0x00003be0       0x48
 .text.std      0x00003be0       0x48 c:/program files (x86)/gnu arm embedded toolchain/10 2021.10/bin/../lib/gcc/arm-none-eabi/10.3.1/../../../../arm-none-eabi/lib/thumb/v7-m/nofp\libg_nano.a(lib_a-findfp.o)

.text._cleanup_r
                0x00003c28        0xc
 .text._cleanup_r
                0x00003c28        0xc c:/program files (x86)/gnu arm embedded toolchain/10 2021.10/bin/../lib/gcc/arm-none-eabi/10.3.1/../../../../arm-none-eabi/lib/thumb/v7-m/nofp\libg_nano.a(lib_a-findfp.o)
                0x00003c28                _cleanup_r

.text.__sfmoreglue
                0x00003c34       0x2c
 .text.__sfmoreglue
                0x00003c34       0x2c c:/program files (x86)/gnu arm embedded toolchain/10 2021.10/bin/../lib/gcc/arm-none-eabi/10.3.1/../../../../arm-none-eabi/lib/thumb/v7-m/nofp\libg_nano.a(lib_a-findfp.o)
                0x00003c34                __sfmoreglue

.text.__sfp_lock_acquire
                0x00003c60        0xc
 .text.__sfp_lock_acquire
                0x00003c60        0xc c:/program files (x86)/gnu arm embedded toolchain/10 2021.10/bin/../lib/gcc/arm-none-eabi/10.3.1/../../../../arm-none-eabi/lib/thumb/v7-m/nofp\libg_nano.a(lib_a-findfp.o)
                0x00003c60                __sfp_lock_acquire

.text.__sfp_lock_release
                0x00003c6c        0xc
 .text.__sfp_lock_release
                0x00003c6c        0xc c:/program files (x86)/gnu arm embedded toolchain/10 2021.10/bin/../lib/gcc/arm-none-eabi/10.3.1/../../../../arm-none-eabi/lib/thumb/v7-m/nofp\libg_nano.a(lib_a-findfp.o)
                0x00003c6c                __sfp_lock_release

.text.__sinit_lock_acquire
                0x00003c78        0xc
 .text.__sinit_lock_acquire
                0x00003c78        0xc c:/program files (x86)/gnu arm embedded toolchain/10 2021.10/bin/../lib/gcc/arm-none-eabi/10.3.1/../../../../arm-none-eabi/lib/thumb/v7-m/nofp\libg_nano.a(lib_a-findfp.o)
                0x00003c78                __sinit_lock_acquire

.text.__sinit_lock_release
                0x00003c84        0xc
 .text.__sinit_lock_release
                0x00003c84        0xc c:/program files (x86)/gnu arm embedded toolchain/10 2021.10/bin/../lib/gcc/arm-none-eabi/10.3.1/../../../../arm-none-eabi/lib/thumb/v7-m/nofp\libg_nano.a(lib_a-findfp.o)
                0x00003c84                __sinit_lock_release

.text.__sinit   0x00003c90       0x70
 .text.__sinit  0x00003c90       0x70 c:/program files (x86)/gnu arm embedded toolchain/10 2021.10/bin/../lib/gcc/arm-none-eabi/10.3.1/../../../../arm-none-eabi/lib/thumb/v7-m/nofp\libg_nano.a(lib_a-findfp.o)
                0x00003c90                __sinit

.text.__sfp     0x00003d00       0x8c
 .text.__sfp    0x00003d00       0x8c c:/program files (x86)/gnu arm embedded toolchain/10 2021.10/bin/../lib/gcc/arm-none-eabi/10.3.1/../../../../arm-none-eabi/lib/thumb/v7-m/nofp\libg_nano.a(lib_a-findfp.o)
                0x00003d00                __sfp

.text._fwalk_reent
                0x00003d8c       0x3e
 .text._fwalk_reent
                0x00003d8c       0x3e c:/program files (x86)/gnu arm embedded toolchain/10 2021.10/bin/../lib/gcc/arm-none-eabi/10.3.1/../../../../arm-none-eabi/lib/thumb/v7-m/nofp\libg_nano.a(lib_a-fwalk.o)
                0x00003d8c                _fwalk_reent

.text.__retarget_lock_init_recursive
                0x00003dca        0x2
 .text.__retarget_lock_init_recursive
                0x00003dca        0x2 c:/program files (x86)/gnu arm embedded toolchain/10 2021.10/bin/../lib/gcc/arm-none-eabi/10.3.1/../../../../arm-none-eabi/lib/thumb/v7-m/nofp\libg_nano.a(lib_a-lock.o)
                0x00003dca                __retarget_lock_init_recursive

.text.__retarget_lock_acquire_recursive
                0x00003dcc        0x2
 .text.__retarget_lock_acquire_recursive
                0x00003dcc        0x2 c:/program files (x86)/gnu arm embedded toolchain/10 2021.10/bin/../lib/gcc/arm-none-eabi/10.3.1/../../../../arm-none-eabi/lib/thumb/v7-m/nofp\libg_nano.a(lib_a-lock.o)
                0x00003dcc                __retarget_lock_acquire_recursive

.text.__retarget_lock_release_recursive
                0x00003dce        0x2
 .text.__retarget_lock_release_recursive
                0x00003dce        0x2 c:/program files (x86)/gnu arm embedded toolchain/10 2021.10/bin/../lib/gcc/arm-none-eabi/10.3.1/../../../../arm-none-eabi/lib/thumb/v7-m/nofp\libg_nano.a(lib_a-lock.o)
                0x00003dce                __retarget_lock_release_recursive

.text.memcpy    0x00003dd0       0x1c
 .text.memcpy   0x00003dd0       0x1c c:/program files (x86)/gnu arm embedded toolchain/10 2021.10/bin/../lib/gcc/arm-none-eabi/10.3.1/../../../../arm-none-eabi/lib/thumb/v7-m/nofp\libg_nano.a(lib_a-memcpy-stub.o)
                0x00003dd0                memcpy

.text.memset    0x00003dec       0x10
 .text.memset   0x00003dec       0x10 c:/program files (x86)/gnu arm embedded toolchain/10 2021.10/bin/../lib/gcc/arm-none-eabi/10.3.1/../../../../arm-none-eabi/lib/thumb/v7-m/nofp\libg_nano.a(lib_a-memset.o)
                0x00003dec                memset

.text._free_r   0x00003dfc       0x90
 .text._free_r  0x00003dfc       0x90 c:/program files (x86)/gnu arm embedded toolchain/10 2021.10/bin/../lib/gcc/arm-none-eabi/10.3.1/../../../../arm-none-eabi/lib/thumb/v7-m/nofp\libg_nano.a(lib_a-nano-freer.o)
                0x00003dfc                _free_r

.text.sbrk_aligned
                0x00003e8c       0x40
 .text.sbrk_aligned
                0x00003e8c       0x40 c:/program files (x86)/gnu arm embedded toolchain/10 2021.10/bin/../lib/gcc/arm-none-eabi/10.3.1/../../../../arm-none-eabi/lib/thumb/v7-m/nofp\libg_nano.a(lib_a-nano-mallocr.o)

.text._malloc_r
                0x00003ecc       0xe8
 .text._malloc_r
                0x00003ecc       0xe8 c:/program files (x86)/gnu arm embedded toolchain/10 2021.10/bin/../lib/gcc/arm-none-eabi/10.3.1/../../../../arm-none-eabi/lib/thumb/v7-m/nofp\libg_nano.a(lib_a-nano-mallocr.o)
                0x00003ecc                _malloc_r

.text.srand     0x00003fb4       0x5c
 .text.srand    0x00003fb4       0x5c c:/program files (x86)/gnu arm embedded toolchain/10 2021.10/bin/../lib/gcc/arm-none-eabi/10.3.1/../../../../arm-none-eabi/lib/thumb/v7-m/nofp\libg_nano.a(lib_a-rand.o)
                0x00003fb4                srand

.text.rand      0x00004010       0x7c
 .text.rand     0x00004010       0x7c c:/program files (x86)/gnu arm embedded toolchain/10 2021.10/bin/../lib/gcc/arm-none-eabi/10.3.1/../../../../arm-none-eabi/lib/thumb/v7-m/nofp\libg_nano.a(lib_a-rand.o)
                0x00004010                rand

.text._sbrk_r   0x0000408c       0x20
 .text._sbrk_r  0x0000408c       0x20 c:/program files (x86)/gnu arm embedded toolchain/10 2021.10/bin/../lib/gcc/arm-none-eabi/10.3.1/../../../../arm-none-eabi/lib/thumb/v7-m/nofp\libg_nano.a(lib_a-sbrkr.o)
                0x0000408c                _sbrk_r

.text.__sread   0x000040ac       0x22
 .text.__sread  0x000040ac       0x22 c:/program files (x86)/gnu arm embedded toolchain/10 2021.10/bin/../lib/gcc/arm-none-eabi/10.3.1/../../../../arm-none-eabi/lib/thumb/v7-m/nofp\libg_nano.a(lib_a-stdio.o)
                0x000040ac                __sread

.text.__swrite  0x000040ce       0x38
 .text.__swrite
                0x000040ce       0x38 c:/program files (x86)/gnu arm embedded toolchain/10 2021.10/bin/../lib/gcc/arm-none-eabi/10.3.1/../../../../arm-none-eabi/lib/thumb/v7-m/nofp\libg_nano.a(lib_a-stdio.o)
                0x000040ce                __swrite

.text.__sseek   0x00004106       0x24
 .text.__sseek  0x00004106       0x24 c:/program files (x86)/gnu arm embedded toolchain/10 2021.10/bin/../lib/gcc/arm-none-eabi/10.3.1/../../../../arm-none-eabi/lib/thumb/v7-m/nofp\libg_nano.a(lib_a-stdio.o)
                0x00004106                __sseek

.text.__sclose  0x0000412a        0x8
 .text.__sclose
                0x0000412a        0x8 c:/program files (x86)/gnu arm embedded toolchain/10 2021.10/bin/../lib/gcc/arm-none-eabi/10.3.1/../../../../arm-none-eabi/lib/thumb/v7-m/nofp\libg_nano.a(lib_a-stdio.o)
                0x0000412a                __sclose

.text._write_r  0x00004134       0x24
 .text._write_r
                0x00004134       0x24 c:/program files (x86)/gnu arm embedded toolchain/10 2021.10/bin/../lib/gcc/arm-none-eabi/10.3.1/../../../../arm-none-eabi/lib/thumb/v7-m/nofp\libg_nano.a(lib_a-writer.o)
                0x00004134                _write_r

.text.__assert_func
                0x00004158       0x3c
 .text.__assert_func
                0x00004158       0x3c c:/program files (x86)/gnu arm embedded toolchain/10 2021.10/bin/../lib/gcc/arm-none-eabi/10.3.1/../../../../arm-none-eabi/lib/thumb/v7-m/nofp\libg_nano.a(lib_a-assert.o)
                0x00004158                __assert_func

.text._close_r  0x00004194       0x20
 .text._close_r
                0x00004194       0x20 c:/program files (x86)/gnu arm embedded toolchain/10 2021.10/bin/../lib/gcc/arm-none-eabi/10.3.1/../../../../arm-none-eabi/lib/thumb/v7-m/nofp\libg_nano.a(lib_a-closer.o)
                0x00004194                _close_r

.text.fprintf   0x000041b4       0x24
 .text.fprintf  0x000041b4       0x24 c:/program files (x86)/gnu arm embedded toolchain/10 2021.10/bin/../lib/gcc/arm-none-eabi/10.3.1/../../../../arm-none-eabi/lib/thumb/v7-m/nofp\libg_nano.a(lib_a-fprintf.o)
                0x000041b4                fiprintf
                0x000041b4                fprintf

.text._lseek_r  0x000041d8       0x24
 .text._lseek_r
                0x000041d8       0x24 c:/program files (x86)/gnu arm embedded toolchain/10 2021.10/bin/../lib/gcc/arm-none-eabi/10.3.1/../../../../arm-none-eabi/lib/thumb/v7-m/nofp\libg_nano.a(lib_a-lseekr.o)
                0x000041d8                _lseek_r

.text.__malloc_lock
                0x000041fc        0xc
 .text.__malloc_lock
                0x000041fc        0xc c:/program files (x86)/gnu arm embedded toolchain/10 2021.10/bin/../lib/gcc/arm-none-eabi/10.3.1/../../../../arm-none-eabi/lib/thumb/v7-m/nofp\libg_nano.a(lib_a-mlock.o)
                0x000041fc                __malloc_lock

.text.__malloc_unlock
                0x00004208        0xc
 .text.__malloc_unlock
                0x00004208        0xc c:/program files (x86)/gnu arm embedded toolchain/10 2021.10/bin/../lib/gcc/arm-none-eabi/10.3.1/../../../../arm-none-eabi/lib/thumb/v7-m/nofp\libg_nano.a(lib_a-mlock.o)
                0x00004208                __malloc_unlock

.text.__sfputc_r
                0x00004214       0x2a
 .text.__sfputc_r
                0x00004214       0x2a c:/program files (x86)/gnu arm embedded toolchain/10 2021.10/bin/../lib/gcc/arm-none-eabi/10.3.1/../../../../arm-none-eabi/lib/thumb/v7-m/nofp\libg_nano.a(lib_a-nano-vfprintf.o)

.text.__sfputs_r
                0x0000423e       0x24
 .text.__sfputs_r
                0x0000423e       0x24 c:/program files (x86)/gnu arm embedded toolchain/10 2021.10/bin/../lib/gcc/arm-none-eabi/10.3.1/../../../../arm-none-eabi/lib/thumb/v7-m/nofp\libg_nano.a(lib_a-nano-vfprintf.o)
                0x0000423e                __sfputs_r

.text._vfprintf_r
                0x00004264      0x260
 .text._vfprintf_r
                0x00004264      0x260 c:/program files (x86)/gnu arm embedded toolchain/10 2021.10/bin/../lib/gcc/arm-none-eabi/10.3.1/../../../../arm-none-eabi/lib/thumb/v7-m/nofp\libg_nano.a(lib_a-nano-vfprintf.o)
                0x00004264                _vfprintf_r
                0x00004264                _vfiprintf_r

.text._printf_common
                0x000044c4       0xde
 .text._printf_common
                0x000044c4       0xde c:/program files (x86)/gnu arm embedded toolchain/10 2021.10/bin/../lib/gcc/arm-none-eabi/10.3.1/../../../../arm-none-eabi/lib/thumb/v7-m/nofp\libg_nano.a(lib_a-nano-vfprintf_i.o)
                0x000044c4                _printf_common

.text._printf_i
                0x000045a4      0x24c
 .text._printf_i
                0x000045a4      0x24c c:/program files (x86)/gnu arm embedded toolchain/10 2021.10/bin/../lib/gcc/arm-none-eabi/10.3.1/../../../../arm-none-eabi/lib/thumb/v7-m/nofp\libg_nano.a(lib_a-nano-vfprintf_i.o)
                0x000045a4                _printf_i

.text._read_r   0x000047f0       0x24
 .text._read_r  0x000047f0       0x24 c:/program files (x86)/gnu arm embedded toolchain/10 2021.10/bin/../lib/gcc/arm-none-eabi/10.3.1/../../../../arm-none-eabi/lib/thumb/v7-m/nofp\libg_nano.a(lib_a-readr.o)
                0x000047f0                _read_r

.text.__swbuf_r
                0x00004814       0xa4
 .text.__swbuf_r
                0x00004814       0xa4 c:/program files (x86)/gnu arm embedded toolchain/10 2021.10/bin/../lib/gcc/arm-none-eabi/10.3.1/../../../../arm-none-eabi/lib/thumb/v7-m/nofp\libg_nano.a(lib_a-wbuf.o)
                0x00004814                __swbuf_r

.text.__swsetup_r
                0x000048b8       0xdc
 .text.__swsetup_r
                0x000048b8       0xdc c:/program files (x86)/gnu arm embedded toolchain/10 2021.10/bin/../lib/gcc/arm-none-eabi/10.3.1/../../../../arm-none-eabi/lib/thumb/v7-m/nofp\libg_nano.a(lib_a-wsetup.o)
                0x000048b8                __swsetup_r

.text.abort     0x00004994        0xe
 .text.abort    0x00004994        0xe c:/program files (x86)/gnu arm embedded toolchain/10 2021.10/bin/../lib/gcc/arm-none-eabi/10.3.1/../../../../arm-none-eabi/lib/thumb/v7-m/nofp\libg_nano.a(lib_a-abort.o)
                0x00004994                abort

.text.__swhatbuf_r
                0x000049a2       0x4a
 .text.__swhatbuf_r
                0x000049a2       0x4a c:/program files (x86)/gnu arm embedded toolchain/10 2021.10/bin/../lib/gcc/arm-none-eabi/10.3.1/../../../../arm-none-eabi/lib/thumb/v7-m/nofp\libg_nano.a(lib_a-makebuf.o)
                0x000049a2                __swhatbuf_r

.text.__smakebuf_r
                0x000049ec       0x80
 .text.__smakebuf_r
                0x000049ec       0x80 c:/program files (x86)/gnu arm embedded toolchain/10 2021.10/bin/../lib/gcc/arm-none-eabi/10.3.1/../../../../arm-none-eabi/lib/thumb/v7-m/nofp\libg_nano.a(lib_a-makebuf.o)
                0x000049ec                __smakebuf_r

.text.memchr    0x00004a6c       0x1c
 .text.memchr   0x00004a6c       0x1c c:/program files (x86)/gnu arm embedded toolchain/10 2021.10/bin/../lib/gcc/arm-none-eabi/10.3.1/../../../../arm-none-eabi/lib/thumb/v7-m/nofp\libg_nano.a(lib_a-memchr-stub.o)
                0x00004a6c                memchr

.text._raise_r  0x00004a88       0x50
 .text._raise_r
                0x00004a88       0x50 c:/program files (x86)/gnu arm embedded toolchain/10 2021.10/bin/../lib/gcc/arm-none-eabi/10.3.1/../../../../arm-none-eabi/lib/thumb/v7-m/nofp\libg_nano.a(lib_a-signal.o)
                0x00004a88                _raise_r

.text.raise     0x00004ad8       0x10
 .text.raise    0x00004ad8       0x10 c:/program files (x86)/gnu arm embedded toolchain/10 2021.10/bin/../lib/gcc/arm-none-eabi/10.3.1/../../../../arm-none-eabi/lib/thumb/v7-m/nofp\libg_nano.a(lib_a-signal.o)
                0x00004ad8                raise

.text._kill_r   0x00004ae8       0x24
 .text._kill_r  0x00004ae8       0x24 c:/program files (x86)/gnu arm embedded toolchain/10 2021.10/bin/../lib/gcc/arm-none-eabi/10.3.1/../../../../arm-none-eabi/lib/thumb/v7-m/nofp\libg_nano.a(lib_a-signalr.o)
                0x00004ae8                _kill_r

.text._getpid_r
                0x00004b0c        0x4
 .text._getpid_r
                0x00004b0c        0x4 c:/program files (x86)/gnu arm embedded toolchain/10 2021.10/bin/../lib/gcc/arm-none-eabi/10.3.1/../../../../arm-none-eabi/lib/thumb/v7-m/nofp\libg_nano.a(lib_a-signalr.o)
                0x00004b0c                _getpid_r

.text._fstat_r  0x00004b10       0x24
 .text._fstat_r
                0x00004b10       0x24 c:/program files (x86)/gnu arm embedded toolchain/10 2021.10/bin/../lib/gcc/arm-none-eabi/10.3.1/../../../../arm-none-eabi/lib/thumb/v7-m/nofp\libg_nano.a(lib_a-fstatr.o)
                0x00004b10                _fstat_r

.text._isatty_r
                0x00004b34       0x20
 .text._isatty_r
                0x00004b34       0x20 c:/program files (x86)/gnu arm embedded toolchain/10 2021.10/bin/../lib/gcc/arm-none-eabi/10.3.1/../../../../arm-none-eabi/lib/thumb/v7-m/nofp\libg_nano.a(lib_a-isattyr.o)
                0x00004b34                _isatty_r

.text.findslot  0x00004b54       0x34
 .text.findslot
                0x00004b54       0x34 c:/program files (x86)/gnu arm embedded toolchain/10 2021.10/bin/../lib/gcc/arm-none-eabi/10.3.1/../../../../arm-none-eabi/lib/thumb/v7-m/nofp\librdimon_nano.a(rdimon-syscalls.o)

.text.error     0x00004b88       0x1c
 .text.error    0x00004b88       0x1c c:/program files (x86)/gnu arm embedded toolchain/10 2021.10/bin/../lib/gcc/arm-none-eabi/10.3.1/../../../../arm-none-eabi/lib/thumb/v7-m/nofp\librdimon_nano.a(rdimon-syscalls.o)

.text.checkerror
                0x00004ba4        0xa
 .text.checkerror
                0x00004ba4        0xa c:/program files (x86)/gnu arm embedded toolchain/10 2021.10/bin/../lib/gcc/arm-none-eabi/10.3.1/../../../../arm-none-eabi/lib/thumb/v7-m/nofp\librdimon_nano.a(rdimon-syscalls.o)

.text._swiread  0x00004bae       0x20
 .text._swiread
                0x00004bae       0x20 c:/program files (x86)/gnu arm embedded toolchain/10 2021.10/bin/../lib/gcc/arm-none-eabi/10.3.1/../../../../arm-none-eabi/lib/thumb/v7-m/nofp\librdimon_nano.a(rdimon-syscalls.o)
                0x00004bae                _swiread

.text._read     0x00004bce       0x34
 .text._read    0x00004bce       0x34 c:/program files (x86)/gnu arm embedded toolchain/10 2021.10/bin/../lib/gcc/arm-none-eabi/10.3.1/../../../../arm-none-eabi/lib/thumb/v7-m/nofp\librdimon_nano.a(rdimon-syscalls.o)
                0x00004bce                _read

.text._swilseek
                0x00004c02       0x78
 .text._swilseek
                0x00004c02       0x78 c:/program files (x86)/gnu arm embedded toolchain/10 2021.10/bin/../lib/gcc/arm-none-eabi/10.3.1/../../../../arm-none-eabi/lib/thumb/v7-m/nofp\librdimon_nano.a(rdimon-syscalls.o)
                0x00004c02                _swilseek

.text._lseek    0x00004c7a        0x4
 .text._lseek   0x00004c7a        0x4 c:/program files (x86)/gnu arm embedded toolchain/10 2021.10/bin/../lib/gcc/arm-none-eabi/10.3.1/../../../../arm-none-eabi/lib/thumb/v7-m/nofp\librdimon_nano.a(rdimon-syscalls.o)
                0x00004c7a                _lseek

.text._swiwrite
                0x00004c7e       0x20
 .text._swiwrite
                0x00004c7e       0x20 c:/program files (x86)/gnu arm embedded toolchain/10 2021.10/bin/../lib/gcc/arm-none-eabi/10.3.1/../../../../arm-none-eabi/lib/thumb/v7-m/nofp\librdimon_nano.a(rdimon-syscalls.o)
                0x00004c7e                _swiwrite

.text._write    0x00004c9e       0x40
 .text._write   0x00004c9e       0x40 c:/program files (x86)/gnu arm embedded toolchain/10 2021.10/bin/../lib/gcc/arm-none-eabi/10.3.1/../../../../arm-none-eabi/lib/thumb/v7-m/nofp\librdimon_nano.a(rdimon-syscalls.o)
                0x00004c9e                _write

.text._swiclose
                0x00004cde       0x1a
 .text._swiclose
                0x00004cde       0x1a c:/program files (x86)/gnu arm embedded toolchain/10 2021.10/bin/../lib/gcc/arm-none-eabi/10.3.1/../../../../arm-none-eabi/lib/thumb/v7-m/nofp\librdimon_nano.a(rdimon-syscalls.o)
                0x00004cde                _swiclose

.text._close    0x00004cf8       0x4c
 .text._close   0x00004cf8       0x4c c:/program files (x86)/gnu arm embedded toolchain/10 2021.10/bin/../lib/gcc/arm-none-eabi/10.3.1/../../../../arm-none-eabi/lib/thumb/v7-m/nofp\librdimon_nano.a(rdimon-syscalls.o)
                0x00004cf8                _close

.text._getpid   0x00004d44        0x4
 .text._getpid  0x00004d44        0x4 c:/program files (x86)/gnu arm embedded toolchain/10 2021.10/bin/../lib/gcc/arm-none-eabi/10.3.1/../../../../arm-none-eabi/lib/thumb/v7-m/nofp\librdimon_nano.a(rdimon-syscalls.o)
                0x00004d44                _getpid

.text._sbrk     0x00004d48       0x48
 .text._sbrk    0x00004d48       0x48 c:/program files (x86)/gnu arm embedded toolchain/10 2021.10/bin/../lib/gcc/arm-none-eabi/10.3.1/../../../../arm-none-eabi/lib/thumb/v7-m/nofp\librdimon_nano.a(rdimon-syscalls.o)
                0x00004d48                _sbrk

.text._swistat  0x00004d90       0x42
 .text._swistat
                0x00004d90       0x42 c:/program files (x86)/gnu arm embedded toolchain/10 2021.10/bin/../lib/gcc/arm-none-eabi/10.3.1/../../../../arm-none-eabi/lib/thumb/v7-m/nofp\librdimon_nano.a(rdimon-syscalls.o)
                0x00004d90                _swistat

.text._fstat    0x00004dd2       0x1c
 .text._fstat   0x00004dd2       0x1c c:/program files (x86)/gnu arm embedded toolchain/10 2021.10/bin/../lib/gcc/arm-none-eabi/10.3.1/../../../../arm-none-eabi/lib/thumb/v7-m/nofp\librdimon_nano.a(rdimon-syscalls.o)
                0x00004dd2                _fstat

.text._stat     0x00004dee       0x3a
 .text._stat    0x00004dee       0x3a c:/program files (x86)/gnu arm embedded toolchain/10 2021.10/bin/../lib/gcc/arm-none-eabi/10.3.1/../../../../arm-none-eabi/lib/thumb/v7-m/nofp\librdimon_nano.a(rdimon-syscalls.o)
                0x00004dee                _stat

.text._swiopen  0x00004e28       0xb4
 .text._swiopen
                0x00004e28       0xb4 c:/program files (x86)/gnu arm embedded toolchain/10 2021.10/bin/../lib/gcc/arm-none-eabi/10.3.1/../../../../arm-none-eabi/lib/thumb/v7-m/nofp\librdimon_nano.a(rdimon-syscalls.o)
                0x00004e28                _swiopen

.text._get_semihosting_exts
                0x00004edc       0xb8
 .text._get_semihosting_exts
                0x00004edc       0xb8 c:/program files (x86)/gnu arm embedded toolchain/10 2021.10/bin/../lib/gcc/arm-none-eabi/10.3.1/../../../../arm-none-eabi/lib/thumb/v7-m/nofp\librdimon_nano.a(rdimon-syscalls.o)
                0x00004edc                _get_semihosting_exts

.text.initialise_semihosting_exts
                0x00004f94       0x34
 .text.initialise_semihosting_exts
                0x00004f94       0x34 c:/program files (x86)/gnu arm embedded toolchain/10 2021.10/bin/../lib/gcc/arm-none-eabi/10.3.1/../../../../arm-none-eabi/lib/thumb/v7-m/nofp\librdimon_nano.a(rdimon-syscalls.o)

.text._has_ext_exit_extended
                0x00004fc8       0x18
 .text._has_ext_exit_extended
                0x00004fc8       0x18 c:/program files (x86)/gnu arm embedded toolchain/10 2021.10/bin/../lib/gcc/arm-none-eabi/10.3.1/../../../../arm-none-eabi/lib/thumb/v7-m/nofp\librdimon_nano.a(rdimon-syscalls.o)
                0x00004fc8                _has_ext_exit_extended

.text._isatty   0x00004fe0       0x38
 .text._isatty  0x00004fe0       0x38 c:/program files (x86)/gnu arm embedded toolchain/10 2021.10/bin/../lib/gcc/arm-none-eabi/10.3.1/../../../../arm-none-eabi/lib/thumb/v7-m/nofp\librdimon_nano.a(rdimon-syscalls.o)
                0x00004fe0                _isatty

.text._exit     0x00005018       0x14
 .text._exit    0x00005018       0x14 c:/program files (x86)/gnu arm embedded toolchain/10 2021.10/bin/../lib/gcc/arm-none-eabi/10.3.1/../../../../arm-none-eabi/lib/thumb/v7-m/nofp\librdimon_nano.a(rdimon-_exit.o)
                0x00005018                _exit

.text._kill_shared
                0x0000502c       0x26
 .text._kill_shared
                0x0000502c       0x26 c:/program files (x86)/gnu arm embedded toolchain/10 2021.10/bin/../lib/gcc/arm-none-eabi/10.3.1/../../../../arm-none-eabi/lib/thumb/v7-m/nofp\librdimon_nano.a(rdimon-_kill.o)
                0x0000502c                _kill_shared

.text._kill     0x00005054       0x18
 .text._kill    0x00005054       0x18 c:/program files (x86)/gnu arm embedded toolchain/10 2021.10/bin/../lib/gcc/arm-none-eabi/10.3.1/../../../../arm-none-eabi/lib/thumb/v7-m/nofp\librdimon_nano.a(rdimon-_kill.o)
                0x00005054                _kill

.text.__errno   0x0000506c        0xc
 .text.__errno  0x0000506c        0xc c:/program files (x86)/gnu arm embedded toolchain/10 2021.10/bin/../lib/gcc/arm-none-eabi/10.3.1/../../../../arm-none-eabi/lib/thumb/v7-m/nofp\libc_nano.a(lib_a-errno.o)
                0x0000506c                __errno

.rel.dyn        0x00005078        0x0
 .rel.iplt      0x00005078        0x0 ./output/tasks.o

.data           0x20000000        0x0
                0x20000000                . = ALIGN (0x8)
                0x20000000                _data = .
                0x20000000                _sdata = .
 *(vtable)
 *(.data)
                0x20000000                _edata = .

.data.uxTopUsedPriority
                0x20000000        0x4
 .data.uxTopUsedPriority
                0x20000000        0x4 ./output/tasks.o
                0x20000000                uxTopUsedPriority

.igot.plt       0x20000004        0x0
 .igot.plt      0x20000004        0x0 ./output/tasks.o

.data.uxCriticalNesting
                0x20000004        0x4
 .data.uxCriticalNesting
                0x20000004        0x4 ./output/port.o

.data.xErrorStatus
                0x20000008        0x4
 .data.xErrorStatus
                0x20000008        0x4 ./output/IntQueue.o

.data.paramTask1
                0x2000000c        0x4
 .data.paramTask1
                0x2000000c        0x4 ./output/main.o

.data.paramTask2
                0x20000010        0x4
 .data.paramTask2
                0x20000010        0x4 ./output/main.o

.data.paramTask3
                0x20000014        0x4
 .data.paramTask3
                0x20000014        0x4 ./output/main.o

.data._impure_ptr
                0x20000018        0x4
 .data._impure_ptr
                0x20000018        0x4 c:/program files (x86)/gnu arm embedded toolchain/10 2021.10/bin/../lib/gcc/arm-none-eabi/10.3.1/../../../../arm-none-eabi/lib/thumb/v7-m/nofp\libg_nano.a(lib_a-impure.o)
                0x20000018                _impure_ptr

.data.impure_data
                0x2000001c       0x60
 .data.impure_data
                0x2000001c       0x60 c:/program files (x86)/gnu arm embedded toolchain/10 2021.10/bin/../lib/gcc/arm-none-eabi/10.3.1/../../../../arm-none-eabi/lib/thumb/v7-m/nofp\libg_nano.a(lib_a-impure.o)

.data.__heap_limit
                0x2000007c        0x4
 .data.__heap_limit
                0x2000007c        0x4 c:/program files (x86)/gnu arm embedded toolchain/10 2021.10/bin/../lib/gcc/arm-none-eabi/10.3.1/../../../../arm-none-eabi/lib/thumb/v7-m/nofp\librdimon_nano.a(rdimon-syscalls.o)
                0x2000007c                __heap_limit

.data.supports_ext_exit_extended
                0x20000080        0x4
 .data.supports_ext_exit_extended
                0x20000080        0x4 c:/program files (x86)/gnu arm embedded toolchain/10 2021.10/bin/../lib/gcc/arm-none-eabi/10.3.1/../../../../arm-none-eabi/lib/thumb/v7-m/nofp\librdimon_nano.a(rdimon-syscalls.o)

.data.supports_ext_stdout_stderr
                0x20000084        0x4
 .data.supports_ext_stdout_stderr
                0x20000084        0x4 c:/program files (x86)/gnu arm embedded toolchain/10 2021.10/bin/../lib/gcc/arm-none-eabi/10.3.1/../../../../arm-none-eabi/lib/thumb/v7-m/nofp\librdimon_nano.a(rdimon-syscalls.o)

.bss            0x20000088        0x0
                0x20000088                . = ALIGN (0x8)
                0x20000088                _bss = .
                0x20000088                _sbss = .
 *(.bss)
                0x20000088                _ebss = .

.bss.pxCurrentTCB
                0x20000088        0x4
 .bss.pxCurrentTCB
                0x20000088        0x4 ./output/tasks.o
                0x20000088                pxCurrentTCB

.bss.pxReadyTasksLists
                0x2000008c       0xb4
 .bss.pxReadyTasksLists
                0x2000008c       0xb4 ./output/tasks.o

.bss.xDelayedTaskList1
                0x20000140       0x14
 .bss.xDelayedTaskList1
                0x20000140       0x14 ./output/tasks.o

.bss.xDelayedTaskList2
                0x20000154       0x14
 .bss.xDelayedTaskList2
                0x20000154       0x14 ./output/tasks.o

.bss.pxDelayedTaskList
                0x20000168        0x4
 .bss.pxDelayedTaskList
                0x20000168        0x4 ./output/tasks.o

.bss.pxOverflowDelayedTaskList
                0x2000016c        0x4
 .bss.pxOverflowDelayedTaskList
                0x2000016c        0x4 ./output/tasks.o

.bss.xPendingReadyList
                0x20000170       0x14
 .bss.xPendingReadyList
                0x20000170       0x14 ./output/tasks.o

.bss.xTasksWaitingTermination
                0x20000184       0x14
 .bss.xTasksWaitingTermination
                0x20000184       0x14 ./output/tasks.o

.bss.uxDeletedTasksWaitingCleanUp
                0x20000198        0x4
 .bss.uxDeletedTasksWaitingCleanUp
                0x20000198        0x4 ./output/tasks.o

.bss.xSuspendedTaskList
                0x2000019c       0x14
 .bss.xSuspendedTaskList
                0x2000019c       0x14 ./output/tasks.o

.bss.uxCurrentNumberOfTasks
                0x200001b0        0x4
 .bss.uxCurrentNumberOfTasks
                0x200001b0        0x4 ./output/tasks.o

.bss.xTickCount
                0x200001b4        0x4
 .bss.xTickCount
                0x200001b4        0x4 ./output/tasks.o

.bss.uxTopReadyPriority
                0x200001b8        0x4
 .bss.uxTopReadyPriority
                0x200001b8        0x4 ./output/tasks.o

.bss.xSchedulerRunning
                0x200001bc        0x4
 .bss.xSchedulerRunning
                0x200001bc        0x4 ./output/tasks.o

.bss.xPendedTicks
                0x200001c0        0x4
 .bss.xPendedTicks
                0x200001c0        0x4 ./output/tasks.o

.bss.xYieldPending
                0x200001c4        0x4
 .bss.xYieldPending
                0x200001c4        0x4 ./output/tasks.o

.bss.xNumOfOverflows
                0x200001c8        0x4
 .bss.xNumOfOverflows
                0x200001c8        0x4 ./output/tasks.o

.bss.uxTaskNumber
                0x200001cc        0x4
 .bss.uxTaskNumber
                0x200001cc        0x4 ./output/tasks.o

.bss.xNextTaskUnblockTime
                0x200001d0        0x4
 .bss.xNextTaskUnblockTime
                0x200001d0        0x4 ./output/tasks.o

.bss.xIdleTaskHandle
                0x200001d4        0x4
 .bss.xIdleTaskHandle
                0x200001d4        0x4 ./output/tasks.o

.bss.uxSchedulerSuspended
                0x200001d8        0x4
 .bss.uxSchedulerSuspended
                0x200001d8        0x4 ./output/tasks.o

.bss.xQueueRegistry
                0x200001dc       0x50
 .bss.xQueueRegistry
                0x200001dc       0x50 ./output/queue.o
                0x200001dc                xQueueRegistry

.bss.xActiveTimerList1
                0x2000022c       0x14
 .bss.xActiveTimerList1
                0x2000022c       0x14 ./output/timers.o

.bss.xActiveTimerList2
                0x20000240       0x14
 .bss.xActiveTimerList2
                0x20000240       0x14 ./output/timers.o

.bss.pxCurrentTimerList
                0x20000254        0x4
 .bss.pxCurrentTimerList
                0x20000254        0x4 ./output/timers.o

.bss.pxOverflowTimerList
                0x20000258        0x4
 .bss.pxOverflowTimerList
                0x20000258        0x4 ./output/timers.o

.bss.xTimerQueue
                0x2000025c        0x4
 .bss.xTimerQueue
                0x2000025c        0x4 ./output/timers.o

.bss.xTimerTaskHandle
                0x20000260        0x4
 .bss.xTimerTaskHandle
                0x20000260        0x4 ./output/timers.o

.bss.xLastTime.0
                0x20000264        0x4
 .bss.xLastTime.0
                0x20000264        0x4 ./output/timers.o

.bss.ucHeap     0x20000268     0xf000
 .bss.ucHeap    0x20000268     0xf000 ./output/heap_4.o

.bss.xStart     0x2000f268        0x8
 .bss.xStart    0x2000f268        0x8 ./output/heap_4.o

.bss.pxEnd      0x2000f270        0x4
 .bss.pxEnd     0x2000f270        0x4 ./output/heap_4.o

.bss.xFreeBytesRemaining
                0x2000f274        0x4
 .bss.xFreeBytesRemaining
                0x2000f274        0x4 ./output/heap_4.o

.bss.xMinimumEverFreeBytesRemaining
                0x2000f278        0x4
 .bss.xMinimumEverFreeBytesRemaining
                0x2000f278        0x4 ./output/heap_4.o

.bss.xNumberOfSuccessfulAllocations
                0x2000f27c        0x4
 .bss.xNumberOfSuccessfulAllocations
                0x2000f27c        0x4 ./output/heap_4.o

.bss.xNumberOfSuccessfulFrees
                0x2000f280        0x4
 .bss.xNumberOfSuccessfulFrees
                0x2000f280        0x4 ./output/heap_4.o

.bss.ucMaxSysCallPriority
                0x2000f284        0x1
 .bss.ucMaxSysCallPriority
                0x2000f284        0x1 ./output/port.o

.bss.ulMaxPRIGROUPValue
                0x2000f288        0x4
 .bss.ulMaxPRIGROUPValue
                0x2000f288        0x4 ./output/port.o

.bss.xNormallyEmptyQueue
                0x2000f28c        0x4
 .bss.xNormallyEmptyQueue
                0x2000f28c        0x4 ./output/IntQueue.o

.bss.xNormallyFullQueue
                0x2000f290        0x4
 .bss.xNormallyFullQueue
                0x2000f290        0x4 ./output/IntQueue.o

.bss.xErrorLine
                0x2000f294        0x4
 .bss.xErrorLine
                0x2000f294        0x4 ./output/IntQueue.o

.bss.uxValueForNormallyEmptyQueue
                0x2000f298        0x4
 .bss.uxValueForNormallyEmptyQueue
                0x2000f298        0x4 ./output/IntQueue.o

.bss.uxValueForNormallyFullQueue
                0x2000f29c        0x4
 .bss.uxValueForNormallyFullQueue
                0x2000f29c        0x4 ./output/IntQueue.o

.bss.ucNormallyEmptyReceivedValues
                0x2000f2a0       0xc8
 .bss.ucNormallyEmptyReceivedValues
                0x2000f2a0       0xc8 ./output/IntQueue.o

.bss.ucNormallyFullReceivedValues
                0x2000f368       0xc8
 .bss.ucNormallyFullReceivedValues
                0x2000f368       0xc8 ./output/IntQueue.o

.bss.uxNextOperation.5
                0x2000f430        0x4
 .bss.uxNextOperation.5
                0x2000f430        0x4 ./output/IntQueue.o

.bss.uxNextOperation.4
                0x2000f434        0x4
 .bss.uxNextOperation.4
                0x2000f434        0x4 ./output/IntQueue.o

.bss.ulNest     0x2000f438        0x4
 .bss.ulNest    0x2000f438        0x4 ./output/IntQueueTimer.o
                0x2000f438                ulNest

.bss.ulNestCount
                0x2000f43c        0x4
 .bss.ulNestCount
                0x2000f43c        0x4 ./output/IntQueueTimer.o
                0x2000f43c                ulNestCount

.bss.xHandle_1  0x2000f440        0x4
 .bss.xHandle_1
                0x2000f440        0x4 ./output/main.o
                0x2000f440                xHandle_1

.bss.xHandle_2  0x2000f444        0x4
 .bss.xHandle_2
                0x2000f444        0x4 ./output/main.o
                0x2000f444                xHandle_2

.bss.xHandle_3  0x2000f448        0x4
 .bss.xHandle_3
                0x2000f448        0x4 ./output/main.o
                0x2000f448                xHandle_3

.bss.r0         0x2000f44c        0x4
 .bss.r0        0x2000f44c        0x4 ./output/startup_gcc.o
                0x2000f44c                r0

.bss.r1         0x2000f450        0x4
 .bss.r1        0x2000f450        0x4 ./output/startup_gcc.o
                0x2000f450                r1

.bss.r2         0x2000f454        0x4
 .bss.r2        0x2000f454        0x4 ./output/startup_gcc.o
                0x2000f454                r2

.bss.r3         0x2000f458        0x4
 .bss.r3        0x2000f458        0x4 ./output/startup_gcc.o
                0x2000f458                r3

.bss.r12        0x2000f45c        0x4
 .bss.r12       0x2000f45c        0x4 ./output/startup_gcc.o
                0x2000f45c                r12

.bss.lr         0x2000f460        0x4
 .bss.lr        0x2000f460        0x4 ./output/startup_gcc.o
                0x2000f460                lr

.bss.pc         0x2000f464        0x4
 .bss.pc        0x2000f464        0x4 ./output/startup_gcc.o
                0x2000f464                pc

.bss.psr        0x2000f468        0x4
 .bss.psr       0x2000f468        0x4 ./output/startup_gcc.o
                0x2000f468                psr

.bss.__lock___malloc_recursive_mutex
                0x2000f46c        0x1
 .bss.__lock___malloc_recursive_mutex
                0x2000f46c        0x1 c:/program files (x86)/gnu arm embedded toolchain/10 2021.10/bin/../lib/gcc/arm-none-eabi/10.3.1/../../../../arm-none-eabi/lib/thumb/v7-m/nofp\libg_nano.a(lib_a-lock.o)
                0x2000f46c                __lock___malloc_recursive_mutex

.bss.__lock___sfp_recursive_mutex
                0x2000f46d        0x1
 .bss.__lock___sfp_recursive_mutex
                0x2000f46d        0x1 c:/program files (x86)/gnu arm embedded toolchain/10 2021.10/bin/../lib/gcc/arm-none-eabi/10.3.1/../../../../arm-none-eabi/lib/thumb/v7-m/nofp\libg_nano.a(lib_a-lock.o)
                0x2000f46d                __lock___sfp_recursive_mutex

.bss.__lock___sinit_recursive_mutex
                0x2000f46e        0x1
 .bss.__lock___sinit_recursive_mutex
                0x2000f46e        0x1 c:/program files (x86)/gnu arm embedded toolchain/10 2021.10/bin/../lib/gcc/arm-none-eabi/10.3.1/../../../../arm-none-eabi/lib/thumb/v7-m/nofp\libg_nano.a(lib_a-lock.o)
                0x2000f46e                __lock___sinit_recursive_mutex

.bss.__malloc_free_list
                0x2000f470        0x4
 .bss.__malloc_free_list
                0x2000f470        0x4 c:/program files (x86)/gnu arm embedded toolchain/10 2021.10/bin/../lib/gcc/arm-none-eabi/10.3.1/../../../../arm-none-eabi/lib/thumb/v7-m/nofp\libg_nano.a(lib_a-nano-mallocr.o)
                0x2000f470                __malloc_free_list

.bss.__malloc_sbrk_start
                0x2000f474        0x4
 .bss.__malloc_sbrk_start
                0x2000f474        0x4 c:/program files (x86)/gnu arm embedded toolchain/10 2021.10/bin/../lib/gcc/arm-none-eabi/10.3.1/../../../../arm-none-eabi/lib/thumb/v7-m/nofp\libg_nano.a(lib_a-nano-mallocr.o)
                0x2000f474                __malloc_sbrk_start

.bss.errno      0x2000f478        0x4
 .bss.errno     0x2000f478        0x4 c:/program files (x86)/gnu arm embedded toolchain/10 2021.10/bin/../lib/gcc/arm-none-eabi/10.3.1/../../../../arm-none-eabi/lib/thumb/v7-m/nofp\libg_nano.a(lib_a-reent.o)
                0x2000f478                errno

.bss.heap_end.0
                0x2000f47c        0x4
 .bss.heap_end.0
                0x2000f47c        0x4 c:/program files (x86)/gnu arm embedded toolchain/10 2021.10/bin/../lib/gcc/arm-none-eabi/10.3.1/../../../../arm-none-eabi/lib/thumb/v7-m/nofp\librdimon_nano.a(rdimon-syscalls.o)

.bss.openfiles  0x2000f480       0xa0
 .bss.openfiles
                0x2000f480       0xa0 c:/program files (x86)/gnu arm embedded toolchain/10 2021.10/bin/../lib/gcc/arm-none-eabi/10.3.1/../../../../arm-none-eabi/lib/thumb/v7-m/nofp\librdimon_nano.a(rdimon-syscalls.o)

.heap           0x2000f520      0x408
                0x2000f520                . = ALIGN (0x8)
                0x2000f520                PROVIDE (end = .)
                [!provide]                PROVIDE (_end = .)
                0x2000f520                _heap_bottom = .
                0x2000f528                . = (. + _Min_Heap_Size)
 *fill*         0x2000f520        0x8 
                0x2000f528                _heap_top = .
                0x2000f928                . = (. + _Min_Stack_Size)
 *fill*         0x2000f528      0x400 
                0x2000f928                . = ALIGN (0x8)
                0x20400000                __StackTop = (ORIGIN (RAM) + LENGTH (RAM))
                0x203ffc00                __StackLimit = (__StackTop - _Min_Stack_Size)
                [!provide]                PROVIDE (__stack = __StackTop)
                0x00000001                ASSERT ((__StackLimit >= _heap_top), region RAM overflowed with stack)
START GROUP
LOAD c:/program files (x86)/gnu arm embedded toolchain/10 2021.10/bin/../lib/gcc/arm-none-eabi/10.3.1/thumb/v7-m/nofp\libgcc.a
LOAD c:/program files (x86)/gnu arm embedded toolchain/10 2021.10/bin/../lib/gcc/arm-none-eabi/10.3.1/../../../../arm-none-eabi/lib/thumb/v7-m/nofp\libg_nano.a
LOAD c:/program files (x86)/gnu arm embedded toolchain/10 2021.10/bin/../lib/gcc/arm-none-eabi/10.3.1/../../../../arm-none-eabi/lib/thumb/v7-m/nofp\libc_nano.a
END GROUP
START GROUP
LOAD c:/program files (x86)/gnu arm embedded toolchain/10 2021.10/bin/../lib/gcc/arm-none-eabi/10.3.1/thumb/v7-m/nofp\libgcc.a
LOAD c:/program files (x86)/gnu arm embedded toolchain/10 2021.10/bin/../lib/gcc/arm-none-eabi/10.3.1/../../../../arm-none-eabi/lib/thumb/v7-m/nofp\libc_nano.a
LOAD c:/program files (x86)/gnu arm embedded toolchain/10 2021.10/bin/../lib/gcc/arm-none-eabi/10.3.1/../../../../arm-none-eabi/lib/thumb/v7-m/nofp\librdimon_nano.a
LOAD c:/program files (x86)/gnu arm embedded toolchain/10 2021.10/bin/../lib/gcc/arm-none-eabi/10.3.1/../../../../arm-none-eabi/lib/thumb/v7-m/nofp\libnosys.a
END GROUP
START GROUP
LOAD c:/program files (x86)/gnu arm embedded toolchain/10 2021.10/bin/../lib/gcc/arm-none-eabi/10.3.1/thumb/v7-m/nofp\libgcc.a
LOAD c:/program files (x86)/gnu arm embedded toolchain/10 2021.10/bin/../lib/gcc/arm-none-eabi/10.3.1/../../../../arm-none-eabi/lib/thumb/v7-m/nofp\libc_nano.a
LOAD c:/program files (x86)/gnu arm embedded toolchain/10 2021.10/bin/../lib/gcc/arm-none-eabi/10.3.1/../../../../arm-none-eabi/lib/thumb/v7-m/nofp\libnosys.a
END GROUP
START GROUP
LOAD c:/program files (x86)/gnu arm embedded toolchain/10 2021.10/bin/../lib/gcc/arm-none-eabi/10.3.1/thumb/v7-m/nofp\libgcc.a
LOAD c:/program files (x86)/gnu arm embedded toolchain/10 2021.10/bin/../lib/gcc/arm-none-eabi/10.3.1/../../../../arm-none-eabi/lib/thumb/v7-m/nofp\libc_nano.a
LOAD c:/program files (x86)/gnu arm embedded toolchain/10 2021.10/bin/../lib/gcc/arm-none-eabi/10.3.1/../../../../arm-none-eabi/lib/thumb/v7-m/nofp\librdimon_nano.a
END GROUP
OUTPUT(./output/RTOSDemo.out elf32-littlearm)
LOAD linker stubs

.debug_info     0x00000000     0x6f47
 .debug_info    0x00000000     0x1fd1 ./output/tasks.o
 .debug_info    0x00001fd1      0x2c5 ./output/list.o
 .debug_info    0x00002296     0x14ce ./output/queue.o
 .debug_info    0x00003764      0xc25 ./output/timers.o
 .debug_info    0x00004389      0x463 ./output/heap_4.o
 .debug_info    0x000047ec      0x3b3 ./output/port.o
 .debug_info    0x00004b9f      0x903 ./output/IntQueue.o
 .debug_info    0x000054a2      0x5c9 ./output/IntQueueTimer.o
 .debug_info    0x00005a6b      0x656 ./output/main.o
 .debug_info    0x000060c1      0xa3d ./output/startup_gcc.o
 .debug_info    0x00006afe      0x449 ./output/printf-stdarg.o

.debug_abbrev   0x00000000     0x1533
 .debug_abbrev  0x00000000      0x32c ./output/tasks.o
 .debug_abbrev  0x0000032c       0xf2 ./output/list.o
 .debug_abbrev  0x0000041e      0x22b ./output/queue.o
 .debug_abbrev  0x00000649      0x1dc ./output/timers.o
 .debug_abbrev  0x00000825      0x193 ./output/heap_4.o
 .debug_abbrev  0x000009b8      0x207 ./output/port.o
 .debug_abbrev  0x00000bbf      0x206 ./output/IntQueue.o
 .debug_abbrev  0x00000dc5      0x1b4 ./output/IntQueueTimer.o
 .debug_abbrev  0x00000f79      0x213 ./output/main.o
 .debug_abbrev  0x0000118c      0x244 ./output/startup_gcc.o
 .debug_abbrev  0x000013d0      0x163 ./output/printf-stdarg.o

.debug_aranges  0x00000000      0x728
 .debug_aranges
                0x00000000      0x1f8 ./output/tasks.o
 .debug_aranges
                0x000001f8       0x40 ./output/list.o
 .debug_aranges
                0x00000238      0x158 ./output/queue.o
 .debug_aranges
                0x00000390       0xe8 ./output/timers.o
 .debug_aranges
                0x00000478       0x60 ./output/heap_4.o
 .debug_aranges
                0x000004d8       0x78 ./output/port.o
 .debug_aranges
                0x00000550       0x78 ./output/IntQueue.o
 .debug_aranges
                0x000005c8       0x40 ./output/IntQueueTimer.o
 .debug_aranges
                0x00000608       0x90 ./output/main.o
 .debug_aranges
                0x00000698       0x38 ./output/startup_gcc.o
 .debug_aranges
                0x000006d0       0x58 ./output/printf-stdarg.o

.debug_ranges   0x00000000      0x6d8
 .debug_ranges  0x00000000      0x248 ./output/tasks.o
 .debug_ranges  0x00000248       0x30 ./output/list.o
 .debug_ranges  0x00000278      0x148 ./output/queue.o
 .debug_ranges  0x000003c0       0xd8 ./output/timers.o
 .debug_ranges  0x00000498       0x50 ./output/heap_4.o
 .debug_ranges  0x000004e8       0x68 ./output/port.o
 .debug_ranges  0x00000550       0x68 ./output/IntQueue.o
 .debug_ranges  0x000005b8       0x30 ./output/IntQueueTimer.o
 .debug_ranges  0x000005e8       0x80 ./output/main.o
 .debug_ranges  0x00000668       0x28 ./output/startup_gcc.o
 .debug_ranges  0x00000690       0x48 ./output/printf-stdarg.o

.debug_macro    0x00000000     0x5760
 .debug_macro   0x00000000      0x30d ./output/tasks.o
 .debug_macro   0x0000030d      0xa5a ./output/tasks.o
 .debug_macro   0x00000d67       0x18 ./output/tasks.o
 .debug_macro   0x00000d7f       0x22 ./output/tasks.o
 .debug_macro   0x00000da1       0x5e ./output/tasks.o
 .debug_macro   0x00000dff       0x94 ./output/tasks.o
 .debug_macro   0x00000e93       0x35 ./output/tasks.o
 .debug_macro   0x00000ec8       0x34 ./output/tasks.o
 .debug_macro   0x00000efc       0x16 ./output/tasks.o
 .debug_macro   0x00000f12      0x10e ./output/tasks.o
 .debug_macro   0x00001020       0x8d ./output/tasks.o
 .debug_macro   0x000010ad       0x16 ./output/tasks.o
 .debug_macro   0x000010c3       0x43 ./output/tasks.o
 .debug_macro   0x00001106       0x57 ./output/tasks.o
 .debug_macro   0x0000115d       0x34 ./output/tasks.o
 .debug_macro   0x00001191       0x10 ./output/tasks.o
 .debug_macro   0x000011a1       0x58 ./output/tasks.o
 .debug_macro   0x000011f9      0x182 ./output/tasks.o
 .debug_macro   0x0000137b      0x341 ./output/tasks.o
 .debug_macro   0x000016bc       0x16 ./output/tasks.o
 .debug_macro   0x000016d2       0x29 ./output/tasks.o
 .debug_macro   0x000016fb       0x16 ./output/tasks.o
 .debug_macro   0x00001711       0x35 ./output/tasks.o
 .debug_macro   0x00001746       0x16 ./output/tasks.o
 .debug_macro   0x0000175c       0x10 ./output/tasks.o
 .debug_macro   0x0000176c       0x10 ./output/tasks.o
 .debug_macro   0x0000177c       0x10 ./output/tasks.o
 .debug_macro   0x0000178c       0x6a ./output/tasks.o
 .debug_macro   0x000017f6       0x1c ./output/tasks.o
 .debug_macro   0x00001812       0x52 ./output/tasks.o
 .debug_macro   0x00001864       0x22 ./output/tasks.o
 .debug_macro   0x00001886       0x10 ./output/tasks.o
 .debug_macro   0x00001896       0x52 ./output/tasks.o
 .debug_macro   0x000018e8       0xd5 ./output/tasks.o
 .debug_macro   0x000019bd       0x1c ./output/tasks.o
 .debug_macro   0x000019d9       0x3d ./output/tasks.o
 .debug_macro   0x00001a16       0x35 ./output/tasks.o
 .debug_macro   0x00001a4b      0x34e ./output/tasks.o
 .debug_macro   0x00001d99      0x155 ./output/tasks.o
 .debug_macro   0x00001eee      0x15a ./output/tasks.o
 .debug_macro   0x00002048       0xe4 ./output/tasks.o
 .debug_macro   0x0000212c       0x28 ./output/tasks.o
 .debug_macro   0x00002154       0x1f ./output/tasks.o
 .debug_macro   0x00002173       0x12 ./output/tasks.o
 .debug_macro   0x00002185      0x4cb ./output/tasks.o
 .debug_macro   0x00002650       0xc3 ./output/tasks.o
 .debug_macro   0x00002713      0x120 ./output/tasks.o
 .debug_macro   0x00002833       0x91 ./output/tasks.o
 .debug_macro   0x000028c4       0x16 ./output/tasks.o
 .debug_macro   0x000028da      0x171 ./output/list.o
 .debug_macro   0x00002a4b      0x203 ./output/queue.o
 .debug_macro   0x00002c4e       0x80 ./output/queue.o
 .debug_macro   0x00002cce      0x1c0 ./output/timers.o
 .debug_macro   0x00002e8e       0x97 ./output/timers.o
 .debug_macro   0x00002f25      0x1ed ./output/heap_4.o
 .debug_macro   0x00003112      0x144 ./output/port.o
 .debug_macro   0x00003256      0x1fa ./output/IntQueue.o
 .debug_macro   0x00003450       0xfc ./output/IntQueueTimer.o
 .debug_macro   0x0000354c       0x22 ./output/IntQueueTimer.o
 .debug_macro   0x0000356e       0x1c ./output/IntQueueTimer.o
 .debug_macro   0x0000358a       0x22 ./output/IntQueueTimer.o
 .debug_macro   0x000035ac       0xd6 ./output/IntQueueTimer.o
 .debug_macro   0x00003682      0xe2d ./output/IntQueueTimer.o
 .debug_macro   0x000044af      0x11f ./output/IntQueueTimer.o
 .debug_macro   0x000045ce      0x7b3 ./output/IntQueueTimer.o
 .debug_macro   0x00004d81      0x4a6 ./output/IntQueueTimer.o
 .debug_macro   0x00005227      0x2e8 ./output/main.o
 .debug_macro   0x0000550f      0x1bb ./output/startup_gcc.o
 .debug_macro   0x000056ca       0x3e ./output/printf-stdarg.o
 .debug_macro   0x00005708       0x58 ./output/printf-stdarg.o

.debug_line     0x00000000     0x6093
 .debug_line    0x00000000     0x1957 ./output/tasks.o
 .debug_line    0x00001957      0x4a6 ./output/list.o
 .debug_line    0x00001dfd     0x12d6 ./output/queue.o
 .debug_line    0x000030d3      0x94d ./output/timers.o
 .debug_line    0x00003a20      0x6f7 ./output/heap_4.o
 .debug_line    0x00004117      0x41b ./output/port.o
 .debug_line    0x00004532      0x95b ./output/IntQueue.o
 .debug_line    0x00004e8d      0x39a ./output/IntQueueTimer.o
 .debug_line    0x00005227      0x6b8 ./output/main.o
 .debug_line    0x000058df      0x39a ./output/startup_gcc.o
 .debug_line    0x00005c79      0x41a ./output/printf-stdarg.o

.debug_str      0x00000000    0x1e1f7
 .debug_str     0x00000000     0xe1cf ./output/tasks.o
                               0xe4ee (size before relaxing)
 .debug_str     0x0000e1cf      0x110 ./output/list.o
                               0xa53b (size before relaxing)
 .debug_str     0x0000e2df     0x11f4 ./output/queue.o
                               0xcadf (size before relaxing)
 .debug_str     0x0000f4d3      0x5da ./output/timers.o
                               0xcc9b (size before relaxing)
 .debug_str     0x0000faad      0x5d6 ./output/heap_4.o
                               0xbc96 (size before relaxing)
 .debug_str     0x00010083      0x778 ./output/port.o
                               0x91e8 (size before relaxing)
 .debug_str     0x000107fb      0xb14 ./output/IntQueue.o
                               0xc89d (size before relaxing)
 .debug_str     0x0001130f     0xb49c ./output/IntQueueTimer.o
                              0x12186 (size before relaxing)
 .debug_str     0x0001c7ab     0x13a1 ./output/main.o
                               0xe417 (size before relaxing)
 .debug_str     0x0001db4c      0x4c8 ./output/startup_gcc.o
                               0x7c3d (size before relaxing)
 .debug_str     0x0001e014      0x1e3 ./output/printf-stdarg.o
                               0x2f28 (size before relaxing)

.comment        0x00000000       0x49
 .comment       0x00000000       0x49 ./output/tasks.o
                                 0x4a (size before relaxing)
 .comment       0x00000049       0x4a ./output/list.o
 .comment       0x00000049       0x4a ./output/queue.o
 .comment       0x00000049       0x4a ./output/timers.o
 .comment       0x00000049       0x4a ./output/heap_4.o
 .comment       0x00000049       0x4a ./output/port.o
 .comment       0x00000049       0x4a ./output/IntQueue.o
 .comment       0x00000049       0x4a ./output/IntQueueTimer.o
 .comment       0x00000049       0x4a ./output/main.o
 .comment       0x00000049       0x4a ./output/startup_gcc.o
 .comment       0x00000049       0x4a ./output/printf-stdarg.o

.ARM.attributes
                0x00000000       0x2b
 .ARM.attributes
                0x00000000       0x2d ./output/tasks.o
 .ARM.attributes
                0x0000002d       0x2d ./output/list.o
 .ARM.attributes
                0x0000005a       0x2d ./output/queue.o
 .ARM.attributes
                0x00000087       0x2d ./output/timers.o
 .ARM.attributes
                0x000000b4       0x2d ./output/heap_4.o
 .ARM.attributes
                0x000000e1       0x2d ./output/port.o
 .ARM.attributes
                0x0000010e       0x2d ./output/IntQueue.o
 .ARM.attributes
                0x0000013b       0x2d ./output/IntQueueTimer.o
 .ARM.attributes
                0x00000168       0x2d ./output/main.o
 .ARM.attributes
                0x00000195       0x2d ./output/startup_gcc.o
 .ARM.attributes
                0x000001c2       0x2d ./output/printf-stdarg.o
 .ARM.attributes
                0x000001ef       0x2d c:/program files (x86)/gnu arm embedded toolchain/10 2021.10/bin/../lib/gcc/arm-none-eabi/10.3.1/../../../../arm-none-eabi/lib/thumb/v7-m/nofp\libg_nano.a(lib_a-fflush.o)
 .ARM.attributes
                0x0000021c       0x2d c:/program files (x86)/gnu arm embedded toolchain/10 2021.10/bin/../lib/gcc/arm-none-eabi/10.3.1/../../../../arm-none-eabi/lib/thumb/v7-m/nofp\libg_nano.a(lib_a-findfp.o)
 .ARM.attributes
                0x00000249       0x2d c:/program files (x86)/gnu arm embedded toolchain/10 2021.10/bin/../lib/gcc/arm-none-eabi/10.3.1/../../../../arm-none-eabi/lib/thumb/v7-m/nofp\libg_nano.a(lib_a-fwalk.o)
 .ARM.attributes
                0x00000276       0x2d c:/program files (x86)/gnu arm embedded toolchain/10 2021.10/bin/../lib/gcc/arm-none-eabi/10.3.1/../../../../arm-none-eabi/lib/thumb/v7-m/nofp\libg_nano.a(lib_a-impure.o)
 .ARM.attributes
                0x000002a3       0x2d c:/program files (x86)/gnu arm embedded toolchain/10 2021.10/bin/../lib/gcc/arm-none-eabi/10.3.1/../../../../arm-none-eabi/lib/thumb/v7-m/nofp\libg_nano.a(lib_a-lock.o)
 .ARM.attributes
                0x000002d0       0x2d c:/program files (x86)/gnu arm embedded toolchain/10 2021.10/bin/../lib/gcc/arm-none-eabi/10.3.1/../../../../arm-none-eabi/lib/thumb/v7-m/nofp\libg_nano.a(lib_a-memcpy-stub.o)
 .ARM.attributes
                0x000002fd       0x2d c:/program files (x86)/gnu arm embedded toolchain/10 2021.10/bin/../lib/gcc/arm-none-eabi/10.3.1/../../../../arm-none-eabi/lib/thumb/v7-m/nofp\libg_nano.a(lib_a-memset.o)
 .ARM.attributes
                0x0000032a       0x2d c:/program files (x86)/gnu arm embedded toolchain/10 2021.10/bin/../lib/gcc/arm-none-eabi/10.3.1/../../../../arm-none-eabi/lib/thumb/v7-m/nofp\libg_nano.a(lib_a-nano-freer.o)
 .ARM.attributes
                0x00000357       0x2d c:/program files (x86)/gnu arm embedded toolchain/10 2021.10/bin/../lib/gcc/arm-none-eabi/10.3.1/../../../../arm-none-eabi/lib/thumb/v7-m/nofp\libg_nano.a(lib_a-nano-mallocr.o)
 .ARM.attributes
                0x00000384       0x2d c:/program files (x86)/gnu arm embedded toolchain/10 2021.10/bin/../lib/gcc/arm-none-eabi/10.3.1/../../../../arm-none-eabi/lib/thumb/v7-m/nofp\libg_nano.a(lib_a-rand.o)
 .ARM.attributes
                0x000003b1       0x2d c:/program files (x86)/gnu arm embedded toolchain/10 2021.10/bin/../lib/gcc/arm-none-eabi/10.3.1/../../../../arm-none-eabi/lib/thumb/v7-m/nofp\libg_nano.a(lib_a-sbrkr.o)
 .ARM.attributes
                0x000003de       0x2d c:/program files (x86)/gnu arm embedded toolchain/10 2021.10/bin/../lib/gcc/arm-none-eabi/10.3.1/../../../../arm-none-eabi/lib/thumb/v7-m/nofp\libg_nano.a(lib_a-stdio.o)
 .ARM.attributes
                0x0000040b       0x17 c:/program files (x86)/gnu arm embedded toolchain/10 2021.10/bin/../lib/gcc/arm-none-eabi/10.3.1/../../../../arm-none-eabi/lib/thumb/v7-m/nofp\libg_nano.a(lib_a-strlen.o)
 .ARM.attributes
                0x00000422       0x2d c:/program files (x86)/gnu arm embedded toolchain/10 2021.10/bin/../lib/gcc/arm-none-eabi/10.3.1/../../../../arm-none-eabi/lib/thumb/v7-m/nofp\libg_nano.a(lib_a-writer.o)
 .ARM.attributes
                0x0000044f       0x2d c:/program files (x86)/gnu arm embedded toolchain/10 2021.10/bin/../lib/gcc/arm-none-eabi/10.3.1/../../../../arm-none-eabi/lib/thumb/v7-m/nofp\libg_nano.a(lib_a-assert.o)
 .ARM.attributes
                0x0000047c       0x2d c:/program files (x86)/gnu arm embedded toolchain/10 2021.10/bin/../lib/gcc/arm-none-eabi/10.3.1/../../../../arm-none-eabi/lib/thumb/v7-m/nofp\libg_nano.a(lib_a-closer.o)
 .ARM.attributes
                0x000004a9       0x2d c:/program files (x86)/gnu arm embedded toolchain/10 2021.10/bin/../lib/gcc/arm-none-eabi/10.3.1/../../../../arm-none-eabi/lib/thumb/v7-m/nofp\libg_nano.a(lib_a-fprintf.o)
 .ARM.attributes
                0x000004d6       0x2d c:/program files (x86)/gnu arm embedded toolchain/10 2021.10/bin/../lib/gcc/arm-none-eabi/10.3.1/../../../../arm-none-eabi/lib/thumb/v7-m/nofp\libg_nano.a(lib_a-lseekr.o)
 .ARM.attributes
                0x00000503       0x2d c:/program files (x86)/gnu arm embedded toolchain/10 2021.10/bin/../lib/gcc/arm-none-eabi/10.3.1/../../../../arm-none-eabi/lib/thumb/v7-m/nofp\libg_nano.a(lib_a-mlock.o)
 .ARM.attributes
                0x00000530       0x2d c:/program files (x86)/gnu arm embedded toolchain/10 2021.10/bin/../lib/gcc/arm-none-eabi/10.3.1/../../../../arm-none-eabi/lib/thumb/v7-m/nofp\libg_nano.a(lib_a-nano-vfprintf.o)
 .ARM.attributes
                0x0000055d       0x2d c:/program files (x86)/gnu arm embedded toolchain/10 2021.10/bin/../lib/gcc/arm-none-eabi/10.3.1/../../../../arm-none-eabi/lib/thumb/v7-m/nofp\libg_nano.a(lib_a-nano-vfprintf_i.o)
 .ARM.attributes
                0x0000058a       0x2d c:/program files (x86)/gnu arm embedded toolchain/10 2021.10/bin/../lib/gcc/arm-none-eabi/10.3.1/../../../../arm-none-eabi/lib/thumb/v7-m/nofp\libg_nano.a(lib_a-readr.o)
 .ARM.attributes
                0x000005b7       0x2d c:/program files (x86)/gnu arm embedded toolchain/10 2021.10/bin/../lib/gcc/arm-none-eabi/10.3.1/../../../../arm-none-eabi/lib/thumb/v7-m/nofp\libg_nano.a(lib_a-reent.o)
 .ARM.attributes
                0x000005e4       0x2d c:/program files (x86)/gnu arm embedded toolchain/10 2021.10/bin/../lib/gcc/arm-none-eabi/10.3.1/../../../../arm-none-eabi/lib/thumb/v7-m/nofp\libg_nano.a(lib_a-wbuf.o)
 .ARM.attributes
                0x00000611       0x2d c:/program files (x86)/gnu arm embedded toolchain/10 2021.10/bin/../lib/gcc/arm-none-eabi/10.3.1/../../../../arm-none-eabi/lib/thumb/v7-m/nofp\libg_nano.a(lib_a-wsetup.o)
 .ARM.attributes
                0x0000063e       0x2d c:/program files (x86)/gnu arm embedded toolchain/10 2021.10/bin/../lib/gcc/arm-none-eabi/10.3.1/../../../../arm-none-eabi/lib/thumb/v7-m/nofp\libg_nano.a(lib_a-abort.o)
 .ARM.attributes
                0x0000066b       0x2d c:/program files (x86)/gnu arm embedded toolchain/10 2021.10/bin/../lib/gcc/arm-none-eabi/10.3.1/../../../../arm-none-eabi/lib/thumb/v7-m/nofp\libg_nano.a(lib_a-makebuf.o)
 .ARM.attributes
                0x00000698       0x2d c:/program files (x86)/gnu arm embedded toolchain/10 2021.10/bin/../lib/gcc/arm-none-eabi/10.3.1/../../../../arm-none-eabi/lib/thumb/v7-m/nofp\libg_nano.a(lib_a-memchr-stub.o)
 .ARM.attributes
                0x000006c5       0x2d c:/program files (x86)/gnu arm embedded toolchain/10 2021.10/bin/../lib/gcc/arm-none-eabi/10.3.1/../../../../arm-none-eabi/lib/thumb/v7-m/nofp\libg_nano.a(lib_a-signal.o)
 .ARM.attributes
                0x000006f2       0x2d c:/program files (x86)/gnu arm embedded toolchain/10 2021.10/bin/../lib/gcc/arm-none-eabi/10.3.1/../../../../arm-none-eabi/lib/thumb/v7-m/nofp\libg_nano.a(lib_a-signalr.o)
 .ARM.attributes
                0x0000071f       0x2d c:/program files (x86)/gnu arm embedded toolchain/10 2021.10/bin/../lib/gcc/arm-none-eabi/10.3.1/../../../../arm-none-eabi/lib/thumb/v7-m/nofp\libg_nano.a(lib_a-fstatr.o)
 .ARM.attributes
                0x0000074c       0x2d c:/program files (x86)/gnu arm embedded toolchain/10 2021.10/bin/../lib/gcc/arm-none-eabi/10.3.1/../../../../arm-none-eabi/lib/thumb/v7-m/nofp\libg_nano.a(lib_a-isattyr.o)
 .ARM.attributes
                0x00000779       0x2d c:/program files (x86)/gnu arm embedded toolchain/10 2021.10/bin/../lib/gcc/arm-none-eabi/10.3.1/../../../../arm-none-eabi/lib/thumb/v7-m/nofp\librdimon_nano.a(rdimon-syscalls.o)
 .ARM.attributes
                0x000007a6       0x2d c:/program files (x86)/gnu arm embedded toolchain/10 2021.10/bin/../lib/gcc/arm-none-eabi/10.3.1/../../../../arm-none-eabi/lib/thumb/v7-m/nofp\librdimon_nano.a(rdimon-_exit.o)
 .ARM.attributes
                0x000007d3       0x2d c:/program files (x86)/gnu arm embedded toolchain/10 2021.10/bin/../lib/gcc/arm-none-eabi/10.3.1/../../../../arm-none-eabi/lib/thumb/v7-m/nofp\librdimon_nano.a(rdimon-_kill.o)
 .ARM.attributes
                0x00000800       0x2d c:/program files (x86)/gnu arm embedded toolchain/10 2021.10/bin/../lib/gcc/arm-none-eabi/10.3.1/../../../../arm-none-eabi/lib/thumb/v7-m/nofp\libc_nano.a(lib_a-errno.o)

.debug_frame    0x00000000     0x29e8
 .debug_frame   0x00000000      0x888 ./output/tasks.o
 .debug_frame   0x00000888       0xd8 ./output/list.o
 .debug_frame   0x00000960      0x5c0 ./output/queue.o
 .debug_frame   0x00000f20      0x3a8 ./output/timers.o
 .debug_frame   0x000012c8      0x150 ./output/heap_4.o
 .debug_frame   0x00001418      0x17c ./output/port.o
 .debug_frame   0x00001594      0x1ac ./output/IntQueue.o
 .debug_frame   0x00001740       0xb4 ./output/IntQueueTimer.o
 .debug_frame   0x000017f4      0x204 ./output/main.o
 .debug_frame   0x000019f8       0x6c ./output/startup_gcc.o
 .debug_frame   0x00001a64      0x194 ./output/printf-stdarg.o
 .debug_frame   0x00001bf8       0x5c c:/program files (x86)/gnu arm embedded toolchain/10 2021.10/bin/../lib/gcc/arm-none-eabi/10.3.1/../../../../arm-none-eabi/lib/thumb/v7-m/nofp\libg_nano.a(lib_a-fflush.o)
 .debug_frame   0x00001c54      0x14c c:/program files (x86)/gnu arm embedded toolchain/10 2021.10/bin/../lib/gcc/arm-none-eabi/10.3.1/../../../../arm-none-eabi/lib/thumb/v7-m/nofp\libg_nano.a(lib_a-findfp.o)
 .debug_frame   0x00001da0       0x54 c:/program files (x86)/gnu arm embedded toolchain/10 2021.10/bin/../lib/gcc/arm-none-eabi/10.3.1/../../../../arm-none-eabi/lib/thumb/v7-m/nofp\libg_nano.a(lib_a-fwalk.o)
 .debug_frame   0x00001df4       0xb0 c:/program files (x86)/gnu arm embedded toolchain/10 2021.10/bin/../lib/gcc/arm-none-eabi/10.3.1/../../../../arm-none-eabi/lib/thumb/v7-m/nofp\libg_nano.a(lib_a-lock.o)
 .debug_frame   0x00001ea4       0x28 c:/program files (x86)/gnu arm embedded toolchain/10 2021.10/bin/../lib/gcc/arm-none-eabi/10.3.1/../../../../arm-none-eabi/lib/thumb/v7-m/nofp\libg_nano.a(lib_a-memcpy-stub.o)
 .debug_frame   0x00001ecc       0x20 c:/program files (x86)/gnu arm embedded toolchain/10 2021.10/bin/../lib/gcc/arm-none-eabi/10.3.1/../../../../arm-none-eabi/lib/thumb/v7-m/nofp\libg_nano.a(lib_a-memset.o)
 .debug_frame   0x00001eec       0x38 c:/program files (x86)/gnu arm embedded toolchain/10 2021.10/bin/../lib/gcc/arm-none-eabi/10.3.1/../../../../arm-none-eabi/lib/thumb/v7-m/nofp\libg_nano.a(lib_a-nano-freer.o)
 .debug_frame   0x00001f24       0x4c c:/program files (x86)/gnu arm embedded toolchain/10 2021.10/bin/../lib/gcc/arm-none-eabi/10.3.1/../../../../arm-none-eabi/lib/thumb/v7-m/nofp\libg_nano.a(lib_a-nano-mallocr.o)
 .debug_frame   0x00001f70       0x44 c:/program files (x86)/gnu arm embedded toolchain/10 2021.10/bin/../lib/gcc/arm-none-eabi/10.3.1/../../../../arm-none-eabi/lib/thumb/v7-m/nofp\libg_nano.a(lib_a-rand.o)
 .debug_frame   0x00001fb4       0x2c c:/program files (x86)/gnu arm embedded toolchain/10 2021.10/bin/../lib/gcc/arm-none-eabi/10.3.1/../../../../arm-none-eabi/lib/thumb/v7-m/nofp\libg_nano.a(lib_a-sbrkr.o)
 .debug_frame   0x00001fe0       0x88 c:/program files (x86)/gnu arm embedded toolchain/10 2021.10/bin/../lib/gcc/arm-none-eabi/10.3.1/../../../../arm-none-eabi/lib/thumb/v7-m/nofp\libg_nano.a(lib_a-stdio.o)
 .debug_frame   0x00002068       0x2c c:/program files (x86)/gnu arm embedded toolchain/10 2021.10/bin/../lib/gcc/arm-none-eabi/10.3.1/../../../../arm-none-eabi/lib/thumb/v7-m/nofp\libg_nano.a(lib_a-writer.o)
 .debug_frame   0x00002094       0x40 c:/program files (x86)/gnu arm embedded toolchain/10 2021.10/bin/../lib/gcc/arm-none-eabi/10.3.1/../../../../arm-none-eabi/lib/thumb/v7-m/nofp\libg_nano.a(lib_a-assert.o)
 .debug_frame   0x000020d4       0x2c c:/program files (x86)/gnu arm embedded toolchain/10 2021.10/bin/../lib/gcc/arm-none-eabi/10.3.1/../../../../arm-none-eabi/lib/thumb/v7-m/nofp\libg_nano.a(lib_a-closer.o)
 .debug_frame   0x00002100       0x64 c:/program files (x86)/gnu arm embedded toolchain/10 2021.10/bin/../lib/gcc/arm-none-eabi/10.3.1/../../../../arm-none-eabi/lib/thumb/v7-m/nofp\libg_nano.a(lib_a-fprintf.o)
 .debug_frame   0x00002164       0x2c c:/program files (x86)/gnu arm embedded toolchain/10 2021.10/bin/../lib/gcc/arm-none-eabi/10.3.1/../../../../arm-none-eabi/lib/thumb/v7-m/nofp\libg_nano.a(lib_a-lseekr.o)
 .debug_frame   0x00002190       0x30 c:/program files (x86)/gnu arm embedded toolchain/10 2021.10/bin/../lib/gcc/arm-none-eabi/10.3.1/../../../../arm-none-eabi/lib/thumb/v7-m/nofp\libg_nano.a(lib_a-mlock.o)
 .debug_frame   0x000021c0       0xac c:/program files (x86)/gnu arm embedded toolchain/10 2021.10/bin/../lib/gcc/arm-none-eabi/10.3.1/../../../../arm-none-eabi/lib/thumb/v7-m/nofp\libg_nano.a(lib_a-nano-vfprintf.o)
 .debug_frame   0x0000226c       0x60 c:/program files (x86)/gnu arm embedded toolchain/10 2021.10/bin/../lib/gcc/arm-none-eabi/10.3.1/../../../../arm-none-eabi/lib/thumb/v7-m/nofp\libg_nano.a(lib_a-nano-vfprintf_i.o)
 .debug_frame   0x000022cc       0x2c c:/program files (x86)/gnu arm embedded toolchain/10 2021.10/bin/../lib/gcc/arm-none-eabi/10.3.1/../../../../arm-none-eabi/lib/thumb/v7-m/nofp\libg_nano.a(lib_a-readr.o)
 .debug_frame   0x000022f8       0x5c c:/program files (x86)/gnu arm embedded toolchain/10 2021.10/bin/../lib/gcc/arm-none-eabi/10.3.1/../../../../arm-none-eabi/lib/thumb/v7-m/nofp\libg_nano.a(lib_a-reent.o)
 .debug_frame   0x00002354       0x40 c:/program files (x86)/gnu arm embedded toolchain/10 2021.10/bin/../lib/gcc/arm-none-eabi/10.3.1/../../../../arm-none-eabi/lib/thumb/v7-m/nofp\libg_nano.a(lib_a-wbuf.o)
 .debug_frame   0x00002394       0x2c c:/program files (x86)/gnu arm embedded toolchain/10 2021.10/bin/../lib/gcc/arm-none-eabi/10.3.1/../../../../arm-none-eabi/lib/thumb/v7-m/nofp\libg_nano.a(lib_a-wsetup.o)
 .debug_frame   0x000023c0       0x28 c:/program files (x86)/gnu arm embedded toolchain/10 2021.10/bin/../lib/gcc/arm-none-eabi/10.3.1/../../../../arm-none-eabi/lib/thumb/v7-m/nofp\libg_nano.a(lib_a-abort.o)
 .debug_frame   0x000023e8       0x58 c:/program files (x86)/gnu arm embedded toolchain/10 2021.10/bin/../lib/gcc/arm-none-eabi/10.3.1/../../../../arm-none-eabi/lib/thumb/v7-m/nofp\libg_nano.a(lib_a-makebuf.o)
 .debug_frame   0x00002440       0x28 c:/program files (x86)/gnu arm embedded toolchain/10 2021.10/bin/../lib/gcc/arm-none-eabi/10.3.1/../../../../arm-none-eabi/lib/thumb/v7-m/nofp\libg_nano.a(lib_a-memchr-stub.o)
 .debug_frame   0x00002468       0xcc c:/program files (x86)/gnu arm embedded toolchain/10 2021.10/bin/../lib/gcc/arm-none-eabi/10.3.1/../../../../arm-none-eabi/lib/thumb/v7-m/nofp\libg_nano.a(lib_a-signal.o)
 .debug_frame   0x00002534       0x3c c:/program files (x86)/gnu arm embedded toolchain/10 2021.10/bin/../lib/gcc/arm-none-eabi/10.3.1/../../../../arm-none-eabi/lib/thumb/v7-m/nofp\libg_nano.a(lib_a-signalr.o)
 .debug_frame   0x00002570       0x2c c:/program files (x86)/gnu arm embedded toolchain/10 2021.10/bin/../lib/gcc/arm-none-eabi/10.3.1/../../../../arm-none-eabi/lib/thumb/v7-m/nofp\libg_nano.a(lib_a-fstatr.o)
 .debug_frame   0x0000259c       0x2c c:/program files (x86)/gnu arm embedded toolchain/10 2021.10/bin/../lib/gcc/arm-none-eabi/10.3.1/../../../../arm-none-eabi/lib/thumb/v7-m/nofp\libg_nano.a(lib_a-isattyr.o)
 .debug_frame   0x000025c8      0x398 c:/program files (x86)/gnu arm embedded toolchain/10 2021.10/bin/../lib/gcc/arm-none-eabi/10.3.1/../../../../arm-none-eabi/lib/thumb/v7-m/nofp\librdimon_nano.a(rdimon-syscalls.o)
 .debug_frame   0x00002960       0x28 c:/program files (x86)/gnu arm embedded toolchain/10 2021.10/bin/../lib/gcc/arm-none-eabi/10.3.1/../../../../arm-none-eabi/lib/thumb/v7-m/nofp\librdimon_nano.a(rdimon-_exit.o)
 .debug_frame   0x00002988       0x40 c:/program files (x86)/gnu arm embedded toolchain/10 2021.10/bin/../lib/gcc/arm-none-eabi/10.3.1/../../../../arm-none-eabi/lib/thumb/v7-m/nofp\librdimon_nano.a(rdimon-_kill.o)
 .debug_frame   0x000029c8       0x20 c:/program files (x86)/gnu arm embedded toolchain/10 2021.10/bin/../lib/gcc/arm-none-eabi/10.3.1/../../../../arm-none-eabi/lib/thumb/v7-m/nofp\libc_nano.a(lib_a-errno.o)
